Component: ARM Compiler 5.06 update 7 (build 960) Tool: armlink [4d3601]

==============================================================================

Section Cross References

    startup_stm32f10x_md.o(STACK) refers (Special) to heapauxi.o(.text) for __use_two_region_memory
    startup_stm32f10x_md.o(HEAP) refers (Special) to heapauxi.o(.text) for __use_two_region_memory
    startup_stm32f10x_md.o(RESET) refers (Special) to heapauxi.o(.text) for __use_two_region_memory
    startup_stm32f10x_md.o(RESET) refers to startup_stm32f10x_md.o(STACK) for __initial_sp
    startup_stm32f10x_md.o(RESET) refers to startup_stm32f10x_md.o(.text) for Reset_Handler
    startup_stm32f10x_md.o(RESET) refers to stm32f10x_it.o(i.NMI_Handler) for NMI_Handler
    startup_stm32f10x_md.o(RESET) refers to stm32f10x_it.o(i.HardFault_Handler) for HardFault_Handler
    startup_stm32f10x_md.o(RESET) refers to stm32f10x_it.o(i.MemManage_Handler) for MemManage_Handler
    startup_stm32f10x_md.o(RESET) refers to stm32f10x_it.o(i.BusFault_Handler) for BusFault_Handler
    startup_stm32f10x_md.o(RESET) refers to stm32f10x_it.o(i.UsageFault_Handler) for UsageFault_Handler
    startup_stm32f10x_md.o(RESET) refers to port.o(.emb_text) for SVC_Handler
    startup_stm32f10x_md.o(RESET) refers to stm32f10x_it.o(i.DebugMon_Handler) for DebugMon_Handler
    startup_stm32f10x_md.o(RESET) refers to port.o(i.SysTick_Handler) for SysTick_Handler
    startup_stm32f10x_md.o(RESET) refers to key.o(i.EXTI2_IRQHandler) for EXTI2_IRQHandler
    startup_stm32f10x_md.o(RESET) refers to key.o(i.EXTI3_IRQHandler) for EXTI3_IRQHandler
    startup_stm32f10x_md.o(RESET) refers to key.o(i.EXTI4_IRQHandler) for EXTI4_IRQHandler
    startup_stm32f10x_md.o(RESET) refers to can.o(i.USB_LP_CAN1_RX0_IRQHandler) for USB_LP_CAN1_RX0_IRQHandler
    startup_stm32f10x_md.o(.text) refers (Special) to heapauxi.o(.text) for __use_two_region_memory
    startup_stm32f10x_md.o(.text) refers to system_stm32f10x.o(i.SystemInit) for SystemInit
    startup_stm32f10x_md.o(.text) refers to __main.o(!!!main) for __main
    startup_stm32f10x_md.o(.text) refers to startup_stm32f10x_md.o(HEAP) for Heap_Mem
    startup_stm32f10x_md.o(.text) refers to startup_stm32f10x_md.o(STACK) for Stack_Mem
    system_stm32f10x.o(i.SetSysClock) refers to system_stm32f10x.o(i.SetSysClockTo72) for SetSysClockTo72
    system_stm32f10x.o(i.SystemCoreClockUpdate) refers to system_stm32f10x.o(.data) for SystemCoreClock
    system_stm32f10x.o(i.SystemInit) refers to system_stm32f10x.o(i.SetSysClock) for SetSysClock
    stm32f10x_adc.o(i.ADC_DeInit) refers to stm32f10x_rcc.o(i.RCC_APB2PeriphResetCmd) for RCC_APB2PeriphResetCmd
    stm32f10x_bkp.o(i.BKP_DeInit) refers to stm32f10x_rcc.o(i.RCC_BackupResetCmd) for RCC_BackupResetCmd
    stm32f10x_can.o(i.CAN_DeInit) refers to stm32f10x_rcc.o(i.RCC_APB1PeriphResetCmd) for RCC_APB1PeriphResetCmd
    stm32f10x_can.o(i.CAN_GetITStatus) refers to stm32f10x_can.o(i.CheckITStatus) for CheckITStatus
    stm32f10x_cec.o(i.CEC_DeInit) refers to stm32f10x_rcc.o(i.RCC_APB1PeriphResetCmd) for RCC_APB1PeriphResetCmd
    stm32f10x_dac.o(i.DAC_DeInit) refers to stm32f10x_rcc.o(i.RCC_APB1PeriphResetCmd) for RCC_APB1PeriphResetCmd
    stm32f10x_flash.o(i.FLASH_EnableWriteProtection) refers to stm32f10x_flash.o(i.FLASH_WaitForLastOperation) for FLASH_WaitForLastOperation
    stm32f10x_flash.o(i.FLASH_EraseAllBank1Pages) refers to stm32f10x_flash.o(i.FLASH_WaitForLastBank1Operation) for FLASH_WaitForLastBank1Operation
    stm32f10x_flash.o(i.FLASH_EraseAllPages) refers to stm32f10x_flash.o(i.FLASH_WaitForLastOperation) for FLASH_WaitForLastOperation
    stm32f10x_flash.o(i.FLASH_EraseOptionBytes) refers to stm32f10x_flash.o(i.FLASH_GetReadOutProtectionStatus) for FLASH_GetReadOutProtectionStatus
    stm32f10x_flash.o(i.FLASH_EraseOptionBytes) refers to stm32f10x_flash.o(i.FLASH_WaitForLastOperation) for FLASH_WaitForLastOperation
    stm32f10x_flash.o(i.FLASH_ErasePage) refers to stm32f10x_flash.o(i.FLASH_WaitForLastOperation) for FLASH_WaitForLastOperation
    stm32f10x_flash.o(i.FLASH_ProgramHalfWord) refers to stm32f10x_flash.o(i.FLASH_WaitForLastOperation) for FLASH_WaitForLastOperation
    stm32f10x_flash.o(i.FLASH_ProgramOptionByteData) refers to stm32f10x_flash.o(i.FLASH_WaitForLastOperation) for FLASH_WaitForLastOperation
    stm32f10x_flash.o(i.FLASH_ProgramWord) refers to stm32f10x_flash.o(i.FLASH_WaitForLastOperation) for FLASH_WaitForLastOperation
    stm32f10x_flash.o(i.FLASH_ReadOutProtection) refers to stm32f10x_flash.o(i.FLASH_WaitForLastOperation) for FLASH_WaitForLastOperation
    stm32f10x_flash.o(i.FLASH_UserOptionByteConfig) refers to stm32f10x_flash.o(i.FLASH_WaitForLastOperation) for FLASH_WaitForLastOperation
    stm32f10x_flash.o(i.FLASH_WaitForLastBank1Operation) refers to stm32f10x_flash.o(i.FLASH_GetBank1Status) for FLASH_GetBank1Status
[...]
    .ARM.Collect$$rtexit$$00000003           0x0800017c   Section        4  rtexit2.o(.ARM.Collect$$rtexit$$00000003)
    .ARM.Collect$$rtexit$$00000004           0x08000180   Section        6  rtexit2.o(.ARM.Collect$$rtexit$$00000004)
    .emb_text                                0x08000188   Section      150  port.o(.emb_text)
    .text                                    0x08000220   Section       64  startup_stm32f10x_md.o(.text)
    .text                                    0x08000260   Section      138  rt_memcpy_v6.o(.text)
    .text                                    0x080002ea   Section       16  aeabi_memset.o(.text)
    .text                                    0x080002fa   Section        0  heapauxi.o(.text)
    .text                                    0x08000300   Section      100  rt_memcpy_w.o(.text)
    .text                                    0x08000364   Section       68  rt_memclr.o(.text)
    .text                                    0x080003a8   Section       78  rt_memclr_w.o(.text)
    .text                                    0x080003f6   Section       74  sys_stackheap_outer.o(.text)
    .text                                    0x08000440   Section        0  exit.o(.text)
    .text                                    0x08000454   Section        8  libspace.o(.text)
    .text                                    0x0800045c   Section        0  sys_exit.o(.text)
    .text                                    0x08000468   Section        2  use_no_semi.o(.text)
    .text                                    0x0800046a   Section        0  indicate_semi.o(.text)
    i.Absolute_Difference                    0x0800046a   Section        0  gpio.o(i.Absolute_Difference)
    i.Back_Keep                              0x08000480   Section        0  pwm.o(i.Back_Keep)
    i.Back_Pressure_Down_Quick               0x0800049c   Section        0  pwm.o(i.Back_Pressure_Down_Quick)
    i.Back_Pressure_Down_Slow                0x080004b8   Section        0  pwm.o(i.Back_Pressure_Down_Slow)
    i.Back_Pressure_Up_Quick                 0x080004d4   Section        0  pwm.o(i.Back_Pressure_Up_Quick)
    i.Back_Pressure_Up_Slow                  0x080004f0   Section        0  pwm.o(i.Back_Pressure_Up_Slow)
    i.Back_Release                           0x0800050c   Section        0  pwm.o(i.Back_Release)
    i.BusFault_Handler                       0x08000530   Section        0  stm32f10x_it.o(i.BusFault_Handler)
    i.CAN1_Init                              0x08000534   Section        0  can.o(i.CAN1_Init)
    i.CAN1_SendMesg                          0x08000638   Section        0  can.o(i.CAN1_SendMesg)
    i.CAN_ClearITPendingBit                  0x08000688   Section        0  stm32f10x_can.o(i.CAN_ClearITPendingBit)
    i.CAN_FilterInit                         0x08000730   Section        0  stm32f10x_can.o(i.CAN_FilterInit)
    i.CAN_ITConfig                           0x08000838   Section        0  stm32f10x_can.o(i.CAN_ITConfig)
    i.CAN_Init                               0x0800084a   Section        0  stm32f10x_can.o(i.CAN_Init)
    i.CAN_Receive                            0x0800095e   Section        0  stm32f10x_can.o(i.CAN_Receive)
    i.CAN_Send_Task                          0x08000a50   Section        0  processes.o(i.CAN_Send_Task)
    i.CAN_Transmit                           0x08000ab4   Section        0  stm32f10x_can.o(i.CAN_Transmit)
    i.DebugMon_Handler                       0x08000bda   Section        0  stm32f10x_it.o(i.DebugMon_Handler)
    i.ESC_DISABLE                            0x08000bdc   Section        0  gpio.o(i.ESC_DISABLE)
    i.ESC_ENABLE                             0x08000c0c   Section        0  gpio.o(i.ESC_ENABLE)
    i.ESC_Release                            0x08000c3c   Section        0  pwm.o(i.ESC_Release)
    i.ESC_Rest_Task                          0x08000c48   Section        0  processes.o(i.ESC_Rest_Task)
    i.ESC_Status_Flash                       0x08000cf8   Section        0  gpio.o(i.ESC_Status_Flash)
    i.EXTI2_IRQHandler                       0x08000d10   Section        0  key.o(i.EXTI2_IRQHandler)
    i.EXTI3_IRQHandler                       0x08000d26   Section        0  key.o(i.EXTI3_IRQHandler)
    i.EXTI4_IRQHandler                       0x08000d3c   Section        0  key.o(i.EXTI4_IRQHandler)
    i.EXTI_ClearITPendingBit                 0x08000d54   Section        0  stm32f10x_exti.o(i.EXTI_ClearITPendingBit)
    i.EXTI_GetITStatus                       0x08000d60   Section        0  stm32f10x_exti.o(i.EXTI_GetITStatus)
    i.EXTI_Init                              0x08000d88   Section        0  stm32f10x_exti.o(i.EXTI_Init)
    i.FLASH_ErasePage                        0x08000e1c   Section        0  stm32f10x_flash.o(i.FLASH_ErasePage)
    i.FLASH_GetBank1Status                   0x08000e68   Section        0  stm32f10x_flash.o(i.FLASH_GetBank1Status)
    i.FLASH_Lock                             0x08000e9c   Section        0  stm32f10x_flash.o(i.FLASH_Lock)
    i.FLASH_ProgramHalfWord                  0x08000eb0   Section        0  stm32f10x_flash.o(i.FLASH_ProgramHalfWord)
    i.FLASH_Unlock                           0x08000ef0   Section        0  stm32f10x_flash.o(i.FLASH_Unlock)
    i.FLASH_WaitForLastOperation             0x08000f08   Section        0  stm32f10x_flash.o(i.FLASH_WaitForLastOperation)
    i.First_Task                             0x08000f30   Section        0  task_schedule.o(i.First_Task)
    i.Front_Keep                             0x08000f60   Section        0  pwm.o(i.Front_Keep)
    i.Front_Pressure_Down_Quick              0x08000f7c   Section        0  pwm.o(i.Front_Pressure_Down_Quick)
    i.Front_Pressure_Down_Slow               0x08000f98   Section        0  pwm.o(i.Front_Pressure_Down_Slow)
    i.Front_Pressure_Up_Quick                0x08000fb4   Section        0  pwm.o(i.Front_Pressure_Up_Quick)
    i.Front_Pressure_Up_Slow                 0x08000fd0   Section        0  pwm.o(i.Front_Pressure_Up_Slow)
    i.Front_Release                          0x08000fec   Section        0  pwm.o(i.Front_Release)
    i.GPIOS_Init                             0x08001014   Section        0  gpio.o(i.GPIOS_Init)
    i.GPIO_EXTILineConfig                    0x08001098   Section        0  stm32f10x_gpio.o(i.GPIO_EXTILineConfig)
    i.GPIO_Init                              0x080010d8   Section        0  stm32f10x_gpio.o(i.GPIO_Init)
    i.GPIO_PinRemapConfig                    0x080011f0   Section        0  stm32f10x_gpio.o(i.GPIO_PinRemapConfig)
    i.GPIO_ReadOutputDataBit                 0x08001280   Section        0  stm32f10x_gpio.o(i.GPIO_ReadOutputDataBit)
    i.GPIO_ResetBits                         0x08001292   Section        0  stm32f10x_gpio.o(i.GPIO_ResetBits)
    i.GPIO_SetBits                           0x08001296   Section        0  stm32f10x_gpio.o(i.GPIO_SetBits)
    i.HardFault_Handler                      0x0800129a   Section        0  stm32f10x_it.o(i.HardFault_Handler)
    i.Hardware_Init                          0x080012a0   Section        0  processes.o(i.Hardware_Init)
    i.KEY_Init                               0x080012dc   Section        0  key.o(i.KEY_Init)
    i.LED1_FLASH                             0x0800139c   Section        0  gpio.o(i.LED1_FLASH)
    i.LED2_FLASH                             0x080013c8   Section        0  gpio.o(i.LED2_FLASH)
    i.LED3_FLASH                             0x080013f4   Section        0  gpio.o(i.LED3_FLASH)
    i.MemManage_Handler                      0x08001420   Section        0  stm32f10x_it.o(i.MemManage_Handler)
    i.MyFLASH_ErasePage                      0x08001424   Section        0  myflash.o(i.MyFLASH_ErasePage)
    i.MyFLASH_ProgramHalfWord                0x08001438   Section        0  myflash.o(i.MyFLASH_ProgramHalfWord)
    i.MyFLASH_ReadHalfWord                   0x08001450   Section        0  myflash.o(i.MyFLASH_ReadHalfWord)
    i.NMI_Handler                            0x08001456   Section        0  stm32f10x_it.o(i.NMI_Handler)
    i.NVIC_Init                              0x08001458   Section        0  misc.o(i.NVIC_Init)
    i.NVIC_PriorityGroupConfig               0x080014c8   Section        0  misc.o(i.NVIC_PriorityGroupConfig)
    i.PWM_Init                               0x080014dc   Section        0  pwm.o(i.PWM_Init)
    i.PWM_Task                               0x080019cc   Section        0  processes.o(i.PWM_Task)
    i.Positive_Difference                    0x08001cc4   Section        0  gpio.o(i.Positive_Difference)
    i.RCC_APB1PeriphClockCmd                 0x08001ccc   Section        0  stm32f10x_rcc.o(i.RCC_APB1PeriphClockCmd)
    i.RCC_APB2PeriphClockCmd                 0x08001cec   Section        0  stm32f10x_rcc.o(i.RCC_APB2PeriphClockCmd)
    i.SetSysClock                            0x08001d0c   Section        0  system_stm32f10x.o(i.SetSysClock)
    SetSysClock                              0x08001d0d   Thumb Code     8  system_stm32f10x.o(i.SetSysClock)
    i.SetSysClockTo72                        0x08001d14   Section        0  system_stm32f10x.o(i.SetSysClockTo72)
    SetSysClockTo72                          0x08001d15   Thumb Code   214  system_stm32f10x.o(i.SetSysClockTo72)
    i.Start_Task                             0x08001df4   Section        0  task_schedule.o(i.Start_Task)
    i.Store_Init                             0x08001ec0   Section        0  store.o(i.Store_Init)
    i.Store_Save                             0x08001f24   Section        0  store.o(i.Store_Save)
    i.SysTick_Handler                        0x08001f54   Section        0  port.o(i.SysTick_Handler)
    i.SystemInit                             0x08001f88   Section        0  system_stm32f10x.o(i.SystemInit)
    i.TIM_Cmd                                0x08001fe8   Section        0  stm32f10x_tim.o(i.TIM_Cmd)
    i.TIM_CtrlPWMOutputs                     0x08002000   Section        0  stm32f10x_tim.o(i.TIM_CtrlPWMOutputs)
    i.TIM_OC1Init                            0x08002020   Section        0  stm32f10x_tim.o(i.TIM_OC1Init)
    i.TIM_OC1PreloadConfig                   0x080020b8   Section        0  stm32f10x_tim.o(i.TIM_OC1PreloadConfig)
    i.TIM_OC2Init                            0x080020cc   Section        0  stm32f10x_tim.o(i.TIM_OC2Init)
    i.TIM_OC2PreloadConfig                   0x08002170   Section        0  stm32f10x_tim.o(i.TIM_OC2PreloadConfig)
    i.TIM_OC3Init                            0x0800218c   Section        0  stm32f10x_tim.o(i.TIM_OC3Init)
    i.TIM_OC3PreloadConfig                   0x0800222c   Section        0  stm32f10x_tim.o(i.TIM_OC3PreloadConfig)
    i.TIM_OC4Init                            0x08002240   Section        0  stm32f10x_tim.o(i.TIM_OC4Init)
    i.TIM_OC4PreloadConfig                   0x080022bc   Section        0  stm32f10x_tim.o(i.TIM_OC4PreloadConfig)
    i.TIM_SetCompare1                        0x080022d6   Section        0  stm32f10x_tim.o(i.TIM_SetCompare1)
    i.TIM_SetCompare2                        0x080022da   Section        0  stm32f10x_tim.o(i.TIM_SetCompare2)
    i.TIM_SetCompare3                        0x080022de   Section        0  stm32f10x_tim.o(i.TIM_SetCompare3)
    i.TIM_SetCompare4                        0x080022e2   Section        0  stm32f10x_tim.o(i.TIM_SetCompare4)
    i.TIM_TimeBaseInit                       0x080022e8   Section        0  stm32f10x_tim.o(i.TIM_TimeBaseInit)
    i.Turn_on_Timing_Task                    0x0800238c   Section        0  processes.o(i.Turn_on_Timing_Task)
    i.USB_LP_CAN1_RX0_IRQHandler             0x08002578   Section        0  can.o(i.USB_LP_CAN1_RX0_IRQHandler)
    i.UsageFault_Handler                     0x08002704   Section        0  stm32f10x_it.o(i.UsageFault_Handler)
    i.main                                   0x08002708   Section        0  main.o(i.main)
    i.prvAddCurrentTaskToDelayedList         0x08002718   Section        0  tasks.o(i.prvAddCurrentTaskToDelayedList)
    prvAddCurrentTaskToDelayedList           0x08002719   Thumb Code   100  tasks.o(i.prvAddCurrentTaskToDelayedList)
    i.prvAddNewTaskToReadyList               0x08002794   Section        0  tasks.o(i.prvAddNewTaskToReadyList)
    prvAddNewTaskToReadyList                 0x08002795   Thumb Code   154  tasks.o(i.prvAddNewTaskToReadyList)
    i.prvCheckForValidListAndQueue           0x0800284c   Section        0  timers.o(i.prvCheckForValidListAndQueue)
    prvCheckForValidListAndQueue             0x0800284d   Thumb Code    72  timers.o(i.prvCheckForValidListAndQueue)
    i.prvCheckTasksWaitingTermination        0x080028b0   Section        0  tasks.o(i.prvCheckTasksWaitingTermination)
    prvCheckTasksWaitingTermination          0x080028b1   Thumb Code    86  tasks.o(i.prvCheckTasksWaitingTermination)
    i.prvCopyDataFromQueue                   0x08002914   Section        0  queue.o(i.prvCopyDataFromQueue)
    prvCopyDataFromQueue                     0x08002915   Thumb Code    42  queue.o(i.prvCopyDataFromQueue)
    i.prvCopyDataToQueue                     0x0800293e   Section        0  queue.o(i.prvCopyDataToQueue)
    prvCopyDataToQueue                       0x0800293f   Thumb Code   124  queue.o(i.prvCopyDataToQueue)
    i.prvDeleteTCB                           0x080029ba   Section        0  tasks.o(i.prvDeleteTCB)
    prvDeleteTCB                             0x080029bb   Thumb Code    18  tasks.o(i.prvDeleteTCB)
    i.prvGetNextExpireTime                   0x080029cc   Section        0  timers.o(i.prvGetNextExpireTime)
    prvGetNextExpireTime                     0x080029cd   Thumb Code    36  timers.o(i.prvGetNextExpireTime)
    i.prvHeapInit                            0x080029f4   Section        0  heap_4.o(i.prvHeapInit)
    prvHeapInit                              0x080029f5   Thumb Code    98  heap_4.o(i.prvHeapInit)
    i.prvIdleTask                            0x08002a70   Section        0  tasks.o(i.prvIdleTask)
    prvIdleTask                              0x08002a71   Thumb Code    32  tasks.o(i.prvIdleTask)
    i.prvInitialiseNewQueue                  0x08002a98   Section        0  queue.o(i.prvInitialiseNewQueue)
    prvInitialiseNewQueue                    0x08002a99   Thumb Code    46  queue.o(i.prvInitialiseNewQueue)
    i.prvInitialiseNewTask                   0x08002ac6   Section        0  tasks.o(i.prvInitialiseNewTask)
    prvInitialiseNewTask                     0x08002ac7   Thumb Code   144  tasks.o(i.prvInitialiseNewTask)
    i.prvInitialiseTaskLists                 0x08002b58   Section        0  tasks.o(i.prvInitialiseTaskLists)
    prvInitialiseTaskLists                   0x08002b59   Thumb Code    70  tasks.o(i.prvInitialiseTaskLists)
    i.prvInsertBlockIntoFreeList             0x08002bc0   Section        0  heap_4.o(i.prvInsertBlockIntoFreeList)
    prvInsertBlockIntoFreeList               0x08002bc1   Thumb Code    96  heap_4.o(i.prvInsertBlockIntoFreeList)
    i.prvInsertTimerInActiveList             0x08002c28   Section        0  timers.o(i.prvInsertTimerInActiveList)
    prvInsertTimerInActiveList               0x08002c29   Thumb Code    80  timers.o(i.prvInsertTimerInActiveList)
    i.prvIsQueueEmpty                        0x08002c80   Section        0  queue.o(i.prvIsQueueEmpty)
    prvIsQueueEmpty                          0x08002c81   Thumb Code    26  queue.o(i.prvIsQueueEmpty)
    i.prvIsQueueFull                         0x08002c9a   Section        0  queue.o(i.prvIsQueueFull)
    prvIsQueueFull                           0x08002c9b   Thumb Code    30  queue.o(i.prvIsQueueFull)
    i.prvNotifyQueueSetContainer             0x08002cb8   Section        0  queue.o(i.prvNotifyQueueSetContainer)
    prvNotifyQueueSetContainer               0x08002cb9   Thumb Code    82  queue.o(i.prvNotifyQueueSetContainer)
    i.prvProcessExpiredTimer                 0x08002d0c   Section        0  timers.o(i.prvProcessExpiredTimer)
    prvProcessExpiredTimer                   0x08002d0d   Thumb Code    70  timers.o(i.prvProcessExpiredTimer)
    i.prvProcessReceivedCommands             0x08002d58   Section        0  timers.o(i.prvProcessReceivedCommands)
    prvProcessReceivedCommands               0x08002d59   Thumb Code   202  timers.o(i.prvProcessReceivedCommands)
    i.prvProcessTimerOrBlockTask             0x08002e28   Section        0  timers.o(i.prvProcessTimerOrBlockTask)
    prvProcessTimerOrBlockTask               0x08002e29   Thumb Code   102  timers.o(i.prvProcessTimerOrBlockTask)
    i.prvResetNextTaskUnblockTime            0x08002e9c   Section        0  tasks.o(i.prvResetNextTaskUnblockTime)
    prvResetNextTaskUnblockTime              0x08002e9d   Thumb Code    42  tasks.o(i.prvResetNextTaskUnblockTime)
    i.prvSampleTimeNow                       0x08002ed0   Section        0  timers.o(i.prvSampleTimeNow)
    prvSampleTimeNow                         0x08002ed1   Thumb Code    40  timers.o(i.prvSampleTimeNow)
    i.prvSwitchTimerLists                    0x08002efc   Section        0  timers.o(i.prvSwitchTimerLists)
    prvSwitchTimerLists                      0x08002efd   Thumb Code   122  timers.o(i.prvSwitchTimerLists)
    i.prvTaskExitError                       0x08002f80   Section        0  port.o(i.prvTaskExitError)
    prvTaskExitError                         0x08002f81   Thumb Code    22  port.o(i.prvTaskExitError)
    i.prvTimerTask                           0x08002f96   Section        0  timers.o(i.prvTimerTask)
    prvTimerTask                             0x08002f97   Thumb Code    26  timers.o(i.prvTimerTask)
    i.prvUnlockQueue                         0x08002fb0   Section        0  queue.o(i.prvUnlockQueue)
    prvUnlockQueue                           0x08002fb1   Thumb Code   146  queue.o(i.prvUnlockQueue)
    i.pvPortMalloc                           0x08003044   Section        0  heap_4.o(i.pvPortMalloc)
    i.pvTaskIncrementMutexHeldCount          0x08003114   Section        0  tasks.o(i.pvTaskIncrementMutexHeldCount)
    i.pxPortInitialiseStack                  0x08003134   Section        0  port.o(i.pxPortInitialiseStack)
    i.uxListRemove                           0x08003158   Section        0  list.o(i.uxListRemove)
    i.vListInitialise                        0x08003180   Section        0  list.o(i.vListInitialise)
    i.vListInitialiseItem                    0x0800319a   Section        0  list.o(i.vListInitialiseItem)
    i.vListInsert                            0x080031a0   Section        0  list.o(i.vListInsert)
    i.vListInsertEnd                         0x080031d4   Section        0  list.o(i.vListInsertEnd)
    i.vPortEnterCritical                     0x080031ec   Section        0  port.o(i.vPortEnterCritical)
    i.vPortExitCritical                      0x08003210   Section        0  port.o(i.vPortExitCritical)
    i.vPortFree                              0x08003230   Section        0  heap_4.o(i.vPortFree)
    i.vPortSetupTimerInterrupt               0x08003278   Section        0  port.o(i.vPortSetupTimerInterrupt)
    i.vQueueAddToRegistry                    0x08003298   Section        0  queue.o(i.vQueueAddToRegistry)
    i.vQueueWaitForMessageRestricted         0x080032c4   Section        0  queue.o(i.vQueueWaitForMessageRestricted)
    i.vTaskDelay                             0x08003310   Section        0  tasks.o(i.vTaskDelay)
    i.vTaskDelete                            0x08003344   Section        0  tasks.o(i.vTaskDelete)
    i.vTaskMissedYield                       0x080033e4   Section        0  tasks.o(i.vTaskMissedYield)
    i.vTaskPlaceOnEventList                  0x080033f0   Section        0  tasks.o(i.vTaskPlaceOnEventList)
    i.vTaskPlaceOnEventListRestricted        0x08003410   Section        0  tasks.o(i.vTaskPlaceOnEventListRestricted)
    i.vTaskPriorityInherit                   0x08003438   Section        0  tasks.o(i.vTaskPriorityInherit)
    i.vTaskSetTimeOutState                   0x080034c4   Section        0  tasks.o(i.vTaskSetTimeOutState)
    i.vTaskStartScheduler                    0x080034dc   Section        0  tasks.o(i.vTaskStartScheduler)
    i.vTaskSuspendAll                        0x0800354c   Section        0  tasks.o(i.vTaskSuspendAll)
    i.vTaskSwitchContext                     0x0800355c   Section        0  tasks.o(i.vTaskSwitchContext)
    i.xPortStartScheduler                    0x080035d4   Section        0  port.o(i.xPortStartScheduler)
    i.xQueueGenericCreate                    0x08003608   Section        0  queue.o(i.xQueueGenericCreate)
    i.xQueueGenericReceive                   0x08003640   Section        0  queue.o(i.xQueueGenericReceive)
    i.xQueueGenericReset                     0x0800379c   Section        0  queue.o(i.xQueueGenericReset)
    i.xQueueGenericSend                      0x0800381c   Section        0  queue.o(i.xQueueGenericSend)
    i.xQueueGenericSendFromISR               0x08003954   Section        0  queue.o(i.xQueueGenericSendFromISR)
    i.xTaskCheckForTimeOut                   0x080039f0   Section        0  tasks.o(i.xTaskCheckForTimeOut)
    i.xTaskCreate                            0x08003a4c   Section        0  tasks.o(i.xTaskCreate)
    i.xTaskGetSchedulerState                 0x08003aac   Section        0  tasks.o(i.xTaskGetSchedulerState)
    i.xTaskGetTickCount                      0x08003acc   Section        0  tasks.o(i.xTaskGetTickCount)
    i.xTaskIncrementTick                     0x08003ad8   Section        0  tasks.o(i.xTaskIncrementTick)
    i.xTaskPriorityDisinherit                0x08003bf0   Section        0  tasks.o(i.xTaskPriorityDisinherit)
    i.xTaskRemoveFromEventList               0x08003c50   Section        0  tasks.o(i.xTaskRemoveFromEventList)
    i.xTaskResumeAll                         0x08003cd0   Section        0  tasks.o(i.xTaskResumeAll)
    i.xTimerCreateTimerTask                  0x08003db8   Section        0  timers.o(i.xTimerCreateTimerTask)
    i.xTimerGenericCommand                   0x08003df4   Section        0  timers.o(i.xTimerGenericCommand)
    .data                                    0x20000000   Section       20  system_stm32f10x.o(.data)
    .data                                    0x20000014   Section        4  pwm.o(.data)
    .data                                    0x20000018   Section       61  can.o(.data)
    .data                                    0x20000058   Section       60  tasks.o(.data)
    pxDelayedTaskList                        0x2000005c   Data           4  tasks.o(.data)
    pxOverflowDelayedTaskList                0x20000060   Data           4  tasks.o(.data)
    uxDeletedTasksWaitingCleanUp             0x20000064   Data           4  tasks.o(.data)
    uxCurrentNumberOfTasks                   0x20000068   Data           4  tasks.o(.data)
    xTickCount                               0x2000006c   Data           4  tasks.o(.data)
    uxTopReadyPriority                       0x20000070   Data           4  tasks.o(.data)
    xSchedulerRunning                        0x20000074   Data           4  tasks.o(.data)
    uxPendedTicks                            0x20000078   Data           4  tasks.o(.data)
    xYieldPending                            0x2000007c   Data           4  tasks.o(.data)
    xNumOfOverflows                          0x20000080   Data           4  tasks.o(.data)
    uxTaskNumber                             0x20000084   Data           4  tasks.o(.data)
    xNextTaskUnblockTime                     0x20000088   Data           4  tasks.o(.data)
    xIdleTaskHandle                          0x2000008c   Data           4  tasks.o(.data)
    uxSchedulerSuspended                     0x20000090   Data           4  tasks.o(.data)
    .data                                    0x20000094   Section       20  timers.o(.data)
    pxCurrentTimerList                       0x20000094   Data           4  timers.o(.data)
    pxOverflowTimerList                      0x20000098   Data           4  timers.o(.data)
    xTimerQueue                              0x2000009c   Data           4  timers.o(.data)
    xTimerTaskHandle                         0x200000a0   Data           4  timers.o(.data)
    xLastTime                                0x200000a4   Data           4  timers.o(.data)
    .data                                    0x200000a8   Section       28  task_schedule.o(.data)
    .data                                    0x200000c4   Section       24  heap_4.o(.data)
    xStart                                   0x200000c4   Data           8  heap_4.o(.data)
    pxEnd                                    0x200000cc   Data           4  heap_4.o(.data)
    xFreeBytesRemaining                      0x200000d0   Data           4  heap_4.o(.data)
    xMinimumEverFreeBytesRemaining           0x200000d4   Data           4  heap_4.o(.data)
    xBlockAllocatedBit                       0x200000d8   Data           4  heap_4.o(.data)
    .data                                    0x200000dc   Section        4  port.o(.data)
    uxCriticalNesting                        0x200000dc   Data           4  port.o(.data)
    .bss                                     0x200000e0   Section       64  queue.o(.bss)
    .bss                                     0x20000120   Section      200  tasks.o(.bss)
    pxReadyTasksLists                        0x20000120   Data         100  tasks.o(.bss)
    xDelayedTaskList1                        0x20000184   Data          20  tasks.o(.bss)
    xDelayedTaskList2                        0x20000198   Data          20  tasks.o(.bss)
    xPendingReadyList                        0x200001ac   Data          20  tasks.o(.bss)
    xTasksWaitingTermination                 0x200001c0   Data          20  tasks.o(.bss)
    xSuspendedTaskList                       0x200001d4   Data          20  tasks.o(.bss)
    .bss                                     0x200001e8   Section       40  timers.o(.bss)
    xActiveTimerList1                        0x200001e8   Data          20  timers.o(.bss)
    xActiveTimerList2                        0x200001fc   Data          20  timers.o(.bss)
    .bss                                     0x20000210   Section     1024  store.o(.bss)
    .bss                                     0x20000610   Section     5120  heap_4.o(.bss)
    ucHeap                                   0x20000610   Data        5120  heap_4.o(.bss)
    .bss                                     0x20001a10   Section       96  libspace.o(.bss)
    HEAP                                     0x20001a70   Section      512  startup_stm32f10x_md.o(HEAP)
    Heap_Mem                                 0x20001a70   Data         512  startup_stm32f10x_md.o(HEAP)
    STACK                                    0x20001c70   Section     1024  startup_stm32f10x_md.o(STACK)
    Stack_Mem                                0x20001c70   Data        1024  startup_stm32f10x_md.o(STACK)
    __initial_sp                             0x20002070   Data           0  startup_stm32f10x_md.o(STACK)

    Global Symbols

    Symbol Name                              Value     Ov Type        Size  Object(Section)

    BuildAttributes$$THM_ISAv4$P$D$K$B$S$PE$A:L22UL41UL21$X:L11$S22US41US21$IEEE1$IW$USESV6$~STKCKD$USESV7$~SHL$OSPACE$ROPI$EBA8$UX$STANDARDLIB$REQ8$PRES8$EABIv2 0x00000000   Number         0  anon$$obj.o ABSOLUTE
    __ARM_use_no_argv                        0x00000000   Number         0  main.o ABSOLUTE
    __ARM_exceptions_init                     - Undefined Weak Reference
    __alloca_initialize                       - Undefined Weak Reference
    __arm_fini_                               - Undefined Weak Reference
    __arm_preinit_                            - Undefined Weak Reference
    __cpp_initialize__aeabi_                  - Undefined Weak Reference
    __cxa_finalize                            - Undefined Weak Reference
    __rt_locale                               - Undefined Weak Reference
    __sigvec_lookup                           - Undefined Weak Reference
    _atexit_init                              - Undefined Weak Reference
    _call_atexit_fns                          - Undefined Weak Reference
    _clock_init                               - Undefined Weak Reference
    _fp_trap_init                             - Undefined Weak Reference
    _fp_trap_shutdown                         - Undefined Weak Reference
    _get_lc_collate                           - Undefined Weak Reference
    _get_lc_ctype                             - Undefined Weak Reference
    _get_lc_monetary                          - Undefined Weak Reference
    _get_lc_numeric                           - Undefined Weak Reference
    _get_lc_time                              - Undefined Weak Reference
    _getenv_init                              - Undefined Weak Reference
    _handle_redirection                       - Undefined Weak Reference
    _init_alloc                               - Undefined Weak Reference
    _init_user_alloc                          - Undefined Weak Reference
    _initio                                   - Undefined Weak Reference
    _printf_mbtowc                            - Undefined Weak Reference
    _printf_post_padding                      - Undefined Weak Reference
    _printf_pre_padding                       - Undefined Weak Reference
    _printf_truncate_signed                   - Undefined Weak Reference
    _printf_truncate_unsigned                 - Undefined Weak Reference
    _rand_init                                - Undefined Weak Reference
    _signal_finish                            - Undefined Weak Reference
    _signal_init                              - Undefined Weak Reference
    _terminate_alloc                          - Undefined Weak Reference
    _terminate_user_alloc                     - Undefined Weak Reference
    _terminateio                              - Undefined Weak Reference
    __Vectors_Size                           0x000000ec   Number         0  startup_stm32f10x_md.o ABSOLUTE
    __Vectors                                0x08000000   Data           4  startup_stm32f10x_md.o(RESET)
    __Vectors_End                            0x080000ec   Data           0  startup_stm32f10x_md.o(RESET)
    __main                                   0x080000ed   Thumb Code     8  __main.o(!!!main)
    __scatterload                            0x080000f5   Thumb Code     0  __scatter.o(!!!scatter)
    __scatterload_rt2                        0x080000f5   Thumb Code    44  __scatter.o(!!!scatter)
    __scatterload_rt2_thumb_only             0x080000f5   Thumb Code     0  __scatter.o(!!!scatter)
    __scatterload_null                       0x08000103   Thumb Code     0  __scatter.o(!!!scatter)
    __scatterload_copy                       0x08000129   Thumb Code    26  __scatter_copy.o(!!handler_copy)
    __scatterload_zeroinit                   0x08000145   Thumb Code    28  __scatter_zi.o(!!handler_zi)
    __rt_lib_init                            0x08000161   Thumb Code     0  libinit.o(.ARM.Collect$$libinit$$00000000)
    __rt_lib_init_alloca_1                   0x08000163   Thumb Code     0  libinit2.o(.ARM.Collect$$libinit$$0000002E)
    __rt_lib_init_argv_1                     0x08000163   Thumb Code     0  libinit2.o(.ARM.Collect$$libinit$$0000002C)
    __rt_lib_init_atexit_1                   0x08000163   Thumb Code     0  libinit2.o(.ARM.Collect$$libinit$$0000001B)
    __rt_lib_init_clock_1                    0x08000163   Thumb Code     0  libinit2.o(.ARM.Collect$$libinit$$00000021)
    __rt_lib_init_cpp_1                      0x08000163   Thumb Code     0  libinit2.o(.ARM.Collect$$libinit$$00000032)
    __rt_lib_init_exceptions_1               0x08000163   Thumb Code     0  libinit2.o(.ARM.Collect$$libinit$$00000030)
    __rt_lib_init_fp_1                       0x08000163   Thumb Code     0  libinit2.o(.ARM.Collect$$libinit$$00000002)
    __rt_lib_init_fp_trap_1                  0x08000163   Thumb Code     0  libinit2.o(.ARM.Collect$$libinit$$0000001F)
    __rt_lib_init_getenv_1                   0x08000163   Thumb Code     0  libinit2.o(.ARM.Collect$$libinit$$00000023)
    __rt_lib_init_heap_1                     0x08000163   Thumb Code     0  libinit2.o(.ARM.Collect$$libinit$$0000000A)
    __rt_lib_init_lc_collate_1               0x08000163   Thumb Code     0  libinit2.o(.ARM.Collect$$libinit$$00000011)
    __rt_lib_init_lc_ctype_1                 0x08000163   Thumb Code     0  libinit2.o(.ARM.Collect$$libinit$$00000013)
    __rt_lib_init_lc_monetary_1              0x08000163   Thumb Code     0  libinit2.o(.ARM.Collect$$libinit$$00000015)
    __rt_lib_init_lc_numeric_1               0x08000163   Thumb Code     0  libinit2.o(.ARM.Collect$$libinit$$00000017)
    __rt_lib_init_lc_time_1                  0x08000163   Thumb Code     0  libinit2.o(.ARM.Collect$$libinit$$00000019)
    __rt_lib_init_preinit_1                  0x08000163   Thumb Code     0  libinit2.o(.ARM.Collect$$libinit$$00000004)
    __rt_lib_init_rand_1                     0x08000163   Thumb Code     0  libinit2.o(.ARM.Collect$$libinit$$0000000E)
    __rt_lib_init_return                     0x08000163   Thumb Code     0  libinit2.o(.ARM.Collect$$libinit$$00000033)
    __rt_lib_init_signal_1                   0x08000163   Thumb Code     0  libinit2.o(.ARM.Collect$$libinit$$0000001D)
    __rt_lib_init_stdio_1                    0x08000163   Thumb Code     0  libinit2.o(.ARM.Collect$$libinit$$00000025)
    __rt_lib_init_user_alloc_1               0x08000163   Thumb Code     0  libinit2.o(.ARM.Collect$$libinit$$0000000C)
    __rt_lib_shutdown                        0x08000165   Thumb Code     0  libshutdown.o(.ARM.Collect$$libshutdown$$00000000)
    __rt_lib_shutdown_cpp_1                  0x08000167   Thumb Code     0  libshutdown2.o(.ARM.Collect$$libshutdown$$00000004)
    __rt_lib_shutdown_fini_1                 0x08000167   Thumb Code     0  libshutdown2.o(.ARM.Collect$$libshutdown$$00000002)
    __rt_lib_shutdown_fp_trap_1              0x08000167   Thumb Code     0  libshutdown2.o(.ARM.Collect$$libshutdown$$00000009)
    __rt_lib_shutdown_heap_1                 0x08000167   Thumb Code     0  libshutdown2.o(.ARM.Collect$$libshutdown$$00000011)
    __rt_lib_shutdown_return                 0x08000167   Thumb Code     0  libshutdown2.o(.ARM.Collect$$libshutdown$$00000012)
    __rt_lib_shutdown_signal_1               0x08000167   Thumb Code     0  libshutdown2.o(.ARM.Collect$$libshutdown$$0000000C)
    __rt_lib_shutdown_stdio_1                0x08000167   Thumb Code     0  libshutdown2.o(.ARM.Collect$$libshutdown$$00000006)
    __rt_lib_shutdown_user_alloc_1           0x08000167   Thumb Code     0  libshutdown2.o(.ARM.Collect$$libshutdown$$0000000E)
    __rt_entry                               0x08000169   Thumb Code     0  __rtentry.o(.ARM.Collect$$rtentry$$00000000)
    __rt_entry_presh_1                       0x08000169   Thumb Code     0  __rtentry2.o(.ARM.Collect$$rtentry$$00000002)
    __rt_entry_sh                            0x08000169   Thumb Code     0  __rtentry4.o(.ARM.Collect$$rtentry$$00000004)
    __rt_entry_li                            0x0800016f   Thumb Code     0  __rtentry2.o(.ARM.Collect$$rtentry$$0000000A)
    __rt_entry_postsh_1                      0x0800016f   Thumb Code     0  __rtentry2.o(.ARM.Collect$$rtentry$$00000009)
    __rt_entry_main                          0x08000173   Thumb Code     0  __rtentry2.o(.ARM.Collect$$rtentry$$0000000D)
    __rt_entry_postli_1                      0x08000173   Thumb Code     0  __rtentry2.o(.ARM.Collect$$rtentry$$0000000C)
    __rt_exit                                0x0800017b   Thumb Code     0  rtexit.o(.ARM.Collect$$rtexit$$00000000)
    __rt_exit_ls                             0x0800017d   Thumb Code     0  rtexit2.o(.ARM.Collect$$rtexit$$00000003)
    __rt_exit_prels_1                        0x0800017d   Thumb Code     0  rtexit2.o(.ARM.Collect$$rtexit$$00000002)
    __rt_exit_exit                           0x08000181   Thumb Code     0  rtexit2.o(.ARM.Collect$$rtexit$$00000004)
    SVC_Handler                              0x08000189   Thumb Code    32  port.o(.emb_text)
    __asm___6_port_c_39a90d8d__prvStartFirstTask 0x080001ad   Thumb Code    28  port.o(.emb_text)
    PendSV_Handler                           0x080001cd   Thumb Code    72  port.o(.emb_text)
    vPortGetIPSR                             0x08000219   Thumb Code     6  port.o(.emb_text)
    Reset_Handler                            0x08000221   Thumb Code     8  startup_stm32f10x_md.o(.text)
    ADC1_2_IRQHandler                        0x0800023b   Thumb Code     0  startup_stm32f10x_md.o(.text)
    CAN1_RX1_IRQHandler                      0x0800023b   Thumb Code     0  startup_stm32f10x_md.o(.text)
    CAN1_SCE_IRQHandler                      0x0800023b   Thumb Code     0  startup_stm32f10x_md.o(.text)
    DMA1_Channel1_IRQHandler                 0x0800023b   Thumb Code     0  startup_stm32f10x_md.o(.text)
    DMA1_Channel2_IRQHandler                 0x0800023b   Thumb Code     0  startup_stm32f10x_md.o(.text)
    DMA1_Channel3_IRQHandler                 0x0800023b   Thumb Code     0  startup_stm32f10x_md.o(.text)
    DMA1_Channel4_IRQHandler                 0x0800023b   Thumb Code     0  startup_stm32f10x_md.o(.text)
    DMA1_Channel5_IRQHandler                 0x0800023b   Thumb Code     0  startup_stm32f10x_md.o(.text)
    DMA1_Channel6_IRQHandler                 0x0800023b   Thumb Code     0  startup_stm32f10x_md.o(.text)
    DMA1_Channel7_IRQHandler                 0x0800023b   Thumb Code     0  startup_stm32f10x_md.o(.text)
    EXTI0_IRQHandler                         0x0800023b   Thumb Code     0  startup_stm32f10x_md.o(.text)
    EXTI15_10_IRQHandler                     0x0800023b   Thumb Code     0  startup_stm32f10x_md.o(.text)
    EXTI1_IRQHandler                         0x0800023b   Thumb Code     0  startup_stm32f10x_md.o(.text)
    EXTI9_5_IRQHandler                       0x0800023b   Thumb Code     0  startup_stm32f10x_md.o(.text)
    FLASH_IRQHandler                         0x0800023b   Thumb Code     0  startup_stm32f10x_md.o(.text)
    I2C1_ER_IRQHandler                       0x0800023b   Thumb Code     0  startup_stm32f10x_md.o(.text)
    I2C1_EV_IRQHandler                       0x0800023b   Thumb Code     0  startup_stm32f10x_md.o(.text)
    I2C2_ER_IRQHandler                       0x0800023b   Thumb Code     0  startup_stm32f10x_md.o(.text)
    I2C2_EV_IRQHandler                       0x0800023b   Thumb Code     0  startup_stm32f10x_md.o(.text)
    PVD_IRQHandler                           0x0800023b   Thumb Code     0  startup_stm32f10x_md.o(.text)
    RCC_IRQHandler                           0x0800023b   Thumb Code     0  startup_stm32f10x_md.o(.text)
    RTCAlarm_IRQHandler                      0x0800023b   Thumb Code     0  startup_stm32f10x_md.o(.text)
    RTC_IRQHandler                           0x0800023b   Thumb Code     0  startup_stm32f10x_md.o(.text)
    SPI1_IRQHandler                          0x0800023b   Thumb Code     0  startup_stm32f10x_md.o(.text)
    SPI2_IRQHandler                          0x0800023b   Thumb Code     0  startup_stm32f10x_md.o(.text)
    TAMPER_IRQHandler                        0x0800023b   Thumb Code     0  startup_stm32f10x_md.o(.text)
    TIM1_BRK_IRQHandler                      0x0800023b   Thumb Code     0  startup_stm32f10x_md.o(.text)
    TIM1_CC_IRQHandler                       0x0800023b   Thumb Code     0  startup_stm32f10x_md.o(.text)
    TIM1_TRG_COM_IRQHandler                  0x0800023b   Thumb Code     0  startup_stm32f10x_md.o(.text)
    TIM1_UP_IRQHandler                       0x0800023b   Thumb Code     0  startup_stm32f10x_md.o(.text)
    TIM2_IRQHandler                          0x0800023b   Thumb Code     0  startup_stm32f10x_md.o(.text)
    TIM3_IRQHandler                          0x0800023b   Thumb Code     0  startup_stm32f10x_md.o(.text)
    TIM4_IRQHandler                          0x0800023b   Thumb Code     0  startup_stm32f10x_md.o(.text)
    USART1_IRQHandler                        0x0800023b   Thumb Code     0  startup_stm32f10x_md.o(.text)
    USART2_IRQHandler                        0x0800023b   Thumb Code     0  startup_stm32f10x_md.o(.text)
    USART3_IRQHandler                        0x0800023b   Thumb Code     0  startup_stm32f10x_md.o(.text)
    USBWakeUp_IRQHandler                     0x0800023b   Thumb Code     0  startup_stm32f10x_md.o(.text)
    USB_HP_CAN1_TX_IRQHandler                0x0800023b   Thumb Code     0  startup_stm32f10x_md.o(.text)
    WWDG_IRQHandler                          0x0800023b   Thumb Code     0  startup_stm32f10x_md.o(.text)
    __user_initial_stackheap                 0x0800023d   Thumb Code     0  startup_stm32f10x_md.o(.text)
    __aeabi_memcpy                           0x08000261   Thumb Code     0  rt_memcpy_v6.o(.text)
    __rt_memcpy                              0x08000261   Thumb Code   138  rt_memcpy_v6.o(.text)
    _memcpy_lastbytes                        0x080002c7   Thumb Code     0  rt_memcpy_v6.o(.text)
    __aeabi_memset                           0x080002eb   Thumb Code    16  aeabi_memset.o(.text)
    __use_two_region_memory                  0x080002fb   Thumb Code     2  heapauxi.o(.text)
    __rt_heap_escrow$2region                 0x080002fd   Thumb Code     2  heapauxi.o(.text)
    __rt_heap_expand$2region                 0x080002ff   Thumb Code     2  heapauxi.o(.text)
    __aeabi_memcpy4                          0x08000301   Thumb Code     0  rt_memcpy_w.o(.text)
    __aeabi_memcpy8                          0x08000301   Thumb Code     0  rt_memcpy_w.o(.text)
    __rt_memcpy_w                            0x08000301   Thumb Code   100  rt_memcpy_w.o(.text)
    _memcpy_lastbytes_aligned                0x08000349   Thumb Code     0  rt_memcpy_w.o(.text)
    __aeabi_memclr                           0x08000365   Thumb Code     0  rt_memclr.o(.text)
    __rt_memclr                              0x08000365   Thumb Code    68  rt_memclr.o(.text)
    _memset                                  0x08000369   Thumb Code     0  rt_memclr.o(.text)
    __aeabi_memclr4                          0x080003a9   Thumb Code     0  rt_memclr_w.o(.text)
    __aeabi_memclr8                          0x080003a9   Thumb Code     0  rt_memclr_w.o(.text)
    __rt_memclr_w                            0x080003a9   Thumb Code    78  rt_memclr_w.o(.text)
    _memset_w                                0x080003ad   Thumb Code     0  rt_memclr_w.o(.text)
    __user_setup_stackheap                   0x080003f7   Thumb Code    74  sys_stackheap_outer.o(.text)
    exit                                     0x08000441   Thumb Code    18  exit.o(.text)
    __user_libspace                          0x08000455   Thumb Code     8  libspace.o(.text)
    __user_perproc_libspace                  0x08000455   Thumb Code     0  libspace.o(.text)
    __user_perthread_libspace                0x08000455   Thumb Code     0  libspace.o(.text)
    _sys_exit                                0x0800045d   Thumb Code     8  sys_exit.o(.text)
    __I$use$semihosting                      0x08000469   Thumb Code     0  use_no_semi.o(.text)
    __use_no_semihosting_swi                 0x08000469   Thumb Code     2  use_no_semi.o(.text)
    Absolute_Difference                      0x0800046b   Thumb Code    20  gpio.o(i.Absolute_Difference)
    __semihosting_library_function           0x0800046b   Thumb Code     0  indicate_semi.o(.text)
    Back_Keep                                0x08000481   Thumb Code    20  pwm.o(i.Back_Keep)
    Back_Pressure_Down_Quick                 0x0800049d   Thumb Code    20  pwm.o(i.Back_Pressure_Down_Quick)
    Back_Pressure_Down_Slow                  0x080004b9   Thumb Code    20  pwm.o(i.Back_Pressure_Down_Slow)
    Back_Pressure_Up_Quick                   0x080004d5   Thumb Code    20  pwm.o(i.Back_Pressure_Up_Quick)
    Back_Pressure_Up_Slow                    0x080004f1   Thumb Code    20  pwm.o(i.Back_Pressure_Up_Slow)
    Back_Release                             0x0800050d   Thumb Code    28  pwm.o(i.Back_Release)
    BusFault_Handler                         0x08000531   Thumb Code     4  stm32f10x_it.o(i.BusFault_Handler)
    CAN1_Init                                0x08000535   Thumb Code   250  can.o(i.CAN1_Init)
    CAN1_SendMesg                            0x08000639   Thumb Code    74  can.o(i.CAN1_SendMesg)
    CAN_ClearITPendingBit                    0x08000689   Thumb Code   162  stm32f10x_can.o(i.CAN_ClearITPendingBit)
    CAN_FilterInit                           0x08000731   Thumb Code   258  stm32f10x_can.o(i.CAN_FilterInit)
    CAN_ITConfig                             0x08000839   Thumb Code    18  stm32f10x_can.o(i.CAN_ITConfig)
    CAN_Init                                 0x0800084b   Thumb Code   276  stm32f10x_can.o(i.CAN_Init)
    CAN_Receive                              0x0800095f   Thumb Code   240  stm32f10x_can.o(i.CAN_Receive)
    CAN_Send_Task                            0x08000a51   Thumb Code    70  processes.o(i.CAN_Send_Task)
    CAN_Transmit                             0x08000ab5   Thumb Code   294  stm32f10x_can.o(i.CAN_Transmit)
    DebugMon_Handler                         0x08000bdb   Thumb Code     2  stm32f10x_it.o(i.DebugMon_Handler)
    ESC_DISABLE                              0x08000bdd   Thumb Code    40  gpio.o(i.ESC_DISABLE)
    ESC_ENABLE                               0x08000c0d   Thumb Code    40  gpio.o(i.ESC_ENABLE)
    ESC_Release                              0x08000c3d   Thumb Code    12  pwm.o(i.ESC_Release)
    ESC_Rest_Task                            0x08000c49   Thumb Code   154  processes.o(i.ESC_Rest_Task)
    ESC_Status_Flash                         0x08000cf9   Thumb Code    20  gpio.o(i.ESC_Status_Flash)
    EXTI2_IRQHandler                         0x08000d11   Thumb Code    22  key.o(i.EXTI2_IRQHandler)
    EXTI3_IRQHandler                         0x08000d27   Thumb Code    22  key.o(i.EXTI3_IRQHandler)
    EXTI4_IRQHandler                         0x08000d3d   Thumb Code    22  key.o(i.EXTI4_IRQHandler)
    EXTI_ClearITPendingBit                   0x08000d55   Thumb Code     6  stm32f10x_exti.o(i.EXTI_ClearITPendingBit)
    EXTI_GetITStatus                         0x08000d61   Thumb Code    34  stm32f10x_exti.o(i.EXTI_GetITStatus)
    EXTI_Init                                0x08000d89   Thumb Code   142  stm32f10x_exti.o(i.EXTI_Init)
    FLASH_ErasePage                          0x08000e1d   Thumb Code    72  stm32f10x_flash.o(i.FLASH_ErasePage)
    FLASH_GetBank1Status                     0x08000e69   Thumb Code    48  stm32f10x_flash.o(i.FLASH_GetBank1Status)
    FLASH_Lock                               0x08000e9d   Thumb Code    14  stm32f10x_flash.o(i.FLASH_Lock)
    FLASH_ProgramHalfWord                    0x08000eb1   Thumb Code    60  stm32f10x_flash.o(i.FLASH_ProgramHalfWord)
    FLASH_Unlock                             0x08000ef1   Thumb Code    12  stm32f10x_flash.o(i.FLASH_Unlock)
    FLASH_WaitForLastOperation               0x08000f09   Thumb Code    38  stm32f10x_flash.o(i.FLASH_WaitForLastOperation)
    First_Task                               0x08000f31   Thumb Code    28  task_schedule.o(i.First_Task)
    Front_Keep                               0x08000f61   Thumb Code    20  pwm.o(i.Front_Keep)
    Front_Pressure_Down_Quick                0x08000f7d   Thumb Code    20  pwm.o(i.Front_Pressure_Down_Quick)
    Front_Pressure_Down_Slow                 0x08000f99   Thumb Code    20  pwm.o(i.Front_Pressure_Down_Slow)
    Front_Pressure_Up_Quick                  0x08000fb5   Thumb Code    20  pwm.o(i.Front_Pressure_Up_Quick)
    Front_Pressure_Up_Slow                   0x08000fd1   Thumb Code    20  pwm.o(i.Front_Pressure_Up_Slow)
    Front_Release                            0x08000fed   Thumb Code    28  pwm.o(i.Front_Release)
    GPIOS_Init                               0x08001015   Thumb Code   118  gpio.o(i.GPIOS_Init)
    GPIO_EXTILineConfig                      0x08001099   Thumb Code    60  stm32f10x_gpio.o(i.GPIO_EXTILineConfig)
    GPIO_Init                                0x080010d9   Thumb Code   278  stm32f10x_gpio.o(i.GPIO_Init)
    GPIO_PinRemapConfig                      0x080011f1   Thumb Code   138  stm32f10x_gpio.o(i.GPIO_PinRemapConfig)
    GPIO_ReadOutputDataBit                   0x08001281   Thumb Code    18  stm32f10x_gpio.o(i.GPIO_ReadOutputDataBit)
    GPIO_ResetBits                           0x08001293   Thumb Code     4  stm32f10x_gpio.o(i.GPIO_ResetBits)
    GPIO_SetBits                             0x08001297   Thumb Code     4  stm32f10x_gpio.o(i.GPIO_SetBits)
    HardFault_Handler                        0x0800129b   Thumb Code     4  stm32f10x_it.o(i.HardFault_Handler)
    Hardware_Init                            0x080012a1   Thumb Code    50  processes.o(i.Hardware_Init)
    KEY_Init                                 0x080012dd   Thumb Code   188  key.o(i.KEY_Init)
    LED1_FLASH                               0x0800139d   Thumb Code    38  gpio.o(i.LED1_FLASH)
    LED2_FLASH                               0x080013c9   Thumb Code    38  gpio.o(i.LED2_FLASH)
    LED3_FLASH                               0x080013f5   Thumb Code    38  gpio.o(i.LED3_FLASH)
    MemManage_Handler                        0x08001421   Thumb Code     4  stm32f10x_it.o(i.MemManage_Handler)
    MyFLASH_ErasePage                        0x08001425   Thumb Code    20  myflash.o(i.MyFLASH_ErasePage)
    MyFLASH_ProgramHalfWord                  0x08001439   Thumb Code    24  myflash.o(i.MyFLASH_ProgramHalfWord)
    MyFLASH_ReadHalfWord                     0x08001451   Thumb Code     6  myflash.o(i.MyFLASH_ReadHalfWord)
    NMI_Handler                              0x08001457   Thumb Code     2  stm32f10x_it.o(i.NMI_Handler)
    NVIC_Init                                0x08001459   Thumb Code   100  misc.o(i.NVIC_Init)
    NVIC_PriorityGroupConfig                 0x080014c9   Thumb Code    10  misc.o(i.NVIC_PriorityGroupConfig)
    PWM_Init                                 0x080014dd   Thumb Code  1248  pwm.o(i.PWM_Init)
    PWM_Task                                 0x080019cd   Thumb Code   706  processes.o(i.PWM_Task)
    Positive_Difference                      0x08001cc5   Thumb Code     8  gpio.o(i.Positive_Difference)
    RCC_APB1PeriphClockCmd                   0x08001ccd   Thumb Code    26  stm32f10x_rcc.o(i.RCC_APB1PeriphClockCmd)
    RCC_APB2PeriphClockCmd                   0x08001ced   Thumb Code    26  stm32f10x_rcc.o(i.RCC_APB2PeriphClockCmd)
    Start_Task                               0x08001df5   Thumb Code   102  task_schedule.o(i.Start_Task)
    Store_Init                               0x08001ec1   Thumb Code    90  store.o(i.Store_Init)
    Store_Save                               0x08001f25   Thumb Code    40  store.o(i.Store_Save)
    SysTick_Handler                          0x08001f55   Thumb Code    46  port.o(i.SysTick_Handler)
    SystemInit                               0x08001f89   Thumb Code    78  system_stm32f10x.o(i.SystemInit)
    TIM_Cmd                                  0x08001fe9   Thumb Code    24  stm32f10x_tim.o(i.TIM_Cmd)
    TIM_CtrlPWMOutputs                       0x08002001   Thumb Code    30  stm32f10x_tim.o(i.TIM_CtrlPWMOutputs)
    TIM_OC1Init                              0x08002021   Thumb Code   132  stm32f10x_tim.o(i.TIM_OC1Init)
    TIM_OC1PreloadConfig                     0x080020b9   Thumb Code    18  stm32f10x_tim.o(i.TIM_OC1PreloadConfig)
    TIM_OC2Init                              0x080020cd   Thumb Code   154  stm32f10x_tim.o(i.TIM_OC2Init)
    TIM_OC2PreloadConfig                     0x08002171   Thumb Code    26  stm32f10x_tim.o(i.TIM_OC2PreloadConfig)
    TIM_OC3Init                              0x0800218d   Thumb Code   150  stm32f10x_tim.o(i.TIM_OC3Init)
    TIM_OC3PreloadConfig                     0x0800222d   Thumb Code    18  stm32f10x_tim.o(i.TIM_OC3PreloadConfig)
    TIM_OC4Init                              0x08002241   Thumb Code   114  stm32f10x_tim.o(i.TIM_OC4Init)
    TIM_OC4PreloadConfig                     0x080022bd   Thumb Code    26  stm32f10x_tim.o(i.TIM_OC4PreloadConfig)
    TIM_SetCompare1                          0x080022d7   Thumb Code     4  stm32f10x_tim.o(i.TIM_SetCompare1)
    TIM_SetCompare2                          0x080022db   Thumb Code     4  stm32f10x_tim.o(i.TIM_SetCompare2)
    TIM_SetCompare3                          0x080022df   Thumb Code     4  stm32f10x_tim.o(i.TIM_SetCompare3)
    TIM_SetCompare4                          0x080022e3   Thumb Code     6  stm32f10x_tim.o(i.TIM_SetCompare4)
    TIM_TimeBaseInit                         0x080022e9   Thumb Code   122  stm32f10x_tim.o(i.TIM_TimeBaseInit)
    Turn_on_Timing_Task                      0x0800238d   Thumb Code   426  processes.o(i.Turn_on_Timing_Task)
    USB_LP_CAN1_RX0_IRQHandler               0x08002579   Thumb Code   336  can.o(i.USB_LP_CAN1_RX0_IRQHandler)
    UsageFault_Handler                       0x08002705   Thumb Code     4  stm32f10x_it.o(i.UsageFault_Handler)
    main                                     0x08002709   Thumb Code    14  main.o(i.main)
    pvPortMalloc                             0x08003045   Thumb Code   188  heap_4.o(i.pvPortMalloc)
    pvTaskIncrementMutexHeldCount            0x08003115   Thumb Code    26  tasks.o(i.pvTaskIncrementMutexHeldCount)
    pxPortInitialiseStack                    0x08003135   Thumb Code    30  port.o(i.pxPortInitialiseStack)
    uxListRemove                             0x08003159   Thumb Code    40  list.o(i.uxListRemove)
    vListInitialise                          0x08003181   Thumb Code    26  list.o(i.vListInitialise)
    vListInitialiseItem                      0x0800319b   Thumb Code     6  list.o(i.vListInitialiseItem)
    vListInsert                              0x080031a1   Thumb Code    52  list.o(i.vListInsert)
    vListInsertEnd                           0x080031d5   Thumb Code    24  list.o(i.vListInsertEnd)
    vPortEnterCritical                       0x080031ed   Thumb Code    30  port.o(i.vPortEnterCritical)
    vPortExitCritical                        0x08003211   Thumb Code    28  port.o(i.vPortExitCritical)
    vPortFree                                0x08003231   Thumb Code    64  heap_4.o(i.vPortFree)
    vPortSetupTimerInterrupt                 0x08003279   Thumb Code    26  port.o(i.vPortSetupTimerInterrupt)
    vQueueAddToRegistry                      0x08003299   Thumb Code    38  queue.o(i.vQueueAddToRegistry)
    vQueueWaitForMessageRestricted           0x080032c5   Thumb Code    74  queue.o(i.vQueueWaitForMessageRestricted)
    vTaskDelay                               0x08003311   Thumb Code    46  tasks.o(i.vTaskDelay)
    vTaskDelete                              0x08003345   Thumb Code   132  tasks.o(i.vTaskDelete)
    vTaskMissedYield                         0x080033e5   Thumb Code     8  tasks.o(i.vTaskMissedYield)
    vTaskPlaceOnEventList                    0x080033f1   Thumb Code    28  tasks.o(i.vTaskPlaceOnEventList)
    vTaskPlaceOnEventListRestricted          0x08003411   Thumb Code    36  tasks.o(i.vTaskPlaceOnEventListRestricted)
    vTaskPriorityInherit                     0x08003439   Thumb Code   128  tasks.o(i.vTaskPriorityInherit)
    vTaskSetTimeOutState                     0x080034c5   Thumb Code    14  tasks.o(i.vTaskSetTimeOutState)
    vTaskStartScheduler                      0x080034dd   Thumb Code    82  tasks.o(i.vTaskStartScheduler)
    vTaskSuspendAll                          0x0800354d   Thumb Code    12  tasks.o(i.vTaskSuspendAll)
    vTaskSwitchContext                       0x0800355d   Thumb Code    98  tasks.o(i.vTaskSwitchContext)
    xPortStartScheduler                      0x080035d5   Thumb Code    42  port.o(i.xPortStartScheduler)
    xQueueGenericCreate                      0x08003609   Thumb Code    56  queue.o(i.xQueueGenericCreate)
    xQueueGenericReceive                     0x08003641   Thumb Code   342  queue.o(i.xQueueGenericReceive)
    xQueueGenericReset                       0x0800379d   Thumb Code   122  queue.o(i.xQueueGenericReset)
    xQueueGenericSend                        0x0800381d   Thumb Code   308  queue.o(i.xQueueGenericSend)
    xQueueGenericSendFromISR                 0x08003955   Thumb Code   156  queue.o(i.xQueueGenericSendFromISR)
    xTaskCheckForTimeOut                     0x080039f1   Thumb Code    84  tasks.o(i.xTaskCheckForTimeOut)
    xTaskCreate                              0x08003a4d   Thumb Code    96  tasks.o(i.xTaskCreate)
    xTaskGetSchedulerState                   0x08003aad   Thumb Code    24  tasks.o(i.xTaskGetSchedulerState)
    xTaskGetTickCount                        0x08003acd   Thumb Code     6  tasks.o(i.xTaskGetTickCount)
    xTaskIncrementTick                       0x08003ad9   Thumb Code   236  tasks.o(i.xTaskIncrementTick)
    xTaskPriorityDisinherit                  0x08003bf1   Thumb Code    86  tasks.o(i.xTaskPriorityDisinherit)
    xTaskRemoveFromEventList                 0x08003c51   Thumb Code   102  tasks.o(i.xTaskRemoveFromEventList)
    xTaskResumeAll                           0x08003cd1   Thumb Code   194  tasks.o(i.xTaskResumeAll)
    xTimerCreateTimerTask                    0x08003db9   Thumb Code    40  timers.o(i.xTimerCreateTimerTask)
    xTimerGenericCommand                     0x08003df5   Thumb Code   104  timers.o(i.xTimerGenericCommand)
    Region$$Table$$Base                      0x08003e60   Number         0  anon$$obj.o(Region$$Table)
    Region$$Table$$Limit                     0x08003e80   Number         0  anon$$obj.o(Region$$Table)
    SystemCoreClock                          0x20000000   Data           4  system_stm32f10x.o(.data)
    AHBPrescTable                            0x20000004   Data          16  system_stm32f10x.o(.data)
    PWM_Value                                0x20000014   Data           4  pwm.o(.data)
    PWM                                      0x20000018   Data           2  can.o(.data)
    ESC_Drive_flag                           0x2000001a   Data           1  can.o(.data)
    Front_PWM_Value                          0x2000001c   Data           2  can.o(.data)
    Back_PWM_Value                           0x2000001e   Data           2  can.o(.data)
    timenum                                  0x20000020   Data           4  can.o(.data)
    CANSend                                  0x20000024   Data           8  can.o(.data)
    EBS_flag                                 0x2000002c   Data           1  can.o(.data)
    Emergency_Flag                           0x2000002d   Data           1  can.o(.data)
    Front_State                              0x2000002e   Data           1  can.o(.data)
    Back_State                               0x2000002f   Data           1  can.o(.data)
    Front_Count                              0x20000030   Data           1  can.o(.data)
    Back_Count                               0x20000031   Data           1  can.o(.data)
    ESC_Front_Switch_Flag                    0x20000032   Data           1  can.o(.data)
    ESC_Back_Switch_Flag                     0x20000033   Data           1  can.o(.data)
    OLD_Front_State                          0x20000034   Data           1  can.o(.data)
    OLD_Back_State                           0x20000035   Data           1  can.o(.data)
    ECU_State                                0x20000036   Data           1  can.o(.data)
    Old_ECU_State                            0x20000037   Data           1  can.o(.data)
    ECU_State_Switch_Flag                    0x20000038   Data           1  can.o(.data)
    Ros_State                                0x20000039   Data           1  can.o(.data)
    Old_Ros_State                            0x2000003a   Data           1  can.o(.data)
    Ros_State_Switch_Flag                    0x2000003b   Data           1  can.o(.data)
    CAN_Message                              0x2000003c   Data           8  can.o(.data)
    LF_PRE                                   0x20000044   Data           2  can.o(.data)
    LB_PRE                                   0x20000046   Data           2  can.o(.data)
    RF_PRE                                   0x20000048   Data           2  can.o(.data)
    RB_PRE                                   0x2000004a   Data           2  can.o(.data)
    LF_Target                                0x2000004c   Data           2  can.o(.data)
    LB_Target                                0x2000004e   Data           2  can.o(.data)
    RF_Target                                0x20000050   Data           2  can.o(.data)
    RB_Target                                0x20000052   Data           2  can.o(.data)
    normal_mode                              0x20000054   Data           1  can.o(.data)
    pxCurrentTCB                             0x20000058   Data           4  tasks.o(.data)
    StartTask_Handler                        0x200000a8   Data           4  task_schedule.o(.data)
    CAN_SendTask_Handler                     0x200000ac   Data           4  task_schedule.o(.data)
    Turn_on_TimingTask_Handler               0x200000b0   Data           4  task_schedule.o(.data)
    State_Switch_ControlTask_Handler         0x200000b4   Data           4  task_schedule.o(.data)
    PWMTask_Handler                          0x200000b8   Data           4  task_schedule.o(.data)
    State_SwitchTask_Handler                 0x200000bc   Data           4  task_schedule.o(.data)
    ESC_RestTask_Handler                     0x200000c0   Data           4  task_schedule.o(.data)
    xQueueRegistry                           0x200000e0   Data          64  queue.o(.bss)
    Store_Data                               0x20000210   Data        1024  store.o(.bss)
    __libspace_start                         0x20001a10   Data          96  libspace.o(.bss)
    __temporary_stack_top$libspace           0x20001a70   Data           0  libspace.o(.bss)



==============================================================================

Memory Map of the image

  Image Entry point : 0x080000ed

  Load Region LR_IROM1 (Base: 0x08000000, Size: 0x00003f60, Max: 0x00010000, ABSOLUTE)

    Execution Region ER_IROM1 (Exec base: 0x08000000, Load base: 0x08000000, Size: 0x00003e80, Max: 0x00010000, ABSOLUTE)

    Exec Addr    Load Addr    Size         Type   Attr      Idx    E Section Name        Object

    0x08000000   0x08000000   0x000000ec   Data   RO            3    RESET               startup_stm32f10x_md.o
    0x080000ec   0x080000ec   0x00000008   Code   RO         4916  * !!!main             c_w.l(__main.o)
    0x080000f4   0x080000f4   0x00000034   Code   RO         5092    !!!scatter          c_w.l(__scatter.o)
    0x08000128   0x08000128   0x0000001a   Code   RO         5094    !!handler_copy      c_w.l(__scatter_copy.o)
    0x08000142   0x08000142   0x00000002   PAD
    0x08000144   0x08000144   0x0000001c   Code   RO         5096    !!handler_zi        c_w.l(__scatter_zi.o)
    0x08000160   0x08000160   0x00000002   Code   RO         4960    .ARM.Collect$$libinit$$00000000  c_w.l(libinit.o)
    0x08000162   0x08000162   0x00000000   Code   RO         4967    .ARM.Collect$$libinit$$00000002  c_w.l(libinit2.o)
    0x08000162   0x08000162   0x00000000   Code   RO         4969    .ARM.Collect$$libinit$$00000004  c_w.l(libinit2.o)
    0x08000162   0x08000162   0x00000000   Code   RO         4972    .ARM.Collect$$libinit$$0000000A  c_w.l(libinit2.o)
    0x08000162   0x08000162   0x00000000   Code   RO         4974    .ARM.Collect$$libinit$$0000000C  c_w.l(libinit2.o)
    0x08000162   0x08000162   0x00000000   Code   RO         4976    .ARM.Collect$$libinit$$0000000E  c_w.l(libinit2.o)
    0x08000162   0x08000162   0x00000000   Code   RO         4979    .ARM.Collect$$libinit$$00000011  c_w.l(libinit2.o)
    0x08000162   0x08000162   0x00000000   Code   RO         4981    .ARM.Collect$$libinit$$00000013  c_w.l(libinit2.o)
    0x08000162   0x08000162   0x00000000   Code   RO         4983    .ARM.Collect$$libinit$$00000015  c_w.l(libinit2.o)
    0x08000162   0x08000162   0x00000000   Code   RO         4985    .ARM.Collect$$libinit$$00000017  c_w.l(libinit2.o)
    0x08000162   0x08000162   0x00000000   Code   RO         4987    .ARM.Collect$$libinit$$00000019  c_w.l(libinit2.o)
    0x08000162   0x08000162   0x00000000   Code   RO         4989    .ARM.Collect$$libinit$$0000001B  c_w.l(libinit2.o)
    0x08000162   0x08000162   0x00000000   Code   RO         4991    .ARM.Collect$$libinit$$0000001D  c_w.l(libinit2.o)
    0x08000162   0x08000162   0x00000000   Code   RO         4993    .ARM.Collect$$libinit$$0000001F  c_w.l(libinit2.o)
    0x08000162   0x08000162   0x00000000   Code   RO         4995    .ARM.Collect$$libinit$$00000021  c_w.l(libinit2.o)
    0x08000162   0x08000162   0x00000000   Code   RO         4997    .ARM.Collect$$libinit$$00000023  c_w.l(libinit2.o)
    0x08000162   0x08000162   0x00000000   Code   RO         4999    .ARM.Collect$$libinit$$00000025  c_w.l(libinit2.o)
    0x08000162   0x08000162   0x00000000   Code   RO         5003    .ARM.Collect$$libinit$$0000002C  c_w.l(libinit2.o)
    0x08000162   0x08000162   0x00000000   Code   RO         5005    .ARM.Collect$$libinit$$0000002E  c_w.l(libinit2.o)
    0x08000162   0x08000162   0x00000000   Code   RO         5007    .ARM.Collect$$libinit$$00000030  c_w.l(libinit2.o)
    0x08000162   0x08000162   0x00000000   Code   RO         5009    .ARM.Collect$$libinit$$00000032  c_w.l(libinit2.o)
    0x08000162   0x08000162   0x00000002   Code   RO         5010    .ARM.Collect$$libinit$$00000033  c_w.l(libinit2.o)
    0x08000164   0x08000164   0x00000002   Code   RO         5030    .ARM.Collect$$libshutdown$$00000000  c_w.l(libshutdown.o)
    0x08000166   0x08000166   0x00000000   Code   RO         5043    .ARM.Collect$$libshutdown$$00000002  c_w.l(libshutdown2.o)
    0x08000166   0x08000166   0x00000000   Code   RO         5045    .ARM.Collect$$libshutdown$$00000004  c_w.l(libshutdown2.o)
    0x08000166   0x08000166   0x00000000   Code   RO         5047    .ARM.Collect$$libshutdown$$00000006  c_w.l(libshutdown2.o)
    0x08000166   0x08000166   0x00000000   Code   RO         5050    .ARM.Collect$$libshutdown$$00000009  c_w.l(libshutdown2.o)
    0x08000166   0x08000166   0x00000000   Code   RO         5053    .ARM.Collect$$libshutdown$$0000000C  c_w.l(libshutdown2.o)
    0x08000166   0x08000166   0x00000000   Code   RO         5055    .ARM.Collect$$libshutdown$$0000000E  c_w.l(libshutdown2.o)
    0x08000166   0x08000166   0x00000000   Code   RO         5058    .ARM.Collect$$libshutdown$$00000011  c_w.l(libshutdown2.o)
    0x08000166   0x08000166   0x00000002   Code   RO         5059    .ARM.Collect$$libshutdown$$00000012  c_w.l(libshutdown2.o)
    0x08000168   0x08000168   0x00000000   Code   RO         4918    .ARM.Collect$$rtentry$$00000000  c_w.l(__rtentry.o)
    0x08000168   0x08000168   0x00000000   Code   RO         4933    .ARM.Collect$$rtentry$$00000002  c_w.l(__rtentry2.o)
    0x08000168   0x08000168   0x00000006   Code   RO         4945    .ARM.Collect$$rtentry$$00000004  c_w.l(__rtentry4.o)
    0x0800016e   0x0800016e   0x00000000   Code   RO         4935    .ARM.Collect$$rtentry$$00000009  c_w.l(__rtentry2.o)
    0x0800016e   0x0800016e   0x00000004   Code   RO         4936    .ARM.Collect$$rtentry$$0000000A  c_w.l(__rtentry2.o)
    0x08000172   0x08000172   0x00000000   Code   RO         4938    .ARM.Collect$$rtentry$$0000000C  c_w.l(__rtentry2.o)
    0x08000172   0x08000172   0x00000008   Code   RO         4939    .ARM.Collect$$rtentry$$0000000D  c_w.l(__rtentry2.o)
    0x0800017a   0x0800017a   0x00000002   Code   RO         4964    .ARM.Collect$$rtexit$$00000000  c_w.l(rtexit.o)
    0x0800017c   0x0800017c   0x00000000   Code   RO         5012    .ARM.Collect$$rtexit$$00000002  c_w.l(rtexit2.o)
    0x0800017c   0x0800017c   0x00000004   Code   RO         5013    .ARM.Collect$$rtexit$$00000003  c_w.l(rtexit2.o)
    0x08000180   0x08000180   0x00000006   Code   RO         5014    .ARM.Collect$$rtexit$$00000004  c_w.l(rtexit2.o)
    0x08000186   0x08000186   0x00000002   PAD
    0x08000188   0x08000188   0x00000096   Code   RO         4800    .emb_text           port.o
    0x0800021e   0x0800021e   0x00000002   PAD
    0x08000220   0x08000220   0x00000040   Code   RO            4    .text               startup_stm32f10x_md.o
    0x08000260   0x08000260   0x0000008a   Code   RO         4910    .text               c_w.l(rt_memcpy_v6.o)
    0x080002ea   0x080002ea   0x00000010   Code   RO         4912    .text               c_w.l(aeabi_memset.o)
    0x080002fa   0x080002fa   0x00000006   Code   RO         4914    .text               c_w.l(heapauxi.o)
    0x08000300   0x08000300   0x00000064   Code   RO         4928    .text               c_w.l(rt_memcpy_w.o)
    0x08000364   0x08000364   0x00000044   Code   RO         4930    .text               c_w.l(rt_memclr.o)
    0x080003a8   0x080003a8   0x0000004e   Code   RO         4949    .text               c_w.l(rt_memclr_w.o)
    0x080003f6   0x080003f6   0x0000004a   Code   RO         4951    .text               c_w.l(sys_stackheap_outer.o)
    0x08000440   0x08000440   0x00000012   Code   RO         4953    .text               c_w.l(exit.o)
    0x08000452   0x08000452   0x00000002   PAD
    0x08000454   0x08000454   0x00000008   Code   RO         4961    .text               c_w.l(libspace.o)
    0x0800045c   0x0800045c   0x0000000c   Code   RO         5022    .text               c_w.l(sys_exit.o)
    0x08000468   0x08000468   0x00000002   Code   RO         5033    .text               c_w.l(use_no_semi.o)
    0x0800046a   0x0800046a   0x00000000   Code   RO         5035    .text               c_w.l(indicate_semi.o)
    0x0800046a   0x0800046a   0x00000014   Code   RO         3351    i.Absolute_Difference  gpio.o
    0x0800047e   0x0800047e   0x00000002   PAD
    0x08000480   0x08000480   0x0000001c   Code   RO         3518    i.Back_Keep         pwm.o
    0x0800049c   0x0800049c   0x0000001c   Code   RO         3519    i.Back_Pressure_Down_Quick  pwm.o
    0x080004b8   0x080004b8   0x0000001c   Code   RO         3520    i.Back_Pressure_Down_Slow  pwm.o
    0x080004d4   0x080004d4   0x0000001c   Code   RO         3521    i.Back_Pressure_Up_Quick  pwm.o
    0x080004f0   0x080004f0   0x0000001c   Code   RO         3522    i.Back_Pressure_Up_Slow  pwm.o
    0x0800050c   0x0800050c   0x00000024   Code   RO         3523    i.Back_Release      pwm.o
    0x08000530   0x08000530   0x00000004   Code   RO         4676    i.BusFault_Handler  stm32f10x_it.o
    0x08000534   0x08000534   0x00000104   Code   RO         3644    i.CAN1_Init         can.o
    0x08000638   0x08000638   0x00000050   Code   RO         3645    i.CAN1_SendMesg     can.o
    0x08000688   0x08000688   0x000000a8   Code   RO          507    i.CAN_ClearITPendingBit  stm32f10x_can.o
    0x08000730   0x08000730   0x00000108   Code   RO          511    i.CAN_FilterInit    stm32f10x_can.o
    0x08000838   0x08000838   0x00000012   Code   RO          517    i.CAN_ITConfig      stm32f10x_can.o
    0x0800084a   0x0800084a   0x00000114   Code   RO          518    i.CAN_Init          stm32f10x_can.o
    0x0800095e   0x0800095e   0x000000f0   Code   RO          521    i.CAN_Receive       stm32f10x_can.o
    0x08000a4e   0x08000a4e   0x00000002   PAD
    0x08000a50   0x08000a50   0x00000064   Code   RO         4588    i.CAN_Send_Task     processes.o
    0x08000ab4   0x08000ab4   0x00000126   Code   RO          526    i.CAN_Transmit      stm32f10x_can.o
    0x08000bda   0x08000bda   0x00000002   Code   RO         4677    i.DebugMon_Handler  stm32f10x_it.o
    0x08000bdc   0x08000bdc   0x00000030   Code   RO         3352    i.ESC_DISABLE       gpio.o
    0x08000c0c   0x08000c0c   0x00000030   Code   RO         3354    i.ESC_ENABLE        gpio.o
    0x08000c3c   0x08000c3c   0x0000000c   Code   RO         3524    i.ESC_Release       pwm.o
    0x08000c48   0x08000c48   0x000000b0   Code   RO         4589    i.ESC_Rest_Task     processes.o
    0x08000cf8   0x08000cf8   0x00000018   Code   RO         3355    i.ESC_Status_Flash  gpio.o
    0x08000d10   0x08000d10   0x00000016   Code   RO         3611    i.EXTI2_IRQHandler  key.o
    0x08000d26   0x08000d26   0x00000016   Code   RO         3612    i.EXTI3_IRQHandler  key.o
    0x08000d3c   0x08000d3c   0x00000016   Code   RO         3613    i.EXTI4_IRQHandler  key.o
    0x08000d52   0x08000d52   0x00000002   PAD
    0x08000d54   0x08000d54   0x0000000c   Code   RO          985    i.EXTI_ClearITPendingBit  stm32f10x_exti.o
    0x08000d60   0x08000d60   0x00000028   Code   RO          989    i.EXTI_GetITStatus  stm32f10x_exti.o
    0x08000d88   0x08000d88   0x00000094   Code   RO          990    i.EXTI_Init         stm32f10x_exti.o
    0x08000e1c   0x08000e1c   0x0000004c   Code   RO         1046    i.FLASH_ErasePage   stm32f10x_flash.o
    0x08000e68   0x08000e68   0x00000034   Code   RO         1047    i.FLASH_GetBank1Status  stm32f10x_flash.o
    0x08000e9c   0x08000e9c   0x00000014   Code   RO         1056    i.FLASH_Lock        stm32f10x_flash.o
    0x08000eb0   0x08000eb0   0x00000040   Code   RO         1059    i.FLASH_ProgramHalfWord  stm32f10x_flash.o
    0x08000ef0   0x08000ef0   0x00000018   Code   RO         1064    i.FLASH_Unlock      stm32f10x_flash.o
    0x08000f08   0x08000f08   0x00000026   Code   RO         1068    i.FLASH_WaitForLastOperation  stm32f10x_flash.o
    0x08000f2e   0x08000f2e   0x00000002   PAD
    0x08000f30   0x08000f30   0x00000030   Code   RO         4643    i.First_Task        task_schedule.o
    0x08000f60   0x08000f60   0x0000001c   Code   RO         3525    i.Front_Keep        pwm.o
    0x08000f7c   0x08000f7c   0x0000001c   Code   RO         3526    i.Front_Pressure_Down_Quick  pwm.o
    0x08000f98   0x08000f98   0x0000001c   Code   RO         3527    i.Front_Pressure_Down_Slow  pwm.o
    0x08000fb4   0x08000fb4   0x0000001c   Code   RO         3528    i.Front_Pressure_Up_Quick  pwm.o
    0x08000fd0   0x08000fd0   0x0000001c   Code   RO         3529    i.Front_Pressure_Up_Slow  pwm.o
    0x08000fec   0x08000fec   0x00000028   Code   RO         3530    i.Front_Release     pwm.o
    0x08001014   0x08001014   0x00000084   Code   RO         3356    i.GPIOS_Init        gpio.o
    0x08001098   0x08001098   0x00000040   Code   RO         1344    i.GPIO_EXTILineConfig  stm32f10x_gpio.o
    0x080010d8   0x080010d8   0x00000116   Code   RO         1347    i.GPIO_Init         stm32f10x_gpio.o
    0x080011ee   0x080011ee   0x00000002   PAD
    0x080011f0   0x080011f0   0x00000090   Code   RO         1349    i.GPIO_PinRemapConfig  stm32f10x_gpio.o
    0x08001280   0x08001280   0x00000012   Code   RO         1353    i.GPIO_ReadOutputDataBit  stm32f10x_gpio.o
    0x08001292   0x08001292   0x00000004   Code   RO         1354    i.GPIO_ResetBits    stm32f10x_gpio.o
    0x08001296   0x08001296   0x00000004   Code   RO         1355    i.GPIO_SetBits      stm32f10x_gpio.o
    0x0800129a   0x0800129a   0x00000004   Code   RO         4678    i.HardFault_Handler  stm32f10x_it.o
    0x0800129e   0x0800129e   0x00000002   PAD
    0x080012a0   0x080012a0   0x0000003c   Code   RO         4590    i.Hardware_Init     processes.o
    0x080012dc   0x080012dc   0x000000c0   Code   RO         3614    i.KEY_Init          key.o
    0x0800139c   0x0800139c   0x0000002c   Code   RO         3357    i.LED1_FLASH        gpio.o
    0x080013c8   0x080013c8   0x0000002c   Code   RO         3360    i.LED2_FLASH        gpio.o
    0x080013f4   0x080013f4   0x0000002c   Code   RO         3363    i.LED3_FLASH        gpio.o
    0x08001420   0x08001420   0x00000004   Code   RO         4679    i.MemManage_Handler  stm32f10x_it.o
    0x08001424   0x08001424   0x00000014   Code   RO         3221    i.MyFLASH_ErasePage  myflash.o
    0x08001438   0x08001438   0x00000018   Code   RO         3222    i.MyFLASH_ProgramHalfWord  myflash.o
    0x08001450   0x08001450   0x00000006   Code   RO         3225    i.MyFLASH_ReadHalfWord  myflash.o
    0x08001456   0x08001456   0x00000002   Code   RO         4680    i.NMI_Handler       stm32f10x_it.o
    0x08001458   0x08001458   0x00000070   Code   RO          137    i.NVIC_Init         misc.o
    0x080014c8   0x080014c8   0x00000014   Code   RO          138    i.NVIC_PriorityGroupConfig  misc.o
    0x080014dc   0x080014dc   0x000004f0   Code   RO         3531    i.PWM_Init          pwm.o
    0x080019cc   0x080019cc   0x000002f8   Code   RO         4591    i.PWM_Task          processes.o
    0x08001cc4   0x08001cc4   0x00000008   Code   RO         3366    i.Positive_Difference  gpio.o
    0x08001ccc   0x08001ccc   0x00000020   Code   RO         1775    i.RCC_APB1PeriphClockCmd  stm32f10x_rcc.o
    0x08001cec   0x08001cec   0x00000020   Code   RO         1777    i.RCC_APB2PeriphClockCmd  stm32f10x_rcc.o
    0x08001d0c   0x08001d0c   0x00000008   Code   RO           24    i.SetSysClock       system_stm32f10x.o
    0x08001d14   0x08001d14   0x000000e0   Code   RO           25    i.SetSysClockTo72   system_stm32f10x.o
    0x08001df4   0x08001df4   0x000000cc   Code   RO         4644    i.Start_Task        task_schedule.o
    0x08001ec0   0x08001ec0   0x00000064   Code   RO         4722    i.Store_Init        store.o
    0x08001f24   0x08001f24   0x00000030   Code   RO         4723    i.Store_Save        store.o
    0x08001f54   0x08001f54   0x00000034   Code   RO         4801    i.SysTick_Handler   port.o
    0x08001f88   0x08001f88   0x00000060   Code   RO           27    i.SystemInit        system_stm32f10x.o
    0x08001fe8   0x08001fe8   0x00000018   Code   RO         2421    i.TIM_Cmd           stm32f10x_tim.o
    0x08002000   0x08002000   0x0000001e   Code   RO         2423    i.TIM_CtrlPWMOutputs  stm32f10x_tim.o
    0x0800201e   0x0800201e   0x00000002   PAD
    0x08002020   0x08002020   0x00000098   Code   RO         2450    i.TIM_OC1Init       stm32f10x_tim.o
    0x080020b8   0x080020b8   0x00000012   Code   RO         2453    i.TIM_OC1PreloadConfig  stm32f10x_tim.o
    0x080020ca   0x080020ca   0x00000002   PAD
    0x080020cc   0x080020cc   0x000000a4   Code   RO         2455    i.TIM_OC2Init       stm32f10x_tim.o
    0x08002170   0x08002170   0x0000001a   Code   RO         2458    i.TIM_OC2PreloadConfig  stm32f10x_tim.o
    0x0800218a   0x0800218a   0x00000002   PAD
    0x0800218c   0x0800218c   0x000000a0   Code   RO         2460    i.TIM_OC3Init       stm32f10x_tim.o
    0x0800222c   0x0800222c   0x00000012   Code   RO         2463    i.TIM_OC3PreloadConfig  stm32f10x_tim.o
    0x0800223e   0x0800223e   0x00000002   PAD
    0x08002240   0x08002240   0x0000007c   Code   RO         2465    i.TIM_OC4Init       stm32f10x_tim.o
    0x080022bc   0x080022bc   0x0000001a   Code   RO         2467    i.TIM_OC4PreloadConfig  stm32f10x_tim.o
    0x080022d6   0x080022d6   0x00000004   Code   RO         2482    i.TIM_SetCompare1   stm32f10x_tim.o
    0x080022da   0x080022da   0x00000004   Code   RO         2483    i.TIM_SetCompare2   stm32f10x_tim.o
    0x080022de   0x080022de   0x00000004   Code   RO         2484    i.TIM_SetCompare3   stm32f10x_tim.o
    0x080022e2   0x080022e2   0x00000006   Code   RO         2485    i.TIM_SetCompare4   stm32f10x_tim.o
    0x080022e8   0x080022e8   0x000000a4   Code   RO         2492    i.TIM_TimeBaseInit  stm32f10x_tim.o
    0x0800238c   0x0800238c   0x000001ec   Code   RO         4592    i.Turn_on_Timing_Task  processes.o
    0x08002578   0x08002578   0x0000018c   Code   RO         3646    i.USB_LP_CAN1_RX0_IRQHandler  can.o
    0x08002704   0x08002704   0x00000004   Code   RO         4681    i.UsageFault_Handler  stm32f10x_it.o
    0x08002708   0x08002708   0x0000000e   Code   RO         4664    i.main              main.o
    0x08002716   0x08002716   0x00000002   PAD
    0x08002718   0x08002718   0x0000007c   Code   RO         4094    i.prvAddCurrentTaskToDelayedList  tasks.o
    0x08002794   0x08002794   0x000000b8   Code   RO         4095    i.prvAddNewTaskToReadyList  tasks.o
    0x0800284c   0x0800284c   0x00000064   Code   RO         4458    i.prvCheckForValidListAndQueue  timers.o
    0x080028b0   0x080028b0   0x00000064   Code   RO         4096    i.prvCheckTasksWaitingTermination  tasks.o
    0x08002914   0x08002914   0x0000002a   Code   RO         3858    i.prvCopyDataFromQueue  queue.o
    0x0800293e   0x0800293e   0x0000007c   Code   RO         3859    i.prvCopyDataToQueue  queue.o
    0x080029ba   0x080029ba   0x00000012   Code   RO         4097    i.prvDeleteTCB      tasks.o
    0x080029cc   0x080029cc   0x00000028   Code   RO         4459    i.prvGetNextExpireTime  timers.o
    0x080029f4   0x080029f4   0x0000007c   Code   RO         4751    i.prvHeapInit       heap_4.o
    0x08002a70   0x08002a70   0x00000028   Code   RO         4098    i.prvIdleTask       tasks.o
    0x08002a98   0x08002a98   0x0000002e   Code   RO         3861    i.prvInitialiseNewQueue  queue.o
    0x08002ac6   0x08002ac6   0x00000090   Code   RO         4099    i.prvInitialiseNewTask  tasks.o
    0x08002b56   0x08002b56   0x00000002   PAD
    0x08002b58   0x08002b58   0x00000068   Code   RO         4100    i.prvInitialiseTaskLists  tasks.o
    0x08002bc0   0x08002bc0   0x00000068   Code   RO         4752    i.prvInsertBlockIntoFreeList  heap_4.o
    0x08002c28   0x08002c28   0x00000058   Code   RO         4461    i.prvInsertTimerInActiveList  timers.o
    0x08002c80   0x08002c80   0x0000001a   Code   RO         3862    i.prvIsQueueEmpty   queue.o
    0x08002c9a   0x08002c9a   0x0000001e   Code   RO         3863    i.prvIsQueueFull    queue.o
    0x08002cb8   0x08002cb8   0x00000052   Code   RO         3864    i.prvNotifyQueueSetContainer  queue.o
    0x08002d0a   0x08002d0a   0x00000002   PAD
    0x08002d0c   0x08002d0c   0x0000004c   Code   RO         4462    i.prvProcessExpiredTimer  timers.o
    0x08002d58   0x08002d58   0x000000d0   Code   RO         4463    i.prvProcessReceivedCommands  timers.o
    0x08002e28   0x08002e28   0x00000074   Code   RO         4464    i.prvProcessTimerOrBlockTask  timers.o
    0x08002e9c   0x08002e9c   0x00000034   Code   RO         4102    i.prvResetNextTaskUnblockTime  tasks.o
    0x08002ed0   0x08002ed0   0x0000002c   Code   RO         4465    i.prvSampleTimeNow  timers.o
    0x08002efc   0x08002efc   0x00000084   Code   RO         4466    i.prvSwitchTimerLists  timers.o
    0x08002f80   0x08002f80   0x00000016   Code   RO         4802    i.prvTaskExitError  port.o
    0x08002f96   0x08002f96   0x0000001a   Code   RO         4467    i.prvTimerTask      timers.o
    0x08002fb0   0x08002fb0   0x00000092   Code   RO         3865    i.prvUnlockQueue    queue.o
    0x08003042   0x08003042   0x00000002   PAD
    0x08003044   0x08003044   0x000000d0   Code   RO         4753    i.pvPortMalloc      heap_4.o
    0x08003114   0x08003114   0x00000020   Code   RO         4106    i.pvTaskIncrementMutexHeldCount  tasks.o
    0x08003134   0x08003134   0x00000024   Code   RO         4803    i.pxPortInitialiseStack  port.o
    0x08003158   0x08003158   0x00000028   Code   RO         3821    i.uxListRemove      list.o
    0x08003180   0x08003180   0x0000001a   Code   RO         3822    i.vListInitialise   list.o
    0x0800319a   0x0800319a   0x00000006   Code   RO         3823    i.vListInitialiseItem  list.o
    0x080031a0   0x080031a0   0x00000034   Code   RO         3824    i.vListInsert       list.o
    0x080031d4   0x080031d4   0x00000018   Code   RO         3825    i.vListInsertEnd    list.o
    0x080031ec   0x080031ec   0x00000024   Code   RO         4805    i.vPortEnterCritical  port.o
    0x08003210   0x08003210   0x00000020   Code   RO         4806    i.vPortExitCritical  port.o
    0x08003230   0x08003230   0x00000048   Code   RO         4754    i.vPortFree         heap_4.o
    0x08003278   0x08003278   0x00000020   Code   RO         4807    i.vPortSetupTimerInterrupt  port.o
    0x08003298   0x08003298   0x0000002c   Code   RO         3871    i.vQueueAddToRegistry  queue.o
    0x080032c4   0x080032c4   0x0000004a   Code   RO         3875    i.vQueueWaitForMessageRestricted  queue.o
    0x0800330e   0x0800330e   0x00000002   PAD
    0x08003310   0x08003310   0x00000034   Code   RO         4114    i.vTaskDelay        tasks.o
    0x08003344   0x08003344   0x000000a0   Code   RO         4116    i.vTaskDelete       tasks.o
    0x080033e4   0x080033e4   0x0000000c   Code   RO         4120    i.vTaskMissedYield  tasks.o
    0x080033f0   0x080033f0   0x00000020   Code   RO         4122    i.vTaskPlaceOnEventList  tasks.o
    0x08003410   0x08003410   0x00000028   Code   RO         4123    i.vTaskPlaceOnEventListRestricted  tasks.o
    0x08003438   0x08003438   0x0000008c   Code   RO         4125    i.vTaskPriorityInherit  tasks.o
    0x080034c4   0x080034c4   0x00000018   Code   RO         4129    i.vTaskSetTimeOutState  tasks.o
    0x080034dc   0x080034dc   0x00000070   Code   RO         4130    i.vTaskStartScheduler  tasks.o
    0x0800354c   0x0800354c   0x00000010   Code   RO         4132    i.vTaskSuspendAll   tasks.o
    0x0800355c   0x0800355c   0x00000078   Code   RO         4133    i.vTaskSwitchContext  tasks.o
    0x080035d4   0x080035d4   0x00000034   Code   RO         4808    i.xPortStartScheduler  port.o
    0x08003608   0x08003608   0x00000038   Code   RO         3880    i.xQueueGenericCreate  queue.o
    0x08003640   0x08003640   0x0000015c   Code   RO         3881    i.xQueueGenericReceive  queue.o
    0x0800379c   0x0800379c   0x00000080   Code   RO         3882    i.xQueueGenericReset  queue.o
    0x0800381c   0x0800381c   0x00000138   Code   RO         3883    i.xQueueGenericSend  queue.o
    0x08003954   0x08003954   0x0000009c   Code   RO         3884    i.xQueueGenericSendFromISR  queue.o
    0x080039f0   0x080039f0   0x0000005c   Code   RO         4134    i.xTaskCheckForTimeOut  tasks.o
    0x08003a4c   0x08003a4c   0x00000060   Code   RO         4135    i.xTaskCreate       tasks.o
    0x08003aac   0x08003aac   0x00000020   Code   RO         4139    i.xTaskGetSchedulerState  tasks.o
    0x08003acc   0x08003acc   0x0000000c   Code   RO         4140    i.xTaskGetTickCount  tasks.o
    0x08003ad8   0x08003ad8   0x00000118   Code   RO         4142    i.xTaskIncrementTick  tasks.o
    0x08003bf0   0x08003bf0   0x00000060   Code   RO         4145    i.xTaskPriorityDisinherit  tasks.o
    0x08003c50   0x08003c50   0x00000080   Code   RO         4146    i.xTaskRemoveFromEventList  tasks.o
    0x08003cd0   0x08003cd0   0x000000e8   Code   RO         4148    i.xTaskResumeAll    tasks.o
    0x08003db8   0x08003db8   0x0000003c   Code   RO         4471    i.xTimerCreateTimerTask  timers.o
    0x08003df4   0x08003df4   0x0000006c   Code   RO         4472    i.xTimerGenericCommand  timers.o
    0x08003e60   0x08003e60   0x00000020   Data   RO         5090    Region$$Table       anon$$obj.o


    Execution Region RW_IRAM1 (Exec base: 0x20000000, Load base: 0x08003e80, Size: 0x00002070, Max: 0x00005000, ABSOLUTE)

    Exec Addr    Load Addr    Size         Type   Attr      Idx    E Section Name        Object

    0x20000000   0x08003e80   0x00000014   Data   RW           28    .data               system_stm32f10x.o
    0x20000014   0x08003e94   0x00000004   Data   RW         3532    .data               pwm.o
    0x20000018   0x08003e98   0x0000003d   Data   RW         3647    .data               can.o
    0x20000055   0x08003ed5   0x00000003   PAD
    0x20000058   0x08003ed8   0x0000003c   Data   RW         4151    .data               tasks.o
    0x20000094   0x08003f14   0x00000014   Data   RW         4480    .data               timers.o
    0x200000a8   0x08003f28   0x0000001c   Data   RW         4645    .data               task_schedule.o
    0x200000c4   0x08003f44   0x00000018   Data   RW         4759    .data               heap_4.o
    0x200000dc   0x08003f5c   0x00000004   Data   RW         4809    .data               port.o
    0x200000e0        -       0x00000040   Zero   RW         3895    .bss                queue.o
    0x20000120        -       0x000000c8   Zero   RW         4150    .bss                tasks.o
    0x200001e8        -       0x00000028   Zero   RW         4479    .bss                timers.o
    0x20000210        -       0x00000400   Zero   RW         4724    .bss                store.o
    0x20000610        -       0x00001400   Zero   RW         4758    .bss                heap_4.o
    0x20001a10        -       0x00000060   Zero   RW         4962    .bss                c_w.l(libspace.o)
    0x20001a70        -       0x00000200   Zero   RW            2    HEAP                startup_stm32f10x_md.o
    0x20001c70        -       0x00000400   Zero   RW            1    STACK               startup_stm32f10x_md.o


==============================================================================

Image component sizes


      Code (inc. data)   RO Data    RW Data    ZI Data      Debug   Object Name

       736         76          0         61          0       3893   can.o
         0          0          0          0          0       4540   core_cm3.o
         0          0          0          0          0       9436   croutine.o
         0          0          0          0          0      11244   event_groups.o
       412         52          0          0          0       4074   gpio.o
       508         62          0         24       5120       3511   heap_4.o
       258          4          0          0          0       1880   key.o
       148          0          0          0          0       2834   list.o
        14          0          0          0          0        415   main.o
       132         22          0          0          0     204611   misc.o
        50          0          0          0          0     243761   myflash.o
       412         50          0          4          0       8184   port.o
      1588        194          0          0          0       3089   processes.o
      1632        148          0          4          0       6897   pwm.o
      1614         22          0          0         64      14597   queue.o
        64         26        236          0       1536        792   startup_stm32f10x_md.o
      1260         12          0          0          0      12696   stm32f10x_can.o
       200         18          0          0          0       3936   stm32f10x_exti.o
       274         30          0          0          0       9298   stm32f10x_flash.o
       512         10          0          0          0      12913   stm32f10x_gpio.o
        20          0          0          0          0       2321   stm32f10x_it.o
        64         12          0          0          0       1010   stm32f10x_rcc.o
       924         92          0          0          0      28850   stm32f10x_tim.o
       148         18          0          0       1024       1535   store.o
       328         28          0         20          0       1945   system_stm32f10x.o
       252        122          0         28          0       1525   task_schedule.o
      2474        390          0         60        200      26687   tasks.o
       998        114          0         20         40       7951   timers.o

    ----------------------------------------------------------------------
     15054       1502        268        224       7984     634425   Object Totals
         0          0         32          0          0          0   (incl. Generated)
        32          0          0          3          0          0   (incl. Padding)

    ----------------------------------------------------------------------

      Code (inc. data)   RO Data    RW Data    ZI Data      Debug   Library Member Name

         8          0          0          0          0         68   __main.o
         0          0          0          0          0          0   __rtentry.o
        12          0          0          0          0          0   __rtentry2.o
         6          0          0          0          0          0   __rtentry4.o
        52          8          0          0          0          0   __scatter.o
        26          0          0          0          0          0   __scatter_copy.o
        28          0          0          0          0          0   __scatter_zi.o
        16          0          0          0          0         68   aeabi_memset.o
        18          0          0          0          0         80   exit.o
         6          0          0          0          0        152   heapauxi.o
         0          0          0          0          0          0   indicate_semi.o
         2          0          0          0          0          0   libinit.o
         2          0          0          0          0          0   libinit2.o
         2          0          0          0          0          0   libshutdown.o
         2          0          0          0          0          0   libshutdown2.o
         8          4          0          0         96         68   libspace.o
        68          0          0          0          0         68   rt_memclr.o
        78          0          0          0          0         80   rt_memclr_w.o
       138          0          0          0          0         68   rt_memcpy_v6.o
       100          0          0          0          0         80   rt_memcpy_w.o
         2          0          0          0          0          0   rtexit.o
        10          0          0          0          0          0   rtexit2.o
        12          4          0          0          0         68   sys_exit.o
        74          0          0          0          0         80   sys_stackheap_outer.o
         2          0          0          0          0         68   use_no_semi.o

    ----------------------------------------------------------------------
       678         16          0          0         96        948   Library Totals
         6          0          0          0          0          0   (incl. Padding)

    ----------------------------------------------------------------------

      Code (inc. data)   RO Data    RW Data    ZI Data      Debug   Library Name

       672         16          0          0         96        948   c_w.l

    ----------------------------------------------------------------------
       678         16          0          0         96        948   Library Totals

    ----------------------------------------------------------------------

==============================================================================


      Code (inc. data)   RO Data    RW Data    ZI Data      Debug   

     15732       1518        268        224       8080     626789   Grand Totals
     15732       1518        268        224       8080     626789   ELF Image Totals
     15732       1518        268        224          0          0   ROM Totals

==============================================================================

    Total RO  Size (Code + RO Data)                16000 (  15.63kB)
    Total RW  Size (RW Data + ZI Data)              8304 (   8.11kB)
    Total ROM Size (Code + RO Data + RW Data)      16224 (  15.84kB)

==============================================================================

