Component: ARM Compiler 5.06 update 7 (build 960) Tool: armlink [4d3601]

==============================================================================

Section Cross References

    startup_stm32f10x_md.o(STACK) refers (Special) to heapauxi.o(.text) for __use_two_region_memory
    startup_stm32f10x_md.o(HEAP) refers (Special) to heapauxi.o(.text) for __use_two_region_memory
    startup_stm32f10x_md.o(RESET) refers (Special) to heapauxi.o(.text) for __use_two_region_memory
    startup_stm32f10x_md.o(RESET) refers to startup_stm32f10x_md.o(STACK) for __initial_sp
    startup_stm32f10x_md.o(RESET) refers to startup_stm32f10x_md.o(.text) for Reset_Handler
    startup_stm32f10x_md.o(RESET) refers to stm32f10x_it.o(i.NMI_Handler) for NMI_Handler
    startup_stm32f10x_md.o(RESET) refers to stm32f10x_it.o(i.HardFault_Handler) for HardFault_Handler
    startup_stm32f10x_md.o(RESET) refers to stm32f10x_it.o(i.MemManage_Handler) for MemManage_Handler
    startup_stm32f10x_md.o(RESET) refers to stm32f10x_it.o(i.BusFault_Handler) for BusFault_Handler
    startup_stm32f10x_md.o(RESET) refers to stm32f10x_it.o(i.UsageFault_Handler) for UsageFault_Handler
    startup_stm32f10x_md.o(RESET) refers to port.o(.emb_text) for SVC_Handler
    startup_stm32f10x_md.o(RESET) refers to stm32f10x_it.o(i.DebugMon_Handler) for DebugMon_Handler
    startup_stm32f10x_md.o(RESET) refers to port.o(i.SysTick_Handler) for SysTick_Handler
    startup_stm32f10x_md.o(RESET) refers to key.o(i.EXTI2_IRQHandler) for EXTI2_IRQHandler
    startup_stm32f10x_md.o(RESET) refers to key.o(i.EXTI3_IRQHandler) for EXTI3_IRQHandler
    startup_stm32f10x_md.o(RESET) refers to key.o(i.EXTI4_IRQHandler) for EXTI4_IRQHandler
    startup_stm32f10x_md.o(RESET) refers to can.o(i.USB_LP_CAN1_RX0_IRQHandler) for USB_LP_CAN1_RX0_IRQHandler
    startup_stm32f10x_md.o(.text) refers (Special) to heapauxi.o(.text) for __use_two_region_memory
    startup_stm32f10x_md.o(.text) refers to system_stm32f10x.o(i.SystemInit) for SystemInit
    startup_stm32f10x_md.o(.text) refers to __main.o(!!!main) for __main
    startup_stm32f10x_md.o(.text) refers to startup_stm32f10x_md.o(HEAP) for Heap_Mem
    startup_stm32f10x_md.o(.text) refers to startup_stm32f10x_md.o(STACK) for Stack_Mem
    system_stm32f10x.o(i.SetSysClock) refers to system_stm32f10x.o(i.SetSysClockTo72) for SetSysClockTo72
    system_stm32f10x.o(i.SystemCoreClockUpdate) refers to system_stm32f10x.o(.data) for SystemCoreClock
    system_stm32f10x.o(i.SystemInit) refers to system_stm32f10x.o(i.SetSysClock) for SetSysClock
    stm32f10x_adc.o(i.ADC_DeInit) refers to stm32f10x_rcc.o(i.RCC_APB2PeriphResetCmd) for RCC_APB2PeriphResetCmd
    stm32f10x_bkp.o(i.BKP_DeInit) refers to stm32f10x_rcc.o(i.RCC_BackupResetCmd) for RCC_BackupResetCmd
    stm32f10x_can.o(i.CAN_DeInit) refers to stm32f10x_rcc.o(i.RCC_APB1PeriphResetCmd) for RCC_APB1PeriphResetCmd
    stm32f10x_can.o(i.CAN_GetITStatus) refers to stm32f10x_can.o(i.CheckITStatus) for CheckITStatus
    stm32f10x_cec.o(i.CEC_DeInit) refers to stm32f10x_rcc.o(i.RCC_APB1PeriphResetCmd) for RCC_APB1PeriphResetCmd
    stm32f10x_dac.o(i.DAC_DeInit) refers to stm32f10x_rcc.o(i.RCC_APB1PeriphResetCmd) for RCC_APB1PeriphResetCmd
    stm32f10x_flash.o(i.FLASH_EnableWriteProtection) refers to stm32f10x_flash.o(i.FLASH_WaitForLastOperation) for FLASH_WaitForLastOperation
    stm32f10x_flash.o(i.FLASH_EraseAllBank1Pages) refers to stm32f10x_flash.o(i.FLASH_WaitForLastBank1Operation) for FLASH_WaitForLastBank1Operation
    stm32f10x_flash.o(i.FLASH_EraseAllPages) refers to stm32f10x_flash.o(i.FLASH_WaitForLastOperation) for FLASH_WaitForLastOperation
    stm32f10x_flash.o(i.FLASH_EraseOptionBytes) refers to stm32f10x_flash.o(i.FLASH_GetReadOutProtectionStatus) for FLASH_GetReadOutProtectionStatus
    stm32f10x_flash.o(i.FLASH_EraseOptionBytes) refers to stm32f10x_flash.o(i.FLASH_WaitForLastOperation) for FLASH_WaitForLastOperation
    stm32f10x_flash.o(i.FLASH_ErasePage) refers to stm32f10x_flash.o(i.FLASH_WaitForLastOperation) for FLASH_WaitForLastOperation
    stm32f10x_flash.o(i.FLASH_ProgramHalfWord) refers to stm32f10x_flash.o(i.FLASH_WaitForLastOperation) for FLASH_WaitForLastOperation
    stm32f10x_flash.o(i.FLASH_ProgramOptionByteData) refers to stm32f10x_flash.o(i.FLASH_WaitForLastOperation) for FLASH_WaitForLastOperation
    stm32f10x_flash.o(i.FLASH_ProgramWord) refers to stm32f10x_flash.o(i.FLASH_WaitForLastOperation) for FLASH_WaitForLastOperation
    stm32f10x_flash.o(i.FLASH_ReadOutProtection) refers to stm32f10x_flash.o(i.FLASH_WaitForLastOperation) for FLASH_WaitForLastOperation
    stm32f10x_flash.o(i.FLASH_UserOptionByteConfig) refers to stm32f10x_flash.o(i.FLASH_WaitForLastOperation) for FLASH_WaitForLastOperation
    stm32f10x_flash.o(i.FLASH_WaitForLastBank1Operation) refers to stm32f10x_flash.o(i.FLASH_GetBank1Status) for FLASH_GetBank1Status
[...]
    Library\stm32f10x_sdio.c                 0x00000000   Number         0  stm32f10x_sdio.o ABSOLUTE
    Library\stm32f10x_spi.c                  0x00000000   Number         0  stm32f10x_spi.o ABSOLUTE
    Library\stm32f10x_tim.c                  0x00000000   Number         0  stm32f10x_tim.o ABSOLUTE
    Library\stm32f10x_usart.c                0x00000000   Number         0  stm32f10x_usart.o ABSOLUTE
    Library\stm32f10x_wwdg.c                 0x00000000   Number         0  stm32f10x_wwdg.o ABSOLUTE
    Start\\core_cm3.c                        0x00000000   Number         0  core_cm3.o ABSOLUTE
    Start\core_cm3.c                         0x00000000   Number         0  core_cm3.o ABSOLUTE
    Start\startup_stm32f10x_md.s             0x00000000   Number         0  startup_stm32f10x_md.o ABSOLUTE
    Start\system_stm32f10x.c                 0x00000000   Number         0  system_stm32f10x.o ABSOLUTE
    User\main.c                              0x00000000   Number         0  main.o ABSOLUTE
    User\stm32f10x_it.c                      0x00000000   Number         0  stm32f10x_it.o ABSOLUTE
    dc.s                                     0x00000000   Number         0  dc.o ABSOLUTE
    RESET                                    0x08000000   Section      236  startup_stm32f10x_md.o(RESET)
    !!!main                                  0x080000ec   Section        8  __main.o(!!!main)
    !!!scatter                               0x080000f4   Section       52  __scatter.o(!!!scatter)
    !!handler_copy                           0x08000128   Section       26  __scatter_copy.o(!!handler_copy)
    !!handler_zi                             0x08000144   Section       28  __scatter_zi.o(!!handler_zi)
    .ARM.Collect$$libinit$$00000000          0x08000160   Section        2  libinit.o(.ARM.Collect$$libinit$$00000000)
    .ARM.Collect$$libinit$$00000002          0x08000162   Section        0  libinit2.o(.ARM.Collect$$libinit$$00000002)
    .ARM.Collect$$libinit$$00000004          0x08000162   Section        0  libinit2.o(.ARM.Collect$$libinit$$00000004)
    .ARM.Collect$$libinit$$0000000A          0x08000162   Section        0  libinit2.o(.ARM.Collect$$libinit$$0000000A)
    .ARM.Collect$$libinit$$0000000C          0x08000162   Section        0  libinit2.o(.ARM.Collect$$libinit$$0000000C)
    .ARM.Collect$$libinit$$0000000E          0x08000162   Section        0  libinit2.o(.ARM.Collect$$libinit$$0000000E)
    .ARM.Collect$$libinit$$00000011          0x08000162   Section        0  libinit2.o(.ARM.Collect$$libinit$$00000011)
    .ARM.Collect$$libinit$$00000013          0x08000162   Section        0  libinit2.o(.ARM.Collect$$libinit$$00000013)
    .ARM.Collect$$libinit$$00000015          0x08000162   Section        0  libinit2.o(.ARM.Collect$$libinit$$00000015)
    .ARM.Collect$$libinit$$00000017          0x08000162   Section        0  libinit2.o(.ARM.Collect$$libinit$$00000017)
    .ARM.Collect$$libinit$$00000019          0x08000162   Section        0  libinit2.o(.ARM.Collect$$libinit$$00000019)
    .ARM.Collect$$libinit$$0000001B          0x08000162   Section        0  libinit2.o(.ARM.Collect$$libinit$$0000001B)
    .ARM.Collect$$libinit$$0000001D          0x08000162   Section        0  libinit2.o(.ARM.Collect$$libinit$$0000001D)
    .ARM.Collect$$libinit$$0000001F          0x08000162   Section        0  libinit2.o(.ARM.Collect$$libinit$$0000001F)
    .ARM.Collect$$libinit$$00000021          0x08000162   Section        0  libinit2.o(.ARM.Collect$$libinit$$00000021)
    .ARM.Collect$$libinit$$00000023          0x08000162   Section        0  libinit2.o(.ARM.Collect$$libinit$$00000023)
    .ARM.Collect$$libinit$$00000025          0x08000162   Section        0  libinit2.o(.ARM.Collect$$libinit$$00000025)
    .ARM.Collect$$libinit$$0000002C          0x08000162   Section        0  libinit2.o(.ARM.Collect$$libinit$$0000002C)
    .ARM.Collect$$libinit$$0000002E          0x08000162   Section        0  libinit2.o(.ARM.Collect$$libinit$$0000002E)
    .ARM.Collect$$libinit$$00000030          0x08000162   Section        0  libinit2.o(.ARM.Collect$$libinit$$00000030)
    .ARM.Collect$$libinit$$00000032          0x08000162   Section        0  libinit2.o(.ARM.Collect$$libinit$$00000032)
    .ARM.Collect$$libinit$$00000033          0x08000162   Section        2  libinit2.o(.ARM.Collect$$libinit$$00000033)
    .ARM.Collect$$libshutdown$$00000000      0x08000164   Section        2  libshutdown.o(.ARM.Collect$$libshutdown$$00000000)
    .ARM.Collect$$libshutdown$$00000002      0x08000166   Section        0  libshutdown2.o(.ARM.Collect$$libshutdown$$00000002)
    .ARM.Collect$$libshutdown$$00000004      0x08000166   Section        0  libshutdown2.o(.ARM.Collect$$libshutdown$$00000004)
    .ARM.Collect$$libshutdown$$00000006      0x08000166   Section        0  libshutdown2.o(.ARM.Collect$$libshutdown$$00000006)
    .ARM.Collect$$libshutdown$$00000009      0x08000166   Section        0  libshutdown2.o(.ARM.Collect$$libshutdown$$00000009)
    .ARM.Collect$$libshutdown$$0000000C      0x08000166   Section        0  libshutdown2.o(.ARM.Collect$$libshutdown$$0000000C)
    .ARM.Collect$$libshutdown$$0000000E      0x08000166   Section        0  libshutdown2.o(.ARM.Collect$$libshutdown$$0000000E)
    .ARM.Collect$$libshutdown$$00000011      0x08000166   Section        0  libshutdown2.o(.ARM.Collect$$libshutdown$$00000011)
    .ARM.Collect$$libshutdown$$00000012      0x08000166   Section        2  libshutdown2.o(.ARM.Collect$$libshutdown$$00000012)
    .ARM.Collect$$rtentry$$00000000          0x08000168   Section        0  __rtentry.o(.ARM.Collect$$rtentry$$00000000)
    .ARM.Collect$$rtentry$$00000002          0x08000168   Section        0  __rtentry2.o(.ARM.Collect$$rtentry$$00000002)
    .ARM.Collect$$rtentry$$00000004          0x08000168   Section        6  __rtentry4.o(.ARM.Collect$$rtentry$$00000004)
    .ARM.Collect$$rtentry$$00000009          0x0800016e   Section        0  __rtentry2.o(.ARM.Collect$$rtentry$$00000009)
    .ARM.Collect$$rtentry$$0000000A          0x0800016e   Section        4  __rtentry2.o(.ARM.Collect$$rtentry$$0000000A)
    .ARM.Collect$$rtentry$$0000000C          0x08000172   Section        0  __rtentry2.o(.ARM.Collect$$rtentry$$0000000C)
    .ARM.Collect$$rtentry$$0000000D          0x08000172   Section        8  __rtentry2.o(.ARM.Collect$$rtentry$$0000000D)
    .ARM.Collect$$rtexit$$00000000           0x0800017a   Section        2  rtexit.o(.ARM.Collect$$rtexit$$00000000)
    .ARM.Collect$$rtexit$$00000002           0x0800017c   Section        0  rtexit2.o(.ARM.Collect$$rtexit$$00000002)
    .ARM.Collect$$rtexit$$00000003           0x0800017c   Section        4  rtexit2.o(.ARM.Collect$$rtexit$$00000003)
    .ARM.Collect$$rtexit$$00000004           0x08000180   Section        6  rtexit2.o(.ARM.Collect$$rtexit$$00000004)
    .emb_text                                0x08000188   Section      150  port.o(.emb_text)
    .text                                    0x08000220   Section       64  startup_stm32f10x_md.o(.text)
    .text                                    0x08000260   Section      138  rt_memcpy_v6.o(.text)
    .text                                    0x080002ea   Section       16  aeabi_memset.o(.text)
    .text                                    0x080002fa   Section        0  heapauxi.o(.text)
    .text                                    0x08000300   Section      100  rt_memcpy_w.o(.text)
    .text                                    0x08000364   Section       68  rt_memclr.o(.text)
    .text                                    0x080003a8   Section       78  rt_memclr_w.o(.text)
    .text                                    0x080003f6   Section       74  sys_stackheap_outer.o(.text)
    .text                                    0x08000440   Section        0  exit.o(.text)
    .text                                    0x08000454   Section        8  libspace.o(.text)
    .text                                    0x0800045c   Section        0  sys_exit.o(.text)
    .text                                    0x08000468   Section        2  use_no_semi.o(.text)
    .text                                    0x0800046a   Section        0  indicate_semi.o(.text)
    i.Back_Release                           0x0800046c   Section        0  pwm.o(i.Back_Release)
    i.BusFault_Handler                       0x080004b8   Section        0  stm32f10x_it.o(i.BusFault_Handler)
    i.CAN1_Init                              0x080004bc   Section        0  can.o(i.CAN1_Init)
    i.CAN1_SendMesg                          0x080005c0   Section        0  can.o(i.CAN1_SendMesg)
    i.CAN_ClearITPendingBit                  0x08000610   Section        0  stm32f10x_can.o(i.CAN_ClearITPendingBit)
    i.CAN_FilterInit                         0x080006b8   Section        0  stm32f10x_can.o(i.CAN_FilterInit)
    i.CAN_ITConfig                           0x080007c0   Section        0  stm32f10x_can.o(i.CAN_ITConfig)
    i.CAN_Init                               0x080007d2   Section        0  stm32f10x_can.o(i.CAN_Init)
    i.CAN_Receive                            0x080008e6   Section        0  stm32f10x_can.o(i.CAN_Receive)
    i.CAN_Send_Task                          0x080009d8   Section        0  processes.o(i.CAN_Send_Task)
    i.CAN_Transmit                           0x08000a2c   Section        0  stm32f10x_can.o(i.CAN_Transmit)
    i.DebugMon_Handler                       0x08000b52   Section        0  stm32f10x_it.o(i.DebugMon_Handler)
    i.ESC_DISABLE                            0x08000b54   Section        0  gpio.o(i.ESC_DISABLE)
    i.ESC_ENABLE                             0x08000b84   Section        0  gpio.o(i.ESC_ENABLE)
    i.ESC_Release                            0x08000bb4   Section        0  pwm.o(i.ESC_Release)
    i.ESC_Rest_Task                          0x08000bc0   Section        0  processes.o(i.ESC_Rest_Task)
    i.ESC_Status_Flash                       0x08000c10   Section        0  gpio.o(i.ESC_Status_Flash)
    i.EXTI2_IRQHandler                       0x08000c28   Section        0  key.o(i.EXTI2_IRQHandler)
    i.EXTI3_IRQHandler                       0x08000c40   Section        0  key.o(i.EXTI3_IRQHandler)
    i.EXTI4_IRQHandler                       0x08000c64   Section        0  key.o(i.EXTI4_IRQHandler)
    i.EXTI_ClearITPendingBit                 0x08000c88   Section        0  stm32f10x_exti.o(i.EXTI_ClearITPendingBit)
    i.EXTI_GetITStatus                       0x08000c94   Section        0  stm32f10x_exti.o(i.EXTI_GetITStatus)
    i.EXTI_Init                              0x08000cbc   Section        0  stm32f10x_exti.o(i.EXTI_Init)
    i.First_Task                             0x08000d50   Section        0  task_schedule.o(i.First_Task)
    i.Front_Finish                           0x08000d80   Section        0  pwm.o(i.Front_Finish)
    i.Front_Pressure_Down_Quick              0x08000da8   Section        0  pwm.o(i.Front_Pressure_Down_Quick)
    i.Front_Pressure_Down_Slow               0x08000de4   Section        0  pwm.o(i.Front_Pressure_Down_Slow)
    i.Front_Pressure_Up_Quick                0x08000e20   Section        0  pwm.o(i.Front_Pressure_Up_Quick)
    i.Front_Pressure_Up_Slow                 0x08000e6c   Section        0  pwm.o(i.Front_Pressure_Up_Slow)
    i.Front_Release                          0x08000eb8   Section        0  pwm.o(i.Front_Release)
    i.GPIOS_Init                             0x08000ee0   Section        0  gpio.o(i.GPIOS_Init)
    i.GPIO_EXTILineConfig                    0x08000f64   Section        0  stm32f10x_gpio.o(i.GPIO_EXTILineConfig)
    i.GPIO_Init                              0x08000fa4   Section        0  stm32f10x_gpio.o(i.GPIO_Init)
    i.GPIO_PinRemapConfig                    0x080010bc   Section        0  stm32f10x_gpio.o(i.GPIO_PinRemapConfig)
    i.GPIO_ReadOutputDataBit                 0x0800114c   Section        0  stm32f10x_gpio.o(i.GPIO_ReadOutputDataBit)
    i.GPIO_ResetBits                         0x0800115e   Section        0  stm32f10x_gpio.o(i.GPIO_ResetBits)
    i.GPIO_SetBits                           0x08001162   Section        0  stm32f10x_gpio.o(i.GPIO_SetBits)
    i.HardFault_Handler                      0x08001166   Section        0  stm32f10x_it.o(i.HardFault_Handler)
    i.Hardware_Init                          0x0800116c   Section        0  processes.o(i.Hardware_Init)
    i.KEY_Init                               0x0800118c   Section        0  key.o(i.KEY_Init)
    i.LED1_FLASH                             0x0800124c   Section        0  gpio.o(i.LED1_FLASH)
    i.LED2_FLASH                             0x08001278   Section        0  gpio.o(i.LED2_FLASH)
    i.LED3_FLASH                             0x080012a4   Section        0  gpio.o(i.LED3_FLASH)
    i.MemManage_Handler                      0x080012d0   Section        0  stm32f10x_it.o(i.MemManage_Handler)
    i.NMI_Handler                            0x080012d4   Section        0  stm32f10x_it.o(i.NMI_Handler)
    i.NVIC_Init                              0x080012d8   Section        0  misc.o(i.NVIC_Init)
    i.NVIC_PriorityGroupConfig               0x08001348   Section        0  misc.o(i.NVIC_PriorityGroupConfig)
    i.PWM_Init                               0x0800135c   Section        0  pwm.o(i.PWM_Init)
    i.PWM_Task                               0x0800184c   Section        0  processes.o(i.PWM_Task)
    i.RCC_APB1PeriphClockCmd                 0x0800193c   Section        0  stm32f10x_rcc.o(i.RCC_APB1PeriphClockCmd)
    i.RCC_APB2PeriphClockCmd                 0x0800195c   Section        0  stm32f10x_rcc.o(i.RCC_APB2PeriphClockCmd)
    i.SetSysClock                            0x0800197c   Section        0  system_stm32f10x.o(i.SetSysClock)
    SetSysClock                              0x0800197d   Thumb Code     8  system_stm32f10x.o(i.SetSysClock)
    i.SetSysClockTo72                        0x08001984   Section        0  system_stm32f10x.o(i.SetSysClockTo72)
    SetSysClockTo72                          0x08001985   Thumb Code   214  system_stm32f10x.o(i.SetSysClockTo72)
    i.Start_Task                             0x08001a64   Section        0  task_schedule.o(i.Start_Task)
    i.SysTick_Handler                        0x08001b30   Section        0  port.o(i.SysTick_Handler)
    i.SystemInit                             0x08001b64   Section        0  system_stm32f10x.o(i.SystemInit)
    i.TIM_Cmd                                0x08001bc4   Section        0  stm32f10x_tim.o(i.TIM_Cmd)
    i.TIM_CtrlPWMOutputs                     0x08001bdc   Section        0  stm32f10x_tim.o(i.TIM_CtrlPWMOutputs)
    i.TIM_OC1Init                            0x08001bfc   Section        0  stm32f10x_tim.o(i.TIM_OC1Init)
    i.TIM_OC1PreloadConfig                   0x08001c94   Section        0  stm32f10x_tim.o(i.TIM_OC1PreloadConfig)
    i.TIM_OC2Init                            0x08001ca8   Section        0  stm32f10x_tim.o(i.TIM_OC2Init)
    i.TIM_OC2PreloadConfig                   0x08001d4c   Section        0  stm32f10x_tim.o(i.TIM_OC2PreloadConfig)
    i.TIM_OC3Init                            0x08001d68   Section        0  stm32f10x_tim.o(i.TIM_OC3Init)
    i.TIM_OC3PreloadConfig                   0x08001e08   Section        0  stm32f10x_tim.o(i.TIM_OC3PreloadConfig)
    i.TIM_OC4Init                            0x08001e1c   Section        0  stm32f10x_tim.o(i.TIM_OC4Init)
    i.TIM_OC4PreloadConfig                   0x08001e98   Section        0  stm32f10x_tim.o(i.TIM_OC4PreloadConfig)
    i.TIM_SetCompare1                        0x08001eb2   Section        0  stm32f10x_tim.o(i.TIM_SetCompare1)
    i.TIM_SetCompare2                        0x08001eb6   Section        0  stm32f10x_tim.o(i.TIM_SetCompare2)
    i.TIM_SetCompare3                        0x08001eba   Section        0  stm32f10x_tim.o(i.TIM_SetCompare3)
    i.TIM_SetCompare4                        0x08001ebe   Section        0  stm32f10x_tim.o(i.TIM_SetCompare4)
    i.TIM_TimeBaseInit                       0x08001ec4   Section        0  stm32f10x_tim.o(i.TIM_TimeBaseInit)
    i.Turn_on_Timing_Task                    0x08001f68   Section        0  processes.o(i.Turn_on_Timing_Task)
    i.USB_LP_CAN1_RX0_IRQHandler             0x0800213c   Section        0  can.o(i.USB_LP_CAN1_RX0_IRQHandler)
    i.UsageFault_Handler                     0x080022a4   Section        0  stm32f10x_it.o(i.UsageFault_Handler)
    i.main                                   0x080022a8   Section        0  main.o(i.main)
    i.prvAddCurrentTaskToDelayedList         0x080022b8   Section        0  tasks.o(i.prvAddCurrentTaskToDelayedList)
    prvAddCurrentTaskToDelayedList           0x080022b9   Thumb Code   100  tasks.o(i.prvAddCurrentTaskToDelayedList)
    i.prvAddNewTaskToReadyList               0x08002334   Section        0  tasks.o(i.prvAddNewTaskToReadyList)
    prvAddNewTaskToReadyList                 0x08002335   Thumb Code   154  tasks.o(i.prvAddNewTaskToReadyList)
    i.prvCheckForValidListAndQueue           0x080023ec   Section        0  timers.o(i.prvCheckForValidListAndQueue)
    prvCheckForValidListAndQueue             0x080023ed   Thumb Code    72  timers.o(i.prvCheckForValidListAndQueue)
    i.prvCheckTasksWaitingTermination        0x08002450   Section        0  tasks.o(i.prvCheckTasksWaitingTermination)
    prvCheckTasksWaitingTermination          0x08002451   Thumb Code    86  tasks.o(i.prvCheckTasksWaitingTermination)
    i.prvCopyDataFromQueue                   0x080024b4   Section        0  queue.o(i.prvCopyDataFromQueue)
    prvCopyDataFromQueue                     0x080024b5   Thumb Code    42  queue.o(i.prvCopyDataFromQueue)
    i.prvCopyDataToQueue                     0x080024de   Section        0  queue.o(i.prvCopyDataToQueue)
    prvCopyDataToQueue                       0x080024df   Thumb Code   124  queue.o(i.prvCopyDataToQueue)
    i.prvDeleteTCB                           0x0800255a   Section        0  tasks.o(i.prvDeleteTCB)
    prvDeleteTCB                             0x0800255b   Thumb Code    18  tasks.o(i.prvDeleteTCB)
    i.prvGetNextExpireTime                   0x0800256c   Section        0  timers.o(i.prvGetNextExpireTime)
    prvGetNextExpireTime                     0x0800256d   Thumb Code    36  timers.o(i.prvGetNextExpireTime)
    i.prvHeapInit                            0x08002594   Section        0  heap_4.o(i.prvHeapInit)
    prvHeapInit                              0x08002595   Thumb Code    98  heap_4.o(i.prvHeapInit)
    i.prvIdleTask                            0x08002610   Section        0  tasks.o(i.prvIdleTask)
    prvIdleTask                              0x08002611   Thumb Code    32  tasks.o(i.prvIdleTask)
    i.prvInitialiseNewQueue                  0x08002638   Section        0  queue.o(i.prvInitialiseNewQueue)
    prvInitialiseNewQueue                    0x08002639   Thumb Code    46  queue.o(i.prvInitialiseNewQueue)
    i.prvInitialiseNewTask                   0x08002666   Section        0  tasks.o(i.prvInitialiseNewTask)
    prvInitialiseNewTask                     0x08002667   Thumb Code   144  tasks.o(i.prvInitialiseNewTask)
    i.prvInitialiseTaskLists                 0x080026f8   Section        0  tasks.o(i.prvInitialiseTaskLists)
    prvInitialiseTaskLists                   0x080026f9   Thumb Code    70  tasks.o(i.prvInitialiseTaskLists)
    i.prvInsertBlockIntoFreeList             0x08002760   Section        0  heap_4.o(i.prvInsertBlockIntoFreeList)
    prvInsertBlockIntoFreeList               0x08002761   Thumb Code    96  heap_4.o(i.prvInsertBlockIntoFreeList)
    i.prvInsertTimerInActiveList             0x080027c8   Section        0  timers.o(i.prvInsertTimerInActiveList)
    prvInsertTimerInActiveList               0x080027c9   Thumb Code    80  timers.o(i.prvInsertTimerInActiveList)
    i.prvIsQueueEmpty                        0x08002820   Section        0  queue.o(i.prvIsQueueEmpty)
    prvIsQueueEmpty                          0x08002821   Thumb Code    26  queue.o(i.prvIsQueueEmpty)
    i.prvIsQueueFull                         0x0800283a   Section        0  queue.o(i.prvIsQueueFull)
    prvIsQueueFull                           0x0800283b   Thumb Code    30  queue.o(i.prvIsQueueFull)
    i.prvNotifyQueueSetContainer             0x08002858   Section        0  queue.o(i.prvNotifyQueueSetContainer)
    prvNotifyQueueSetContainer               0x08002859   Thumb Code    82  queue.o(i.prvNotifyQueueSetContainer)
    i.prvProcessExpiredTimer                 0x080028ac   Section        0  timers.o(i.prvProcessExpiredTimer)
    prvProcessExpiredTimer                   0x080028ad   Thumb Code    70  timers.o(i.prvProcessExpiredTimer)
    i.prvProcessReceivedCommands             0x080028f8   Section        0  timers.o(i.prvProcessReceivedCommands)
    prvProcessReceivedCommands               0x080028f9   Thumb Code   202  timers.o(i.prvProcessReceivedCommands)
    i.prvProcessTimerOrBlockTask             0x080029c8   Section        0  timers.o(i.prvProcessTimerOrBlockTask)
    prvProcessTimerOrBlockTask               0x080029c9   Thumb Code   102  timers.o(i.prvProcessTimerOrBlockTask)
    i.prvResetNextTaskUnblockTime            0x08002a3c   Section        0  tasks.o(i.prvResetNextTaskUnblockTime)
    prvResetNextTaskUnblockTime              0x08002a3d   Thumb Code    42  tasks.o(i.prvResetNextTaskUnblockTime)
    i.prvSampleTimeNow                       0x08002a70   Section        0  timers.o(i.prvSampleTimeNow)
    prvSampleTimeNow                         0x08002a71   Thumb Code    40  timers.o(i.prvSampleTimeNow)
    i.prvSwitchTimerLists                    0x08002a9c   Section        0  timers.o(i.prvSwitchTimerLists)
    prvSwitchTimerLists                      0x08002a9d   Thumb Code   122  timers.o(i.prvSwitchTimerLists)
    i.prvTaskExitError                       0x08002b20   Section        0  port.o(i.prvTaskExitError)
    prvTaskExitError                         0x08002b21   Thumb Code    22  port.o(i.prvTaskExitError)
    i.prvTimerTask                           0x08002b36   Section        0  timers.o(i.prvTimerTask)
    prvTimerTask                             0x08002b37   Thumb Code    26  timers.o(i.prvTimerTask)
    i.prvUnlockQueue                         0x08002b50   Section        0  queue.o(i.prvUnlockQueue)
    prvUnlockQueue                           0x08002b51   Thumb Code   146  queue.o(i.prvUnlockQueue)
    i.pvPortMalloc                           0x08002be4   Section        0  heap_4.o(i.pvPortMalloc)
    i.pvTaskIncrementMutexHeldCount          0x08002cb4   Section        0  tasks.o(i.pvTaskIncrementMutexHeldCount)
    i.pxPortInitialiseStack                  0x08002cd4   Section        0  port.o(i.pxPortInitialiseStack)
    i.uxListRemove                           0x08002cf8   Section        0  list.o(i.uxListRemove)
    i.vListInitialise                        0x08002d20   Section        0  list.o(i.vListInitialise)
    i.vListInitialiseItem                    0x08002d3a   Section        0  list.o(i.vListInitialiseItem)
    i.vListInsert                            0x08002d40   Section        0  list.o(i.vListInsert)
    i.vListInsertEnd                         0x08002d74   Section        0  list.o(i.vListInsertEnd)
    i.vPortEnterCritical                     0x08002d8c   Section        0  port.o(i.vPortEnterCritical)
    i.vPortExitCritical                      0x08002db0   Section        0  port.o(i.vPortExitCritical)
    i.vPortFree                              0x08002dd0   Section        0  heap_4.o(i.vPortFree)
    i.vPortSetupTimerInterrupt               0x08002e18   Section        0  port.o(i.vPortSetupTimerInterrupt)
    i.vQueueAddToRegistry                    0x08002e38   Section        0  queue.o(i.vQueueAddToRegistry)
    i.vQueueWaitForMessageRestricted         0x08002e64   Section        0  queue.o(i.vQueueWaitForMessageRestricted)
    i.vTaskDelay                             0x08002eb0   Section        0  tasks.o(i.vTaskDelay)
    i.vTaskDelete                            0x08002ee4   Section        0  tasks.o(i.vTaskDelete)
    i.vTaskMissedYield                       0x08002f84   Section        0  tasks.o(i.vTaskMissedYield)
    i.vTaskPlaceOnEventList                  0x08002f90   Section        0  tasks.o(i.vTaskPlaceOnEventList)
    i.vTaskPlaceOnEventListRestricted        0x08002fb0   Section        0  tasks.o(i.vTaskPlaceOnEventListRestricted)
    i.vTaskPriorityInherit                   0x08002fd8   Section        0  tasks.o(i.vTaskPriorityInherit)
    i.vTaskSetTimeOutState                   0x08003064   Section        0  tasks.o(i.vTaskSetTimeOutState)
    i.vTaskStartScheduler                    0x0800307c   Section        0  tasks.o(i.vTaskStartScheduler)
    i.vTaskSuspendAll                        0x080030ec   Section        0  tasks.o(i.vTaskSuspendAll)
    i.vTaskSwitchContext                     0x080030fc   Section        0  tasks.o(i.vTaskSwitchContext)
    i.xPortStartScheduler                    0x08003174   Section        0  port.o(i.xPortStartScheduler)
    i.xQueueGenericCreate                    0x080031a8   Section        0  queue.o(i.xQueueGenericCreate)
    i.xQueueGenericReceive                   0x080031e0   Section        0  queue.o(i.xQueueGenericReceive)
    i.xQueueGenericReset                     0x0800333c   Section        0  queue.o(i.xQueueGenericReset)
    i.xQueueGenericSend                      0x080033bc   Section        0  queue.o(i.xQueueGenericSend)
    i.xQueueGenericSendFromISR               0x080034f4   Section        0  queue.o(i.xQueueGenericSendFromISR)
    i.xTaskCheckForTimeOut                   0x08003590   Section        0  tasks.o(i.xTaskCheckForTimeOut)
    i.xTaskCreate                            0x080035ec   Section        0  tasks.o(i.xTaskCreate)
    i.xTaskGetSchedulerState                 0x0800364c   Section        0  tasks.o(i.xTaskGetSchedulerState)
    i.xTaskGetTickCount                      0x0800366c   Section        0  tasks.o(i.xTaskGetTickCount)
    i.xTaskIncrementTick                     0x08003678   Section        0  tasks.o(i.xTaskIncrementTick)
    i.xTaskPriorityDisinherit                0x08003790   Section        0  tasks.o(i.xTaskPriorityDisinherit)
    i.xTaskRemoveFromEventList               0x080037f0   Section        0  tasks.o(i.xTaskRemoveFromEventList)
    i.xTaskResumeAll                         0x08003870   Section        0  tasks.o(i.xTaskResumeAll)
    i.xTimerCreateTimerTask                  0x08003958   Section        0  timers.o(i.xTimerCreateTimerTask)
    i.xTimerGenericCommand                   0x08003994   Section        0  timers.o(i.xTimerGenericCommand)
    .data                                    0x20000000   Section       20  system_stm32f10x.o(.data)
    .data                                    0x20000014   Section       61  can.o(.data)
    .data                                    0x20000054   Section       60  tasks.o(.data)
    pxDelayedTaskList                        0x20000058   Data           4  tasks.o(.data)
    pxOverflowDelayedTaskList                0x2000005c   Data           4  tasks.o(.data)
    uxDeletedTasksWaitingCleanUp             0x20000060   Data           4  tasks.o(.data)
    uxCurrentNumberOfTasks                   0x20000064   Data           4  tasks.o(.data)
    xTickCount                               0x20000068   Data           4  tasks.o(.data)
    uxTopReadyPriority                       0x2000006c   Data           4  tasks.o(.data)
    xSchedulerRunning                        0x20000070   Data           4  tasks.o(.data)
    uxPendedTicks                            0x20000074   Data           4  tasks.o(.data)
    xYieldPending                            0x20000078   Data           4  tasks.o(.data)
    xNumOfOverflows                          0x2000007c   Data           4  tasks.o(.data)
    uxTaskNumber                             0x20000080   Data           4  tasks.o(.data)
    xNextTaskUnblockTime                     0x20000084   Data           4  tasks.o(.data)
    xIdleTaskHandle                          0x20000088   Data           4  tasks.o(.data)
    uxSchedulerSuspended                     0x2000008c   Data           4  tasks.o(.data)
    .data                                    0x20000090   Section       20  timers.o(.data)
    pxCurrentTimerList                       0x20000090   Data           4  timers.o(.data)
    pxOverflowTimerList                      0x20000094   Data           4  timers.o(.data)
    xTimerQueue                              0x20000098   Data           4  timers.o(.data)
    xTimerTaskHandle                         0x2000009c   Data           4  timers.o(.data)
    xLastTime                                0x200000a0   Data           4  timers.o(.data)
    .data                                    0x200000a4   Section       28  task_schedule.o(.data)
    .data                                    0x200000c0   Section       24  heap_4.o(.data)
    xStart                                   0x200000c0   Data           8  heap_4.o(.data)
    pxEnd                                    0x200000c8   Data           4  heap_4.o(.data)
    xFreeBytesRemaining                      0x200000cc   Data           4  heap_4.o(.data)
    xMinimumEverFreeBytesRemaining           0x200000d0   Data           4  heap_4.o(.data)
    xBlockAllocatedBit                       0x200000d4   Data           4  heap_4.o(.data)
    .data                                    0x200000d8   Section        4  port.o(.data)
    uxCriticalNesting                        0x200000d8   Data           4  port.o(.data)
    .bss                                     0x200000dc   Section       64  queue.o(.bss)
    .bss                                     0x2000011c   Section      200  tasks.o(.bss)
    pxReadyTasksLists                        0x2000011c   Data         100  tasks.o(.bss)
    xDelayedTaskList1                        0x20000180   Data          20  tasks.o(.bss)
    xDelayedTaskList2                        0x20000194   Data          20  tasks.o(.bss)
    xPendingReadyList                        0x200001a8   Data          20  tasks.o(.bss)
    xTasksWaitingTermination                 0x200001bc   Data          20  tasks.o(.bss)
    xSuspendedTaskList                       0x200001d0   Data          20  tasks.o(.bss)
    .bss                                     0x200001e4   Section       40  timers.o(.bss)
    xActiveTimerList1                        0x200001e4   Data          20  timers.o(.bss)
    xActiveTimerList2                        0x200001f8   Data          20  timers.o(.bss)
    .bss                                     0x2000020c   Section     5120  heap_4.o(.bss)
    ucHeap                                   0x2000020c   Data        5120  heap_4.o(.bss)
    .bss                                     0x2000160c   Section       96  libspace.o(.bss)
    HEAP                                     0x20001670   Section      512  startup_stm32f10x_md.o(HEAP)
    Heap_Mem                                 0x20001670   Data         512  startup_stm32f10x_md.o(HEAP)
    STACK                                    0x20001870   Section     1024  startup_stm32f10x_md.o(STACK)
    Stack_Mem                                0x20001870   Data        1024  startup_stm32f10x_md.o(STACK)
    __initial_sp                             0x20001c70   Data           0  startup_stm32f10x_md.o(STACK)

    Global Symbols

    Symbol Name                              Value     Ov Type        Size  Object(Section)

    BuildAttributes$$THM_ISAv4$P$D$K$B$S$PE$A:L22UL41UL21$X:L11$S22US41US21$IEEE1$IW$USESV6$~STKCKD$USESV7$~SHL$OSPACE$ROPI$EBA8$UX$STANDARDLIB$REQ8$PRES8$EABIv2 0x00000000   Number         0  anon$$obj.o ABSOLUTE
    __ARM_use_no_argv                        0x00000000   Number         0  main.o ABSOLUTE
    __ARM_exceptions_init                     - Undefined Weak Reference
    __alloca_initialize                       - Undefined Weak Reference
    __arm_fini_                               - Undefined Weak Reference
    __arm_preinit_                            - Undefined Weak Reference
    __cpp_initialize__aeabi_                  - Undefined Weak Reference
    __cxa_finalize                            - Undefined Weak Reference
    __rt_locale                               - Undefined Weak Reference
    __sigvec_lookup                           - Undefined Weak Reference
    _atexit_init                              - Undefined Weak Reference
    _call_atexit_fns                          - Undefined Weak Reference
    _clock_init                               - Undefined Weak Reference
    _fp_trap_init                             - Undefined Weak Reference
    _fp_trap_shutdown                         - Undefined Weak Reference
    _get_lc_collate                           - Undefined Weak Reference
    _get_lc_ctype                             - Undefined Weak Reference
    _get_lc_monetary                          - Undefined Weak Reference
    _get_lc_numeric                           - Undefined Weak Reference
    _get_lc_time                              - Undefined Weak Reference
    _getenv_init                              - Undefined Weak Reference
    _handle_redirection                       - Undefined Weak Reference
    _init_alloc                               - Undefined Weak Reference
    _init_user_alloc                          - Undefined Weak Reference
    _initio                                   - Undefined Weak Reference
    _printf_mbtowc                            - Undefined Weak Reference
    _printf_post_padding                      - Undefined Weak Reference
    _printf_pre_padding                       - Undefined Weak Reference
    _printf_truncate_signed                   - Undefined Weak Reference
    _printf_truncate_unsigned                 - Undefined Weak Reference
    _rand_init                                - Undefined Weak Reference
    _signal_finish                            - Undefined Weak Reference
    _signal_init                              - Undefined Weak Reference
    _terminate_alloc                          - Undefined Weak Reference
    _terminate_user_alloc                     - Undefined Weak Reference
    _terminateio                              - Undefined Weak Reference
    __Vectors_Size                           0x000000ec   Number         0  startup_stm32f10x_md.o ABSOLUTE
    __Vectors                                0x08000000   Data           4  startup_stm32f10x_md.o(RESET)
    __Vectors_End                            0x080000ec   Data           0  startup_stm32f10x_md.o(RESET)
    __main                                   0x080000ed   Thumb Code     8  __main.o(!!!main)
    __scatterload                            0x080000f5   Thumb Code     0  __scatter.o(!!!scatter)
    __scatterload_rt2                        0x080000f5   Thumb Code    44  __scatter.o(!!!scatter)
    __scatterload_rt2_thumb_only             0x080000f5   Thumb Code     0  __scatter.o(!!!scatter)
    __scatterload_null                       0x08000103   Thumb Code     0  __scatter.o(!!!scatter)
    __scatterload_copy                       0x08000129   Thumb Code    26  __scatter_copy.o(!!handler_copy)
    __scatterload_zeroinit                   0x08000145   Thumb Code    28  __scatter_zi.o(!!handler_zi)
    __rt_lib_init                            0x08000161   Thumb Code     0  libinit.o(.ARM.Collect$$libinit$$00000000)
    __rt_lib_init_alloca_1                   0x08000163   Thumb Code     0  libinit2.o(.ARM.Collect$$libinit$$0000002E)
    __rt_lib_init_argv_1                     0x08000163   Thumb Code     0  libinit2.o(.ARM.Collect$$libinit$$0000002C)
    __rt_lib_init_atexit_1                   0x08000163   Thumb Code     0  libinit2.o(.ARM.Collect$$libinit$$0000001B)
    __rt_lib_init_clock_1                    0x08000163   Thumb Code     0  libinit2.o(.ARM.Collect$$libinit$$00000021)
    __rt_lib_init_cpp_1                      0x08000163   Thumb Code     0  libinit2.o(.ARM.Collect$$libinit$$00000032)
    __rt_lib_init_exceptions_1               0x08000163   Thumb Code     0  libinit2.o(.ARM.Collect$$libinit$$00000030)
    __rt_lib_init_fp_1                       0x08000163   Thumb Code     0  libinit2.o(.ARM.Collect$$libinit$$00000002)
    __rt_lib_init_fp_trap_1                  0x08000163   Thumb Code     0  libinit2.o(.ARM.Collect$$libinit$$0000001F)
    __rt_lib_init_getenv_1                   0x08000163   Thumb Code     0  libinit2.o(.ARM.Collect$$libinit$$00000023)
    __rt_lib_init_heap_1                     0x08000163   Thumb Code     0  libinit2.o(.ARM.Collect$$libinit$$0000000A)
    __rt_lib_init_lc_collate_1               0x08000163   Thumb Code     0  libinit2.o(.ARM.Collect$$libinit$$00000011)
    __rt_lib_init_lc_ctype_1                 0x08000163   Thumb Code     0  libinit2.o(.ARM.Collect$$libinit$$00000013)
    __rt_lib_init_lc_monetary_1              0x08000163   Thumb Code     0  libinit2.o(.ARM.Collect$$libinit$$00000015)
    __rt_lib_init_lc_numeric_1               0x08000163   Thumb Code     0  libinit2.o(.ARM.Collect$$libinit$$00000017)
    __rt_lib_init_lc_time_1                  0x08000163   Thumb Code     0  libinit2.o(.ARM.Collect$$libinit$$00000019)
    __rt_lib_init_preinit_1                  0x08000163   Thumb Code     0  libinit2.o(.ARM.Collect$$libinit$$00000004)
    __rt_lib_init_rand_1                     0x08000163   Thumb Code     0  libinit2.o(.ARM.Collect$$libinit$$0000000E)
    __rt_lib_init_return                     0x08000163   Thumb Code     0  libinit2.o(.ARM.Collect$$libinit$$00000033)
    __rt_lib_init_signal_1                   0x08000163   Thumb Code     0  libinit2.o(.ARM.Collect$$libinit$$0000001D)
    __rt_lib_init_stdio_1                    0x08000163   Thumb Code     0  libinit2.o(.ARM.Collect$$libinit$$00000025)
    __rt_lib_init_user_alloc_1               0x08000163   Thumb Code     0  libinit2.o(.ARM.Collect$$libinit$$0000000C)
    __rt_lib_shutdown                        0x08000165   Thumb Code     0  libshutdown.o(.ARM.Collect$$libshutdown$$00000000)
    __rt_lib_shutdown_cpp_1                  0x08000167   Thumb Code     0  libshutdown2.o(.ARM.Collect$$libshutdown$$00000004)
    __rt_lib_shutdown_fini_1                 0x08000167   Thumb Code     0  libshutdown2.o(.ARM.Collect$$libshutdown$$00000002)
    __rt_lib_shutdown_fp_trap_1              0x08000167   Thumb Code     0  libshutdown2.o(.ARM.Collect$$libshutdown$$00000009)
    __rt_lib_shutdown_heap_1                 0x08000167   Thumb Code     0  libshutdown2.o(.ARM.Collect$$libshutdown$$00000011)
    __rt_lib_shutdown_return                 0x08000167   Thumb Code     0  libshutdown2.o(.ARM.Collect$$libshutdown$$00000012)
    __rt_lib_shutdown_signal_1               0x08000167   Thumb Code     0  libshutdown2.o(.ARM.Collect$$libshutdown$$0000000C)
    __rt_lib_shutdown_stdio_1                0x08000167   Thumb Code     0  libshutdown2.o(.ARM.Collect$$libshutdown$$00000006)
    __rt_lib_shutdown_user_alloc_1           0x08000167   Thumb Code     0  libshutdown2.o(.ARM.Collect$$libshutdown$$0000000E)
    __rt_entry                               0x08000169   Thumb Code     0  __rtentry.o(.ARM.Collect$$rtentry$$00000000)
    __rt_entry_presh_1                       0x08000169   Thumb Code     0  __rtentry2.o(.ARM.Collect$$rtentry$$00000002)
    __rt_entry_sh                            0x08000169   Thumb Code     0  __rtentry4.o(.ARM.Collect$$rtentry$$00000004)
    __rt_entry_li                            0x0800016f   Thumb Code     0  __rtentry2.o(.ARM.Collect$$rtentry$$0000000A)
    __rt_entry_postsh_1                      0x0800016f   Thumb Code     0  __rtentry2.o(.ARM.Collect$$rtentry$$00000009)
    __rt_entry_main                          0x08000173   Thumb Code     0  __rtentry2.o(.ARM.Collect$$rtentry$$0000000D)
    __rt_entry_postli_1                      0x08000173   Thumb Code     0  __rtentry2.o(.ARM.Collect$$rtentry$$0000000C)
    __rt_exit                                0x0800017b   Thumb Code     0  rtexit.o(.ARM.Collect$$rtexit$$00000000)
    __rt_exit_ls                             0x0800017d   Thumb Code     0  rtexit2.o(.ARM.Collect$$rtexit$$00000003)
    __rt_exit_prels_1                        0x0800017d   Thumb Code     0  rtexit2.o(.ARM.Collect$$rtexit$$00000002)
    __rt_exit_exit                           0x08000181   Thumb Code     0  rtexit2.o(.ARM.Collect$$rtexit$$00000004)
    SVC_Handler                              0x08000189   Thumb Code    32  port.o(.emb_text)
    __asm___6_port_c_39a90d8d__prvStartFirstTask 0x080001ad   Thumb Code    28  port.o(.emb_text)
    PendSV_Handler                           0x080001cd   Thumb Code    72  port.o(.emb_text)
    vPortGetIPSR                             0x08000219   Thumb Code     6  port.o(.emb_text)
    Reset_Handler                            0x08000221   Thumb Code     8  startup_stm32f10x_md.o(.text)
    ADC1_2_IRQHandler                        0x0800023b   Thumb Code     0  startup_stm32f10x_md.o(.text)
    CAN1_RX1_IRQHandler                      0x0800023b   Thumb Code     0  startup_stm32f10x_md.o(.text)
    CAN1_SCE_IRQHandler                      0x0800023b   Thumb Code     0  startup_stm32f10x_md.o(.text)
    DMA1_Channel1_IRQHandler                 0x0800023b   Thumb Code     0  startup_stm32f10x_md.o(.text)
    DMA1_Channel2_IRQHandler                 0x0800023b   Thumb Code     0  startup_stm32f10x_md.o(.text)
    DMA1_Channel3_IRQHandler                 0x0800023b   Thumb Code     0  startup_stm32f10x_md.o(.text)
    DMA1_Channel4_IRQHandler                 0x0800023b   Thumb Code     0  startup_stm32f10x_md.o(.text)
    DMA1_Channel5_IRQHandler                 0x0800023b   Thumb Code     0  startup_stm32f10x_md.o(.text)
    DMA1_Channel6_IRQHandler                 0x0800023b   Thumb Code     0  startup_stm32f10x_md.o(.text)
    DMA1_Channel7_IRQHandler                 0x0800023b   Thumb Code     0  startup_stm32f10x_md.o(.text)
    EXTI0_IRQHandler                         0x0800023b   Thumb Code     0  startup_stm32f10x_md.o(.text)
    EXTI15_10_IRQHandler                     0x0800023b   Thumb Code     0  startup_stm32f10x_md.o(.text)
    EXTI1_IRQHandler                         0x0800023b   Thumb Code     0  startup_stm32f10x_md.o(.text)
    EXTI9_5_IRQHandler                       0x0800023b   Thumb Code     0  startup_stm32f10x_md.o(.text)
    FLASH_IRQHandler                         0x0800023b   Thumb Code     0  startup_stm32f10x_md.o(.text)
    I2C1_ER_IRQHandler                       0x0800023b   Thumb Code     0  startup_stm32f10x_md.o(.text)
    I2C1_EV_IRQHandler                       0x0800023b   Thumb Code     0  startup_stm32f10x_md.o(.text)
    I2C2_ER_IRQHandler                       0x0800023b   Thumb Code     0  startup_stm32f10x_md.o(.text)
    I2C2_EV_IRQHandler                       0x0800023b   Thumb Code     0  startup_stm32f10x_md.o(.text)
    PVD_IRQHandler                           0x0800023b   Thumb Code     0  startup_stm32f10x_md.o(.text)
    RCC_IRQHandler                           0x0800023b   Thumb Code     0  startup_stm32f10x_md.o(.text)
    RTCAlarm_IRQHandler                      0x0800023b   Thumb Code     0  startup_stm32f10x_md.o(.text)
    RTC_IRQHandler                           0x0800023b   Thumb Code     0  startup_stm32f10x_md.o(.text)
    SPI1_IRQHandler                          0x0800023b   Thumb Code     0  startup_stm32f10x_md.o(.text)
    SPI2_IRQHandler                          0x0800023b   Thumb Code     0  startup_stm32f10x_md.o(.text)
    TAMPER_IRQHandler                        0x0800023b   Thumb Code     0  startup_stm32f10x_md.o(.text)
    TIM1_BRK_IRQHandler                      0x0800023b   Thumb Code     0  startup_stm32f10x_md.o(.text)
    TIM1_CC_IRQHandler                       0x0800023b   Thumb Code     0  startup_stm32f10x_md.o(.text)
    TIM1_TRG_COM_IRQHandler                  0x0800023b   Thumb Code     0  startup_stm32f10x_md.o(.text)
    TIM1_UP_IRQHandler                       0x0800023b   Thumb Code     0  startup_stm32f10x_md.o(.text)
    TIM2_IRQHandler                          0x0800023b   Thumb Code     0  startup_stm32f10x_md.o(.text)
    TIM3_IRQHandler                          0x0800023b   Thumb Code     0  startup_stm32f10x_md.o(.text)
    TIM4_IRQHandler                          0x0800023b   Thumb Code     0  startup_stm32f10x_md.o(.text)
    USART1_IRQHandler                        0x0800023b   Thumb Code     0  startup_stm32f10x_md.o(.text)
    USART2_IRQHandler                        0x0800023b   Thumb Code     0  startup_stm32f10x_md.o(.text)
    USART3_IRQHandler                        0x0800023b   Thumb Code     0  startup_stm32f10x_md.o(.text)
    USBWakeUp_IRQHandler                     0x0800023b   Thumb Code     0  startup_stm32f10x_md.o(.text)
    USB_HP_CAN1_TX_IRQHandler                0x0800023b   Thumb Code     0  startup_stm32f10x_md.o(.text)
    WWDG_IRQHandler                          0x0800023b   Thumb Code     0  startup_stm32f10x_md.o(.text)
    __user_initial_stackheap                 0x0800023d   Thumb Code     0  startup_stm32f10x_md.o(.text)
    __aeabi_memcpy                           0x08000261   Thumb Code     0  rt_memcpy_v6.o(.text)
    __rt_memcpy                              0x08000261   Thumb Code   138  rt_memcpy_v6.o(.text)
    _memcpy_lastbytes                        0x080002c7   Thumb Code     0  rt_memcpy_v6.o(.text)
    __aeabi_memset                           0x080002eb   Thumb Code    16  aeabi_memset.o(.text)
    __use_two_region_memory                  0x080002fb   Thumb Code     2  heapauxi.o(.text)
    __rt_heap_escrow$2region                 0x080002fd   Thumb Code     2  heapauxi.o(.text)
    __rt_heap_expand$2region                 0x080002ff   Thumb Code     2  heapauxi.o(.text)
    __aeabi_memcpy4                          0x08000301   Thumb Code     0  rt_memcpy_w.o(.text)
    __aeabi_memcpy8                          0x08000301   Thumb Code     0  rt_memcpy_w.o(.text)
    __rt_memcpy_w                            0x08000301   Thumb Code   100  rt_memcpy_w.o(.text)
    _memcpy_lastbytes_aligned                0x08000349   Thumb Code     0  rt_memcpy_w.o(.text)
    __aeabi_memclr                           0x08000365   Thumb Code     0  rt_memclr.o(.text)
    __rt_memclr                              0x08000365   Thumb Code    68  rt_memclr.o(.text)
    _memset                                  0x08000369   Thumb Code     0  rt_memclr.o(.text)
    __aeabi_memclr4                          0x080003a9   Thumb Code     0  rt_memclr_w.o(.text)
    __aeabi_memclr8                          0x080003a9   Thumb Code     0  rt_memclr_w.o(.text)
    __rt_memclr_w                            0x080003a9   Thumb Code    78  rt_memclr_w.o(.text)
    _memset_w                                0x080003ad   Thumb Code     0  rt_memclr_w.o(.text)
    __user_setup_stackheap                   0x080003f7   Thumb Code    74  sys_stackheap_outer.o(.text)
    exit                                     0x08000441   Thumb Code    18  exit.o(.text)
    __user_libspace                          0x08000455   Thumb Code     8  libspace.o(.text)
    __user_perproc_libspace                  0x08000455   Thumb Code     0  libspace.o(.text)
    __user_perthread_libspace                0x08000455   Thumb Code     0  libspace.o(.text)
    _sys_exit                                0x0800045d   Thumb Code     8  sys_exit.o(.text)
    __I$use$semihosting                      0x08000469   Thumb Code     0  use_no_semi.o(.text)
    __use_no_semihosting_swi                 0x08000469   Thumb Code     2  use_no_semi.o(.text)
    __semihosting_library_function           0x0800046b   Thumb Code     0  indicate_semi.o(.text)
    Back_Release                             0x0800046d   Thumb Code    62  pwm.o(i.Back_Release)
    BusFault_Handler                         0x080004b9   Thumb Code     4  stm32f10x_it.o(i.BusFault_Handler)
    CAN1_Init                                0x080004bd   Thumb Code   250  can.o(i.CAN1_Init)
    CAN1_SendMesg                            0x080005c1   Thumb Code    74  can.o(i.CAN1_SendMesg)
    CAN_ClearITPendingBit                    0x08000611   Thumb Code   162  stm32f10x_can.o(i.CAN_ClearITPendingBit)
    CAN_FilterInit                           0x080006b9   Thumb Code   258  stm32f10x_can.o(i.CAN_FilterInit)
    CAN_ITConfig                             0x080007c1   Thumb Code    18  stm32f10x_can.o(i.CAN_ITConfig)
    CAN_Init                                 0x080007d3   Thumb Code   276  stm32f10x_can.o(i.CAN_Init)
    CAN_Receive                              0x080008e7   Thumb Code   240  stm32f10x_can.o(i.CAN_Receive)
    CAN_Send_Task                            0x080009d9   Thumb Code    58  processes.o(i.CAN_Send_Task)
    CAN_Transmit                             0x08000a2d   Thumb Code   294  stm32f10x_can.o(i.CAN_Transmit)
    DebugMon_Handler                         0x08000b53   Thumb Code     2  stm32f10x_it.o(i.DebugMon_Handler)
    ESC_DISABLE                              0x08000b55   Thumb Code    40  gpio.o(i.ESC_DISABLE)
    ESC_ENABLE                               0x08000b85   Thumb Code    40  gpio.o(i.ESC_ENABLE)
    ESC_Release                              0x08000bb5   Thumb Code    12  pwm.o(i.ESC_Release)
    ESC_Rest_Task                            0x08000bc1   Thumb Code    76  processes.o(i.ESC_Rest_Task)
    ESC_Status_Flash                         0x08000c11   Thumb Code    20  gpio.o(i.ESC_Status_Flash)
    EXTI2_IRQHandler                         0x08000c29   Thumb Code    22  key.o(i.EXTI2_IRQHandler)
    EXTI3_IRQHandler                         0x08000c41   Thumb Code    32  key.o(i.EXTI3_IRQHandler)
    EXTI4_IRQHandler                         0x08000c65   Thumb Code    32  key.o(i.EXTI4_IRQHandler)
    EXTI_ClearITPendingBit                   0x08000c89   Thumb Code     6  stm32f10x_exti.o(i.EXTI_ClearITPendingBit)
    EXTI_GetITStatus                         0x08000c95   Thumb Code    34  stm32f10x_exti.o(i.EXTI_GetITStatus)
    EXTI_Init                                0x08000cbd   Thumb Code   142  stm32f10x_exti.o(i.EXTI_Init)
    First_Task                               0x08000d51   Thumb Code    28  task_schedule.o(i.First_Task)
    Front_Finish                             0x08000d81   Thumb Code    28  pwm.o(i.Front_Finish)
    Front_Pressure_Down_Quick                0x08000da9   Thumb Code    46  pwm.o(i.Front_Pressure_Down_Quick)
    Front_Pressure_Down_Slow                 0x08000de5   Thumb Code    46  pwm.o(i.Front_Pressure_Down_Slow)
    Front_Pressure_Up_Quick                  0x08000e21   Thumb Code    62  pwm.o(i.Front_Pressure_Up_Quick)
    Front_Pressure_Up_Slow                   0x08000e6d   Thumb Code    62  pwm.o(i.Front_Pressure_Up_Slow)
    Front_Release                            0x08000eb9   Thumb Code    28  pwm.o(i.Front_Release)
    GPIOS_Init                               0x08000ee1   Thumb Code   118  gpio.o(i.GPIOS_Init)
    GPIO_EXTILineConfig                      0x08000f65   Thumb Code    60  stm32f10x_gpio.o(i.GPIO_EXTILineConfig)
    GPIO_Init                                0x08000fa5   Thumb Code   278  stm32f10x_gpio.o(i.GPIO_Init)
    GPIO_PinRemapConfig                      0x080010bd   Thumb Code   138  stm32f10x_gpio.o(i.GPIO_PinRemapConfig)
    GPIO_ReadOutputDataBit                   0x0800114d   Thumb Code    18  stm32f10x_gpio.o(i.GPIO_ReadOutputDataBit)
    GPIO_ResetBits                           0x0800115f   Thumb Code     4  stm32f10x_gpio.o(i.GPIO_ResetBits)
    GPIO_SetBits                             0x08001163   Thumb Code     4  stm32f10x_gpio.o(i.GPIO_SetBits)
    HardFault_Handler                        0x08001167   Thumb Code     4  stm32f10x_it.o(i.HardFault_Handler)
    Hardware_Init                            0x0800116d   Thumb Code    28  processes.o(i.Hardware_Init)
    KEY_Init                                 0x0800118d   Thumb Code   188  key.o(i.KEY_Init)
    LED1_FLASH                               0x0800124d   Thumb Code    38  gpio.o(i.LED1_FLASH)
    LED2_FLASH                               0x08001279   Thumb Code    38  gpio.o(i.LED2_FLASH)
    LED3_FLASH                               0x080012a5   Thumb Code    38  gpio.o(i.LED3_FLASH)
    MemManage_Handler                        0x080012d1   Thumb Code     4  stm32f10x_it.o(i.MemManage_Handler)
    NMI_Handler                              0x080012d5   Thumb Code     2  stm32f10x_it.o(i.NMI_Handler)
    NVIC_Init                                0x080012d9   Thumb Code   100  misc.o(i.NVIC_Init)
    NVIC_PriorityGroupConfig                 0x08001349   Thumb Code    10  misc.o(i.NVIC_PriorityGroupConfig)
    PWM_Init                                 0x0800135d   Thumb Code  1248  pwm.o(i.PWM_Init)
    PWM_Task                                 0x0800184d   Thumb Code   198  processes.o(i.PWM_Task)
    RCC_APB1PeriphClockCmd                   0x0800193d   Thumb Code    26  stm32f10x_rcc.o(i.RCC_APB1PeriphClockCmd)
    RCC_APB2PeriphClockCmd                   0x0800195d   Thumb Code    26  stm32f10x_rcc.o(i.RCC_APB2PeriphClockCmd)
    Start_Task                               0x08001a65   Thumb Code   102  task_schedule.o(i.Start_Task)
    SysTick_Handler                          0x08001b31   Thumb Code    46  port.o(i.SysTick_Handler)
    SystemInit                               0x08001b65   Thumb Code    78  system_stm32f10x.o(i.SystemInit)
    TIM_Cmd                                  0x08001bc5   Thumb Code    24  stm32f10x_tim.o(i.TIM_Cmd)
    TIM_CtrlPWMOutputs                       0x08001bdd   Thumb Code    30  stm32f10x_tim.o(i.TIM_CtrlPWMOutputs)
    TIM_OC1Init                              0x08001bfd   Thumb Code   132  stm32f10x_tim.o(i.TIM_OC1Init)
    TIM_OC1PreloadConfig                     0x08001c95   Thumb Code    18  stm32f10x_tim.o(i.TIM_OC1PreloadConfig)
    TIM_OC2Init                              0x08001ca9   Thumb Code   154  stm32f10x_tim.o(i.TIM_OC2Init)
    TIM_OC2PreloadConfig                     0x08001d4d   Thumb Code    26  stm32f10x_tim.o(i.TIM_OC2PreloadConfig)
    TIM_OC3Init                              0x08001d69   Thumb Code   150  stm32f10x_tim.o(i.TIM_OC3Init)
    TIM_OC3PreloadConfig                     0x08001e09   Thumb Code    18  stm32f10x_tim.o(i.TIM_OC3PreloadConfig)
    TIM_OC4Init                              0x08001e1d   Thumb Code   114  stm32f10x_tim.o(i.TIM_OC4Init)
    TIM_OC4PreloadConfig                     0x08001e99   Thumb Code    26  stm32f10x_tim.o(i.TIM_OC4PreloadConfig)
    TIM_SetCompare1                          0x08001eb3   Thumb Code     4  stm32f10x_tim.o(i.TIM_SetCompare1)
    TIM_SetCompare2                          0x08001eb7   Thumb Code     4  stm32f10x_tim.o(i.TIM_SetCompare2)
    TIM_SetCompare3                          0x08001ebb   Thumb Code     4  stm32f10x_tim.o(i.TIM_SetCompare3)
    TIM_SetCompare4                          0x08001ebf   Thumb Code     6  stm32f10x_tim.o(i.TIM_SetCompare4)
    TIM_TimeBaseInit                         0x08001ec5   Thumb Code   122  stm32f10x_tim.o(i.TIM_TimeBaseInit)
    Turn_on_Timing_Task                      0x08001f69   Thumb Code   406  processes.o(i.Turn_on_Timing_Task)
    USB_LP_CAN1_RX0_IRQHandler               0x0800213d   Thumb Code   296  can.o(i.USB_LP_CAN1_RX0_IRQHandler)
    UsageFault_Handler                       0x080022a5   Thumb Code     4  stm32f10x_it.o(i.UsageFault_Handler)
    main                                     0x080022a9   Thumb Code    14  main.o(i.main)
    pvPortMalloc                             0x08002be5   Thumb Code   188  heap_4.o(i.pvPortMalloc)
    pvTaskIncrementMutexHeldCount            0x08002cb5   Thumb Code    26  tasks.o(i.pvTaskIncrementMutexHeldCount)
    pxPortInitialiseStack                    0x08002cd5   Thumb Code    30  port.o(i.pxPortInitialiseStack)
    uxListRemove                             0x08002cf9   Thumb Code    40  list.o(i.uxListRemove)
    vListInitialise                          0x08002d21   Thumb Code    26  list.o(i.vListInitialise)
    vListInitialiseItem                      0x08002d3b   Thumb Code     6  list.o(i.vListInitialiseItem)
    vListInsert                              0x08002d41   Thumb Code    52  list.o(i.vListInsert)
    vListInsertEnd                           0x08002d75   Thumb Code    24  list.o(i.vListInsertEnd)
    vPortEnterCritical                       0x08002d8d   Thumb Code    30  port.o(i.vPortEnterCritical)
    vPortExitCritical                        0x08002db1   Thumb Code    28  port.o(i.vPortExitCritical)
    vPortFree                                0x08002dd1   Thumb Code    64  heap_4.o(i.vPortFree)
    vPortSetupTimerInterrupt                 0x08002e19   Thumb Code    26  port.o(i.vPortSetupTimerInterrupt)
    vQueueAddToRegistry                      0x08002e39   Thumb Code    38  queue.o(i.vQueueAddToRegistry)
    vQueueWaitForMessageRestricted           0x08002e65   Thumb Code    74  queue.o(i.vQueueWaitForMessageRestricted)
    vTaskDelay                               0x08002eb1   Thumb Code    46  tasks.o(i.vTaskDelay)
    vTaskDelete                              0x08002ee5   Thumb Code   132  tasks.o(i.vTaskDelete)
    vTaskMissedYield                         0x08002f85   Thumb Code     8  tasks.o(i.vTaskMissedYield)
    vTaskPlaceOnEventList                    0x08002f91   Thumb Code    28  tasks.o(i.vTaskPlaceOnEventList)
    vTaskPlaceOnEventListRestricted          0x08002fb1   Thumb Code    36  tasks.o(i.vTaskPlaceOnEventListRestricted)
    vTaskPriorityInherit                     0x08002fd9   Thumb Code   128  tasks.o(i.vTaskPriorityInherit)
    vTaskSetTimeOutState                     0x08003065   Thumb Code    14  tasks.o(i.vTaskSetTimeOutState)
    vTaskStartScheduler                      0x0800307d   Thumb Code    82  tasks.o(i.vTaskStartScheduler)
    vTaskSuspendAll                          0x080030ed   Thumb Code    12  tasks.o(i.vTaskSuspendAll)
    vTaskSwitchContext                       0x080030fd   Thumb Code    98  tasks.o(i.vTaskSwitchContext)
    xPortStartScheduler                      0x08003175   Thumb Code    42  port.o(i.xPortStartScheduler)
    xQueueGenericCreate                      0x080031a9   Thumb Code    56  queue.o(i.xQueueGenericCreate)
    xQueueGenericReceive                     0x080031e1   Thumb Code   342  queue.o(i.xQueueGenericReceive)
    xQueueGenericReset                       0x0800333d   Thumb Code   122  queue.o(i.xQueueGenericReset)
    xQueueGenericSend                        0x080033bd   Thumb Code   308  queue.o(i.xQueueGenericSend)
    xQueueGenericSendFromISR                 0x080034f5   Thumb Code   156  queue.o(i.xQueueGenericSendFromISR)
    xTaskCheckForTimeOut                     0x08003591   Thumb Code    84  tasks.o(i.xTaskCheckForTimeOut)
    xTaskCreate                              0x080035ed   Thumb Code    96  tasks.o(i.xTaskCreate)
    xTaskGetSchedulerState                   0x0800364d   Thumb Code    24  tasks.o(i.xTaskGetSchedulerState)
    xTaskGetTickCount                        0x0800366d   Thumb Code     6  tasks.o(i.xTaskGetTickCount)
    xTaskIncrementTick                       0x08003679   Thumb Code   236  tasks.o(i.xTaskIncrementTick)
    xTaskPriorityDisinherit                  0x08003791   Thumb Code    86  tasks.o(i.xTaskPriorityDisinherit)
    xTaskRemoveFromEventList                 0x080037f1   Thumb Code   102  tasks.o(i.xTaskRemoveFromEventList)
    xTaskResumeAll                           0x08003871   Thumb Code   194  tasks.o(i.xTaskResumeAll)
    xTimerCreateTimerTask                    0x08003959   Thumb Code    40  timers.o(i.xTimerCreateTimerTask)
    xTimerGenericCommand                     0x08003995   Thumb Code   104  timers.o(i.xTimerGenericCommand)
    Region$$Table$$Base                      0x08003a00   Number         0  anon$$obj.o(Region$$Table)
    Region$$Table$$Limit                     0x08003a20   Number         0  anon$$obj.o(Region$$Table)
    SystemCoreClock                          0x20000000   Data           4  system_stm32f10x.o(.data)
    AHBPrescTable                            0x20000004   Data          16  system_stm32f10x.o(.data)
    PWM                                      0x20000014   Data           2  can.o(.data)
    ESC_Drive_flag                           0x20000016   Data           1  can.o(.data)
    PWM_Value                                0x20000018   Data           4  can.o(.data)
    timenum                                  0x2000001c   Data           4  can.o(.data)
    CANSend                                  0x20000020   Data           8  can.o(.data)
    EBS_flag                                 0x20000028   Data           1  can.o(.data)
    Emergency_Flag                           0x20000029   Data           1  can.o(.data)
    Front_State                              0x2000002a   Data           1  can.o(.data)
    Back_State                               0x2000002b   Data           1  can.o(.data)
    Front_Count                              0x2000002c   Data           1  can.o(.data)
    Back_Count                               0x2000002d   Data           1  can.o(.data)
    ESC_Front_Switch_Flag                    0x2000002e   Data           1  can.o(.data)
    ESC_Back_Switch_Flag                     0x2000002f   Data           1  can.o(.data)
    OLD_Front_State                          0x20000030   Data           1  can.o(.data)
    OLD_Back_State                           0x20000031   Data           1  can.o(.data)
    ECU_State                                0x20000032   Data           1  can.o(.data)
    Old_ECU_State                            0x20000033   Data           1  can.o(.data)
    ECU_State_Switch_Flag                    0x20000034   Data           1  can.o(.data)
    Ros_State                                0x20000035   Data           1  can.o(.data)
    Old_Ros_State                            0x20000036   Data           1  can.o(.data)
    Ros_State_Switch_Flag                    0x20000037   Data           1  can.o(.data)
    CAN_Message                              0x20000038   Data           8  can.o(.data)
    LF_PRE                                   0x20000040   Data           2  can.o(.data)
    LB_PRE                                   0x20000042   Data           2  can.o(.data)
    RF_PRE                                   0x20000044   Data           2  can.o(.data)
    RB_PRE                                   0x20000046   Data           2  can.o(.data)
    LF_Target                                0x20000048   Data           2  can.o(.data)
    LB_Target                                0x2000004a   Data           2  can.o(.data)
    RF_Target                                0x2000004c   Data           2  can.o(.data)
    RB_Target                                0x2000004e   Data           2  can.o(.data)
    normal_mode                              0x20000050   Data           1  can.o(.data)
    pxCurrentTCB                             0x20000054   Data           4  tasks.o(.data)
    StartTask_Handler                        0x200000a4   Data           4  task_schedule.o(.data)
    CAN_SendTask_Handler                     0x200000a8   Data           4  task_schedule.o(.data)
    Turn_on_TimingTask_Handler               0x200000ac   Data           4  task_schedule.o(.data)
    State_Switch_ControlTask_Handler         0x200000b0   Data           4  task_schedule.o(.data)
    PWMTask_Handler                          0x200000b4   Data           4  task_schedule.o(.data)
    State_SwitchTask_Handler                 0x200000b8   Data           4  task_schedule.o(.data)
    ESC_RestTask_Handler                     0x200000bc   Data           4  task_schedule.o(.data)
    xQueueRegistry                           0x200000dc   Data          64  queue.o(.bss)
    __libspace_start                         0x2000160c   Data          96  libspace.o(.bss)
    __temporary_stack_top$libspace           0x2000166c   Data           0  libspace.o(.bss)



==============================================================================

Memory Map of the image

  Image Entry point : 0x080000ed

  Load Region LR_IROM1 (Base: 0x08000000, Size: 0x00003afc, Max: 0x00010000, ABSOLUTE)

    Execution Region ER_IROM1 (Exec base: 0x08000000, Load base: 0x08000000, Size: 0x00003a20, Max: 0x00010000, ABSOLUTE)

    Exec Addr    Load Addr    Size         Type   Attr      Idx    E Section Name        Object

    0x08000000   0x08000000   0x000000ec   Data   RO            3    RESET               startup_stm32f10x_md.o
    0x080000ec   0x080000ec   0x00000008   Code   RO         4727  * !!!main             c_w.l(__main.o)
    0x080000f4   0x080000f4   0x00000034   Code   RO         4903    !!!scatter          c_w.l(__scatter.o)
    0x08000128   0x08000128   0x0000001a   Code   RO         4905    !!handler_copy      c_w.l(__scatter_copy.o)
    0x08000142   0x08000142   0x00000002   PAD
    0x08000144   0x08000144   0x0000001c   Code   RO         4907    !!handler_zi        c_w.l(__scatter_zi.o)
    0x08000160   0x08000160   0x00000002   Code   RO         4771    .ARM.Collect$$libinit$$00000000  c_w.l(libinit.o)
    0x08000162   0x08000162   0x00000000   Code   RO         4778    .ARM.Collect$$libinit$$00000002  c_w.l(libinit2.o)
    0x08000162   0x08000162   0x00000000   Code   RO         4780    .ARM.Collect$$libinit$$00000004  c_w.l(libinit2.o)
    0x08000162   0x08000162   0x00000000   Code   RO         4783    .ARM.Collect$$libinit$$0000000A  c_w.l(libinit2.o)
    0x08000162   0x08000162   0x00000000   Code   RO         4785    .ARM.Collect$$libinit$$0000000C  c_w.l(libinit2.o)
    0x08000162   0x08000162   0x00000000   Code   RO         4787    .ARM.Collect$$libinit$$0000000E  c_w.l(libinit2.o)
    0x08000162   0x08000162   0x00000000   Code   RO         4790    .ARM.Collect$$libinit$$00000011  c_w.l(libinit2.o)
    0x08000162   0x08000162   0x00000000   Code   RO         4792    .ARM.Collect$$libinit$$00000013  c_w.l(libinit2.o)
    0x08000162   0x08000162   0x00000000   Code   RO         4794    .ARM.Collect$$libinit$$00000015  c_w.l(libinit2.o)
    0x08000162   0x08000162   0x00000000   Code   RO         4796    .ARM.Collect$$libinit$$00000017  c_w.l(libinit2.o)
    0x08000162   0x08000162   0x00000000   Code   RO         4798    .ARM.Collect$$libinit$$00000019  c_w.l(libinit2.o)
    0x08000162   0x08000162   0x00000000   Code   RO         4800    .ARM.Collect$$libinit$$0000001B  c_w.l(libinit2.o)
    0x08000162   0x08000162   0x00000000   Code   RO         4802    .ARM.Collect$$libinit$$0000001D  c_w.l(libinit2.o)
    0x08000162   0x08000162   0x00000000   Code   RO         4804    .ARM.Collect$$libinit$$0000001F  c_w.l(libinit2.o)
    0x08000162   0x08000162   0x00000000   Code   RO         4806    .ARM.Collect$$libinit$$00000021  c_w.l(libinit2.o)
    0x08000162   0x08000162   0x00000000   Code   RO         4808    .ARM.Collect$$libinit$$00000023  c_w.l(libinit2.o)
    0x08000162   0x08000162   0x00000000   Code   RO         4810    .ARM.Collect$$libinit$$00000025  c_w.l(libinit2.o)
    0x08000162   0x08000162   0x00000000   Code   RO         4814    .ARM.Collect$$libinit$$0000002C  c_w.l(libinit2.o)
    0x08000162   0x08000162   0x00000000   Code   RO         4816    .ARM.Collect$$libinit$$0000002E  c_w.l(libinit2.o)
    0x08000162   0x08000162   0x00000000   Code   RO         4818    .ARM.Collect$$libinit$$00000030  c_w.l(libinit2.o)
    0x08000162   0x08000162   0x00000000   Code   RO         4820    .ARM.Collect$$libinit$$00000032  c_w.l(libinit2.o)
    0x08000162   0x08000162   0x00000002   Code   RO         4821    .ARM.Collect$$libinit$$00000033  c_w.l(libinit2.o)
    0x08000164   0x08000164   0x00000002   Code   RO         4841    .ARM.Collect$$libshutdown$$00000000  c_w.l(libshutdown.o)
    0x08000166   0x08000166   0x00000000   Code   RO         4854    .ARM.Collect$$libshutdown$$00000002  c_w.l(libshutdown2.o)
    0x08000166   0x08000166   0x00000000   Code   RO         4856    .ARM.Collect$$libshutdown$$00000004  c_w.l(libshutdown2.o)
    0x08000166   0x08000166   0x00000000   Code   RO         4858    .ARM.Collect$$libshutdown$$00000006  c_w.l(libshutdown2.o)
    0x08000166   0x08000166   0x00000000   Code   RO         4861    .ARM.Collect$$libshutdown$$00000009  c_w.l(libshutdown2.o)
    0x08000166   0x08000166   0x00000000   Code   RO         4864    .ARM.Collect$$libshutdown$$0000000C  c_w.l(libshutdown2.o)
    0x08000166   0x08000166   0x00000000   Code   RO         4866    .ARM.Collect$$libshutdown$$0000000E  c_w.l(libshutdown2.o)
    0x08000166   0x08000166   0x00000000   Code   RO         4869    .ARM.Collect$$libshutdown$$00000011  c_w.l(libshutdown2.o)
    0x08000166   0x08000166   0x00000002   Code   RO         4870    .ARM.Collect$$libshutdown$$00000012  c_w.l(libshutdown2.o)
    0x08000168   0x08000168   0x00000000   Code   RO         4729    .ARM.Collect$$rtentry$$00000000  c_w.l(__rtentry.o)
    0x08000168   0x08000168   0x00000000   Code   RO         4744    .ARM.Collect$$rtentry$$00000002  c_w.l(__rtentry2.o)
    0x08000168   0x08000168   0x00000006   Code   RO         4756    .ARM.Collect$$rtentry$$00000004  c_w.l(__rtentry4.o)
    0x0800016e   0x0800016e   0x00000000   Code   RO         4746    .ARM.Collect$$rtentry$$00000009  c_w.l(__rtentry2.o)
    0x0800016e   0x0800016e   0x00000004   Code   RO         4747    .ARM.Collect$$rtentry$$0000000A  c_w.l(__rtentry2.o)
    0x08000172   0x08000172   0x00000000   Code   RO         4749    .ARM.Collect$$rtentry$$0000000C  c_w.l(__rtentry2.o)
    0x08000172   0x08000172   0x00000008   Code   RO         4750    .ARM.Collect$$rtentry$$0000000D  c_w.l(__rtentry2.o)
    0x0800017a   0x0800017a   0x00000002   Code   RO         4775    .ARM.Collect$$rtexit$$00000000  c_w.l(rtexit.o)
    0x0800017c   0x0800017c   0x00000000   Code   RO         4823    .ARM.Collect$$rtexit$$00000002  c_w.l(rtexit2.o)
    0x0800017c   0x0800017c   0x00000004   Code   RO         4824    .ARM.Collect$$rtexit$$00000003  c_w.l(rtexit2.o)
    0x08000180   0x08000180   0x00000006   Code   RO         4825    .ARM.Collect$$rtexit$$00000004  c_w.l(rtexit2.o)
    0x08000186   0x08000186   0x00000002   PAD
    0x08000188   0x08000188   0x00000096   Code   RO         4611    .emb_text           port.o
    0x0800021e   0x0800021e   0x00000002   PAD
    0x08000220   0x08000220   0x00000040   Code   RO            4    .text               startup_stm32f10x_md.o
    0x08000260   0x08000260   0x0000008a   Code   RO         4721    .text               c_w.l(rt_memcpy_v6.o)
    0x080002ea   0x080002ea   0x00000010   Code   RO         4723    .text               c_w.l(aeabi_memset.o)
    0x080002fa   0x080002fa   0x00000006   Code   RO         4725    .text               c_w.l(heapauxi.o)
    0x08000300   0x08000300   0x00000064   Code   RO         4739    .text               c_w.l(rt_memcpy_w.o)
    0x08000364   0x08000364   0x00000044   Code   RO         4741    .text               c_w.l(rt_memclr.o)
    0x080003a8   0x080003a8   0x0000004e   Code   RO         4760    .text               c_w.l(rt_memclr_w.o)
    0x080003f6   0x080003f6   0x0000004a   Code   RO         4762    .text               c_w.l(sys_stackheap_outer.o)
    0x08000440   0x08000440   0x00000012   Code   RO         4764    .text               c_w.l(exit.o)
    0x08000452   0x08000452   0x00000002   PAD
    0x08000454   0x08000454   0x00000008   Code   RO         4772    .text               c_w.l(libspace.o)
    0x0800045c   0x0800045c   0x0000000c   Code   RO         4833    .text               c_w.l(sys_exit.o)
    0x08000468   0x08000468   0x00000002   Code   RO         4844    .text               c_w.l(use_no_semi.o)
    0x0800046a   0x0800046a   0x00000000   Code   RO         4846    .text               c_w.l(indicate_semi.o)
    0x0800046a   0x0800046a   0x00000002   PAD
    0x0800046c   0x0800046c   0x0000004c   Code   RO         3387    i.Back_Release      pwm.o
    0x080004b8   0x080004b8   0x00000004   Code   RO         4517    i.BusFault_Handler  stm32f10x_it.o
    0x080004bc   0x080004bc   0x00000104   Code   RO         3500    i.CAN1_Init         can.o
    0x080005c0   0x080005c0   0x00000050   Code   RO         3501    i.CAN1_SendMesg     can.o
    0x08000610   0x08000610   0x000000a8   Code   RO          507    i.CAN_ClearITPendingBit  stm32f10x_can.o
    0x080006b8   0x080006b8   0x00000108   Code   RO          511    i.CAN_FilterInit    stm32f10x_can.o
    0x080007c0   0x080007c0   0x00000012   Code   RO          517    i.CAN_ITConfig      stm32f10x_can.o
    0x080007d2   0x080007d2   0x00000114   Code   RO          518    i.CAN_Init          stm32f10x_can.o
    0x080008e6   0x080008e6   0x000000f0   Code   RO          521    i.CAN_Receive       stm32f10x_can.o
    0x080009d6   0x080009d6   0x00000002   PAD
    0x080009d8   0x080009d8   0x00000054   Code   RO         4417    i.CAN_Send_Task     processes.o
    0x08000a2c   0x08000a2c   0x00000126   Code   RO          526    i.CAN_Transmit      stm32f10x_can.o
    0x08000b52   0x08000b52   0x00000002   Code   RO         4518    i.DebugMon_Handler  stm32f10x_it.o
    0x08000b54   0x08000b54   0x00000030   Code   RO         3221    i.ESC_DISABLE       gpio.o
    0x08000b84   0x08000b84   0x00000030   Code   RO         3223    i.ESC_ENABLE        gpio.o
    0x08000bb4   0x08000bb4   0x0000000c   Code   RO         3388    i.ESC_Release       pwm.o
    0x08000bc0   0x08000bc0   0x00000050   Code   RO         4418    i.ESC_Rest_Task     processes.o
    0x08000c10   0x08000c10   0x00000018   Code   RO         3224    i.ESC_Status_Flash  gpio.o
    0x08000c28   0x08000c28   0x00000016   Code   RO         3467    i.EXTI2_IRQHandler  key.o
    0x08000c3e   0x08000c3e   0x00000002   PAD
    0x08000c40   0x08000c40   0x00000024   Code   RO         3468    i.EXTI3_IRQHandler  key.o
    0x08000c64   0x08000c64   0x00000024   Code   RO         3469    i.EXTI4_IRQHandler  key.o
    0x08000c88   0x08000c88   0x0000000c   Code   RO          985    i.EXTI_ClearITPendingBit  stm32f10x_exti.o
    0x08000c94   0x08000c94   0x00000028   Code   RO          989    i.EXTI_GetITStatus  stm32f10x_exti.o
    0x08000cbc   0x08000cbc   0x00000094   Code   RO          990    i.EXTI_Init         stm32f10x_exti.o
    0x08000d50   0x08000d50   0x00000030   Code   RO         4484    i.First_Task        task_schedule.o
    0x08000d80   0x08000d80   0x00000028   Code   RO         3389    i.Front_Finish      pwm.o
    0x08000da8   0x08000da8   0x0000003c   Code   RO         3390    i.Front_Pressure_Down_Quick  pwm.o
    0x08000de4   0x08000de4   0x0000003c   Code   RO         3391    i.Front_Pressure_Down_Slow  pwm.o
    0x08000e20   0x08000e20   0x0000004c   Code   RO         3392    i.Front_Pressure_Up_Quick  pwm.o
    0x08000e6c   0x08000e6c   0x0000004c   Code   RO         3393    i.Front_Pressure_Up_Slow  pwm.o
    0x08000eb8   0x08000eb8   0x00000028   Code   RO         3394    i.Front_Release     pwm.o
    0x08000ee0   0x08000ee0   0x00000084   Code   RO         3225    i.GPIOS_Init        gpio.o
    0x08000f64   0x08000f64   0x00000040   Code   RO         1344    i.GPIO_EXTILineConfig  stm32f10x_gpio.o
    0x08000fa4   0x08000fa4   0x00000116   Code   RO         1347    i.GPIO_Init         stm32f10x_gpio.o
    0x080010ba   0x080010ba   0x00000002   PAD
    0x080010bc   0x080010bc   0x00000090   Code   RO         1349    i.GPIO_PinRemapConfig  stm32f10x_gpio.o
    0x0800114c   0x0800114c   0x00000012   Code   RO         1353    i.GPIO_ReadOutputDataBit  stm32f10x_gpio.o
    0x0800115e   0x0800115e   0x00000004   Code   RO         1354    i.GPIO_ResetBits    stm32f10x_gpio.o
    0x08001162   0x08001162   0x00000004   Code   RO         1355    i.GPIO_SetBits      stm32f10x_gpio.o
    0x08001166   0x08001166   0x00000004   Code   RO         4519    i.HardFault_Handler  stm32f10x_it.o
    0x0800116a   0x0800116a   0x00000002   PAD
    0x0800116c   0x0800116c   0x00000020   Code   RO         4419    i.Hardware_Init     processes.o
    0x0800118c   0x0800118c   0x000000c0   Code   RO         3470    i.KEY_Init          key.o
    0x0800124c   0x0800124c   0x0000002c   Code   RO         3226    i.LED1_FLASH        gpio.o
    0x08001278   0x08001278   0x0000002c   Code   RO         3229    i.LED2_FLASH        gpio.o
    0x080012a4   0x080012a4   0x0000002c   Code   RO         3232    i.LED3_FLASH        gpio.o
    0x080012d0   0x080012d0   0x00000004   Code   RO         4520    i.MemManage_Handler  stm32f10x_it.o
    0x080012d4   0x080012d4   0x00000002   Code   RO         4521    i.NMI_Handler       stm32f10x_it.o
    0x080012d6   0x080012d6   0x00000002   PAD
    0x080012d8   0x080012d8   0x00000070   Code   RO          137    i.NVIC_Init         misc.o
    0x08001348   0x08001348   0x00000014   Code   RO          138    i.NVIC_PriorityGroupConfig  misc.o
    0x0800135c   0x0800135c   0x000004f0   Code   RO         3395    i.PWM_Init          pwm.o
    0x0800184c   0x0800184c   0x000000f0   Code   RO         4420    i.PWM_Task          processes.o
    0x0800193c   0x0800193c   0x00000020   Code   RO         1775    i.RCC_APB1PeriphClockCmd  stm32f10x_rcc.o
    0x0800195c   0x0800195c   0x00000020   Code   RO         1777    i.RCC_APB2PeriphClockCmd  stm32f10x_rcc.o
    0x0800197c   0x0800197c   0x00000008   Code   RO           24    i.SetSysClock       system_stm32f10x.o
    0x08001984   0x08001984   0x000000e0   Code   RO           25    i.SetSysClockTo72   system_stm32f10x.o
    0x08001a64   0x08001a64   0x000000cc   Code   RO         4485    i.Start_Task        task_schedule.o
    0x08001b30   0x08001b30   0x00000034   Code   RO         4612    i.SysTick_Handler   port.o
    0x08001b64   0x08001b64   0x00000060   Code   RO           27    i.SystemInit        system_stm32f10x.o
    0x08001bc4   0x08001bc4   0x00000018   Code   RO         2421    i.TIM_Cmd           stm32f10x_tim.o
    0x08001bdc   0x08001bdc   0x0000001e   Code   RO         2423    i.TIM_CtrlPWMOutputs  stm32f10x_tim.o
    0x08001bfa   0x08001bfa   0x00000002   PAD
    0x08001bfc   0x08001bfc   0x00000098   Code   RO         2450    i.TIM_OC1Init       stm32f10x_tim.o
    0x08001c94   0x08001c94   0x00000012   Code   RO         2453    i.TIM_OC1PreloadConfig  stm32f10x_tim.o
    0x08001ca6   0x08001ca6   0x00000002   PAD
    0x08001ca8   0x08001ca8   0x000000a4   Code   RO         2455    i.TIM_OC2Init       stm32f10x_tim.o
    0x08001d4c   0x08001d4c   0x0000001a   Code   RO         2458    i.TIM_OC2PreloadConfig  stm32f10x_tim.o
    0x08001d66   0x08001d66   0x00000002   PAD
    0x08001d68   0x08001d68   0x000000a0   Code   RO         2460    i.TIM_OC3Init       stm32f10x_tim.o
    0x08001e08   0x08001e08   0x00000012   Code   RO         2463    i.TIM_OC3PreloadConfig  stm32f10x_tim.o
    0x08001e1a   0x08001e1a   0x00000002   PAD
    0x08001e1c   0x08001e1c   0x0000007c   Code   RO         2465    i.TIM_OC4Init       stm32f10x_tim.o
    0x08001e98   0x08001e98   0x0000001a   Code   RO         2467    i.TIM_OC4PreloadConfig  stm32f10x_tim.o
    0x08001eb2   0x08001eb2   0x00000004   Code   RO         2482    i.TIM_SetCompare1   stm32f10x_tim.o
    0x08001eb6   0x08001eb6   0x00000004   Code   RO         2483    i.TIM_SetCompare2   stm32f10x_tim.o
    0x08001eba   0x08001eba   0x00000004   Code   RO         2484    i.TIM_SetCompare3   stm32f10x_tim.o
    0x08001ebe   0x08001ebe   0x00000006   Code   RO         2485    i.TIM_SetCompare4   stm32f10x_tim.o
    0x08001ec4   0x08001ec4   0x000000a4   Code   RO         2492    i.TIM_TimeBaseInit  stm32f10x_tim.o
    0x08001f68   0x08001f68   0x000001d4   Code   RO         4423    i.Turn_on_Timing_Task  processes.o
    0x0800213c   0x0800213c   0x00000168   Code   RO         3502    i.USB_LP_CAN1_RX0_IRQHandler  can.o
    0x080022a4   0x080022a4   0x00000004   Code   RO         4522    i.UsageFault_Handler  stm32f10x_it.o
    0x080022a8   0x080022a8   0x0000000e   Code   RO         4505    i.main              main.o
    0x080022b6   0x080022b6   0x00000002   PAD
    0x080022b8   0x080022b8   0x0000007c   Code   RO         3923    i.prvAddCurrentTaskToDelayedList  tasks.o
    0x08002334   0x08002334   0x000000b8   Code   RO         3924    i.prvAddNewTaskToReadyList  tasks.o
    0x080023ec   0x080023ec   0x00000064   Code   RO         4287    i.prvCheckForValidListAndQueue  timers.o
    0x08002450   0x08002450   0x00000064   Code   RO         3925    i.prvCheckTasksWaitingTermination  tasks.o
    0x080024b4   0x080024b4   0x0000002a   Code   RO         3687    i.prvCopyDataFromQueue  queue.o
    0x080024de   0x080024de   0x0000007c   Code   RO         3688    i.prvCopyDataToQueue  queue.o
    0x0800255a   0x0800255a   0x00000012   Code   RO         3926    i.prvDeleteTCB      tasks.o
    0x0800256c   0x0800256c   0x00000028   Code   RO         4288    i.prvGetNextExpireTime  timers.o
    0x08002594   0x08002594   0x0000007c   Code   RO         4562    i.prvHeapInit       heap_4.o
    0x08002610   0x08002610   0x00000028   Code   RO         3927    i.prvIdleTask       tasks.o
    0x08002638   0x08002638   0x0000002e   Code   RO         3690    i.prvInitialiseNewQueue  queue.o
    0x08002666   0x08002666   0x00000090   Code   RO         3928    i.prvInitialiseNewTask  tasks.o
    0x080026f6   0x080026f6   0x00000002   PAD
    0x080026f8   0x080026f8   0x00000068   Code   RO         3929    i.prvInitialiseTaskLists  tasks.o
    0x08002760   0x08002760   0x00000068   Code   RO         4563    i.prvInsertBlockIntoFreeList  heap_4.o
    0x080027c8   0x080027c8   0x00000058   Code   RO         4290    i.prvInsertTimerInActiveList  timers.o
    0x08002820   0x08002820   0x0000001a   Code   RO         3691    i.prvIsQueueEmpty   queue.o
    0x0800283a   0x0800283a   0x0000001e   Code   RO         3692    i.prvIsQueueFull    queue.o
    0x08002858   0x08002858   0x00000052   Code   RO         3693    i.prvNotifyQueueSetContainer  queue.o
    0x080028aa   0x080028aa   0x00000002   PAD
    0x080028ac   0x080028ac   0x0000004c   Code   RO         4291    i.prvProcessExpiredTimer  timers.o
    0x080028f8   0x080028f8   0x000000d0   Code   RO         4292    i.prvProcessReceivedCommands  timers.o
    0x080029c8   0x080029c8   0x00000074   Code   RO         4293    i.prvProcessTimerOrBlockTask  timers.o
    0x08002a3c   0x08002a3c   0x00000034   Code   RO         3931    i.prvResetNextTaskUnblockTime  tasks.o
    0x08002a70   0x08002a70   0x0000002c   Code   RO         4294    i.prvSampleTimeNow  timers.o
    0x08002a9c   0x08002a9c   0x00000084   Code   RO         4295    i.prvSwitchTimerLists  timers.o
    0x08002b20   0x08002b20   0x00000016   Code   RO         4613    i.prvTaskExitError  port.o
    0x08002b36   0x08002b36   0x0000001a   Code   RO         4296    i.prvTimerTask      timers.o
    0x08002b50   0x08002b50   0x00000092   Code   RO         3694    i.prvUnlockQueue    queue.o
    0x08002be2   0x08002be2   0x00000002   PAD
    0x08002be4   0x08002be4   0x000000d0   Code   RO         4564    i.pvPortMalloc      heap_4.o
    0x08002cb4   0x08002cb4   0x00000020   Code   RO         3935    i.pvTaskIncrementMutexHeldCount  tasks.o
    0x08002cd4   0x08002cd4   0x00000024   Code   RO         4614    i.pxPortInitialiseStack  port.o
    0x08002cf8   0x08002cf8   0x00000028   Code   RO         3650    i.uxListRemove      list.o
    0x08002d20   0x08002d20   0x0000001a   Code   RO         3651    i.vListInitialise   list.o
    0x08002d3a   0x08002d3a   0x00000006   Code   RO         3652    i.vListInitialiseItem  list.o
    0x08002d40   0x08002d40   0x00000034   Code   RO         3653    i.vListInsert       list.o
    0x08002d74   0x08002d74   0x00000018   Code   RO         3654    i.vListInsertEnd    list.o
    0x08002d8c   0x08002d8c   0x00000024   Code   RO         4616    i.vPortEnterCritical  port.o
    0x08002db0   0x08002db0   0x00000020   Code   RO         4617    i.vPortExitCritical  port.o
    0x08002dd0   0x08002dd0   0x00000048   Code   RO         4565    i.vPortFree         heap_4.o
    0x08002e18   0x08002e18   0x00000020   Code   RO         4618    i.vPortSetupTimerInterrupt  port.o
    0x08002e38   0x08002e38   0x0000002c   Code   RO         3700    i.vQueueAddToRegistry  queue.o
    0x08002e64   0x08002e64   0x0000004a   Code   RO         3704    i.vQueueWaitForMessageRestricted  queue.o
    0x08002eae   0x08002eae   0x00000002   PAD
    0x08002eb0   0x08002eb0   0x00000034   Code   RO         3943    i.vTaskDelay        tasks.o
    0x08002ee4   0x08002ee4   0x000000a0   Code   RO         3945    i.vTaskDelete       tasks.o
    0x08002f84   0x08002f84   0x0000000c   Code   RO         3949    i.vTaskMissedYield  tasks.o
    0x08002f90   0x08002f90   0x00000020   Code   RO         3951    i.vTaskPlaceOnEventList  tasks.o
    0x08002fb0   0x08002fb0   0x00000028   Code   RO         3952    i.vTaskPlaceOnEventListRestricted  tasks.o
    0x08002fd8   0x08002fd8   0x0000008c   Code   RO         3954    i.vTaskPriorityInherit  tasks.o
    0x08003064   0x08003064   0x00000018   Code   RO         3958    i.vTaskSetTimeOutState  tasks.o
    0x0800307c   0x0800307c   0x00000070   Code   RO         3959    i.vTaskStartScheduler  tasks.o
    0x080030ec   0x080030ec   0x00000010   Code   RO         3961    i.vTaskSuspendAll   tasks.o
    0x080030fc   0x080030fc   0x00000078   Code   RO         3962    i.vTaskSwitchContext  tasks.o
    0x08003174   0x08003174   0x00000034   Code   RO         4619    i.xPortStartScheduler  port.o
    0x080031a8   0x080031a8   0x00000038   Code   RO         3709    i.xQueueGenericCreate  queue.o
    0x080031e0   0x080031e0   0x0000015c   Code   RO         3710    i.xQueueGenericReceive  queue.o
    0x0800333c   0x0800333c   0x00000080   Code   RO         3711    i.xQueueGenericReset  queue.o
    0x080033bc   0x080033bc   0x00000138   Code   RO         3712    i.xQueueGenericSend  queue.o
    0x080034f4   0x080034f4   0x0000009c   Code   RO         3713    i.xQueueGenericSendFromISR  queue.o
    0x08003590   0x08003590   0x0000005c   Code   RO         3963    i.xTaskCheckForTimeOut  tasks.o
    0x080035ec   0x080035ec   0x00000060   Code   RO         3964    i.xTaskCreate       tasks.o
    0x0800364c   0x0800364c   0x00000020   Code   RO         3968    i.xTaskGetSchedulerState  tasks.o
    0x0800366c   0x0800366c   0x0000000c   Code   RO         3969    i.xTaskGetTickCount  tasks.o
    0x08003678   0x08003678   0x00000118   Code   RO         3971    i.xTaskIncrementTick  tasks.o
    0x08003790   0x08003790   0x00000060   Code   RO         3974    i.xTaskPriorityDisinherit  tasks.o
    0x080037f0   0x080037f0   0x00000080   Code   RO         3975    i.xTaskRemoveFromEventList  tasks.o
    0x08003870   0x08003870   0x000000e8   Code   RO         3977    i.xTaskResumeAll    tasks.o
    0x08003958   0x08003958   0x0000003c   Code   RO         4300    i.xTimerCreateTimerTask  timers.o
    0x08003994   0x08003994   0x0000006c   Code   RO         4301    i.xTimerGenericCommand  timers.o
    0x08003a00   0x08003a00   0x00000020   Data   RO         4901    Region$$Table       anon$$obj.o


    Execution Region RW_IRAM1 (Exec base: 0x20000000, Load base: 0x08003a20, Size: 0x00001c70, Max: 0x00005000, ABSOLUTE)

    Exec Addr    Load Addr    Size         Type   Attr      Idx    E Section Name        Object

    0x20000000   0x08003a20   0x00000014   Data   RW           28    .data               system_stm32f10x.o
    0x20000014   0x08003a34   0x0000003d   Data   RW         3503    .data               can.o
    0x20000051   0x08003a71   0x00000003   PAD
    0x20000054   0x08003a74   0x0000003c   Data   RW         3980    .data               tasks.o
    0x20000090   0x08003ab0   0x00000014   Data   RW         4309    .data               timers.o
    0x200000a4   0x08003ac4   0x0000001c   Data   RW         4486    .data               task_schedule.o
    0x200000c0   0x08003ae0   0x00000018   Data   RW         4570    .data               heap_4.o
    0x200000d8   0x08003af8   0x00000004   Data   RW         4620    .data               port.o
    0x200000dc        -       0x00000040   Zero   RW         3724    .bss                queue.o
    0x2000011c        -       0x000000c8   Zero   RW         3979    .bss                tasks.o
    0x200001e4        -       0x00000028   Zero   RW         4308    .bss                timers.o
    0x2000020c        -       0x00001400   Zero   RW         4569    .bss                heap_4.o
    0x2000160c        -       0x00000060   Zero   RW         4773    .bss                c_w.l(libspace.o)
    0x2000166c   0x08003afc   0x00000004   PAD
    0x20001670        -       0x00000200   Zero   RW            2    HEAP                startup_stm32f10x_md.o
    0x20001870        -       0x00000400   Zero   RW            1    STACK               startup_stm32f10x_md.o


==============================================================================

Image component sizes


      Code (inc. data)   RO Data    RW Data    ZI Data      Debug   Object Name

       700         80          0         61          0       3728   can.o
         0          0          0          0          0       4540   core_cm3.o
         0          0          0          0          0      11244   event_groups.o
       384         52          0          0          0      12362   gpio.o
       508         62          0         24       5120       3511   heap_4.o
       286         12          0          0          0       1840   key.o
       148          0          0          0          0       2834   list.o
        14          0          0          0          0        407   main.o
       132         22          0          0          0     214927   misc.o
       412         50          0          4          0       8184   port.o
       904        138          0          0          0       2681   processes.o
      1704        142          0          0          0       4601   pwm.o
      1614         22          0          0         64      14597   queue.o
        64         26        236          0       1536        792   startup_stm32f10x_md.o
         0          0          0          0          0       1624   stm32f10x_adc.o
      1260         12          0          0          0      12696   stm32f10x_can.o
       200         18          0          0          0       3936   stm32f10x_exti.o
       512         10          0          0          0      12913   stm32f10x_gpio.o
        20          0          0          0          0       2321   stm32f10x_it.o
        64         12          0          0          0       1010   stm32f10x_rcc.o
       924         92          0          0          0      28850   stm32f10x_tim.o
       328         28          0         20          0      30541   system_stm32f10x.o
       252        122          0         28          0       1525   task_schedule.o
      2474        390          0         60        200      26687   tasks.o
       998        114          0         20         40       7951   timers.o

    ----------------------------------------------------------------------
     13932       1404        268        220       6960     416302   Object Totals
         0          0         32          0          0          0   (incl. Generated)
        30          0          0          3          0          0   (incl. Padding)

    ----------------------------------------------------------------------

      Code (inc. data)   RO Data    RW Data    ZI Data      Debug   Library Member Name

         8          0          0          0          0         68   __main.o
         0          0          0          0          0          0   __rtentry.o
        12          0          0          0          0          0   __rtentry2.o
         6          0          0          0          0          0   __rtentry4.o
        52          8          0          0          0          0   __scatter.o
        26          0          0          0          0          0   __scatter_copy.o
        28          0          0          0          0          0   __scatter_zi.o
        16          0          0          0          0         68   aeabi_memset.o
        18          0          0          0          0         80   exit.o
         6          0          0          0          0        152   heapauxi.o
         0          0          0          0          0          0   indicate_semi.o
         2          0          0          0          0          0   libinit.o
         2          0          0          0          0          0   libinit2.o
         2          0          0          0          0          0   libshutdown.o
         2          0          0          0          0          0   libshutdown2.o
         8          4          0          0         96         68   libspace.o
        68          0          0          0          0         68   rt_memclr.o
        78          0          0          0          0         80   rt_memclr_w.o
       138          0          0          0          0         68   rt_memcpy_v6.o
       100          0          0          0          0         80   rt_memcpy_w.o
         2          0          0          0          0          0   rtexit.o
        10          0          0          0          0          0   rtexit2.o
        12          4          0          0          0         68   sys_exit.o
        74          0          0          0          0         80   sys_stackheap_outer.o
         2          0          0          0          0         68   use_no_semi.o

    ----------------------------------------------------------------------
       680         16          0          0        100        948   Library Totals
         8          0          0          0          4          0   (incl. Padding)

    ----------------------------------------------------------------------

      Code (inc. data)   RO Data    RW Data    ZI Data      Debug   Library Name

       672         16          0          0         96        948   c_w.l

    ----------------------------------------------------------------------
       680         16          0          0        100        948   Library Totals

    ----------------------------------------------------------------------

==============================================================================


      Code (inc. data)   RO Data    RW Data    ZI Data      Debug   

     14612       1420        268        220       7060     409602   Grand Totals
     14612       1420        268        220       7060     409602   ELF Image Totals
     14612       1420        268        220          0          0   ROM Totals

==============================================================================

    Total RO  Size (Code + RO Data)                14880 (  14.53kB)
    Total RW  Size (RW Data + ZI Data)              7280 (   7.11kB)
    Total ROM Size (Code + RO Data + RW Data)      15100 (  14.75kB)

==============================================================================

