<html>
<body>
<pre>
<h1>礦ision Build Log</h1>
<h2>Project:</h2>
D:\car\m3\STM32PZ6806L-ILI9341\实验程序\库函数版\实验9：PWM呼吸灯\工程模板\Template.uvproj
Project File Date:  03/27/2017

<h2>Output:</h2>
Build target 'Target 1'
compiling main.c...
compiling pwm.c...
linking...
Program Size: Code=8036 RO-data=336 RW-data=44 ZI-data=1636  
FromELF: creating hex file...
".\output\工程模板.axf" - 0 Errors, 0 Warning(s).
Build target 'Target 1'
compiling main.c...
linking...
Program Size: Code=8036 RO-data=336 RW-data=44 ZI-data=1636  
FromELF: creating hex file...
".\output\工程模板.axf" - 0 Errors, 0 Warning(s).
Build target 'Target 1'
compiling pwm.c...
linking...
Program Size: Code=8032 RO-data=336 RW-data=44 ZI-data=1636  
FromELF: creating hex file...
".\output\工程模板.axf" - 0 Errors, 0 Warning(s).
Build target 'Target 1'
compiling main.c...
linking...
Program Size: Code=8032 RO-data=336 RW-data=44 ZI-data=1636  
FromELF: creating hex file...
".\output\工程模板.axf" - 0 Errors, 0 Warning(s).
Build target 'Target 1'
compiling main.c...
linking...
Program Size: Code=8032 RO-data=336 RW-data=44 ZI-data=1636  
FromELF: creating hex file...
".\output\工程模板.axf" - 0 Errors, 0 Warning(s).
Build target 'Target 1'
compiling main.c...
linking...
Program Size: Code=8032 RO-data=336 RW-data=44 ZI-data=1636  
FromELF: creating hex file...
".\output\工程模板.axf" - 0 Errors, 0 Warning(s).
Build target 'Target 1'
compiling main.c...
compiling pwm.c...
linking...
Program Size: Code=8036 RO-data=336 RW-data=44 ZI-data=1636  
FromELF: creating hex file...
".\output\工程模板.axf" - 0 Errors, 0 Warning(s).
Build target 'Target 1'
compiling main.c...
linking...
Program Size: Code=8036 RO-data=336 RW-data=44 ZI-data=1636  
FromELF: creating hex file...
".\output\工程模板.axf" - 0 Errors, 0 Warning(s).
Build target 'Target 1'
compiling main.c...
linking...
Program Size: Code=8036 RO-data=336 RW-data=44 ZI-data=1636  
FromELF: creating hex file...
".\output\工程模板.axf" - 0 Errors, 0 Warning(s).
Build target 'Target 1'
compiling main.c...
linking...
Program Size: Code=8036 RO-data=336 RW-data=44 ZI-data=1636  
FromELF: creating hex file...
".\output\工程模板.axf" - 0 Errors, 0 Warning(s).
